Archive member included to satisfy reference by file (symbol)

C:/Users/Chris/Desktop/2Q/a/devkitPro/libctru/lib\libcitro2d.a(base.o)
                              main.o (C2D_Init)
C:/Users/Chris/Desktop/2Q/a/devkitPro/libctru/lib\libcitro2d.a(spritesheet.o)
                              main.o (C2D_SpriteSheetLoad)
C:/Users/Chris/Desktop/2Q/a/devkitPro/libctru/lib\libcitro2d.a(render2d.shbin.o)
                              C:/Users/Chris/Desktop/2Q/a/devkitPro/libctru/lib\libcitro2d.a(base.o) (render2d_shbin)
C:/Users/Chris/Desktop/2Q/a/devkitPro/libctru/lib\libcitro3d.a(base.o)
                              main.o (C3D_Init)
C:/Users/Chris/Desktop/2Q/a/devkitPro/libctru/lib\libcitro3d.a(renderqueue.o)
                              C:/Users/Chris/Desktop/2Q/a/devkitPro/libctru/lib\libcitro3d.a(base.o) (C3Di_RenderQueueEnableVBlank)
C:/Users/Chris/Desktop/2Q/a/devkitPro/libctru/lib\libcitro3d.a(texture.o)
                              C:/Users/Chris/Desktop/2Q/a/devkitPro/libctru/lib\libcitro2d.a(base.o) (C3D_TexBind)
C:/Users/Chris/Desktop/2Q/a/devkitPro/libctru/lib\libcitro3d.a(tex3ds.o)
                              C:/Users/Chris/Desktop/2Q/a/devkitPro/libctru/lib\libcitro2d.a(spritesheet.o) (Tex3DS_TextureImport)
C:/Users/Chris/Desktop/2Q/a/devkitPro/libctru/lib\libcitro3d.a(framebuffer.o)
                              C:/Users/Chris/Desktop/2Q/a/devkitPro/libctru/lib\libcitro3d.a(renderqueue.o) (C3D_CalcColorBufSize)
C:/Users/Chris/Desktop/2Q/a/devkitPro/libctru/lib\libcitro3d.a(texenv.o)
                              C:/Users/Chris/Desktop/2Q/a/devkitPro/libctru/lib\libcitro2d.a(base.o) (C3D_GetTexEnv)
C:/Users/Chris/Desktop/2Q/a/devkitPro/libctru/lib\libcitro3d.a(drawElements.o)
                              C:/Users/Chris/Desktop/2Q/a/devkitPro/libctru/lib\libcitro2d.a(base.o) (C3D_DrawElements)
C:/Users/Chris/Desktop/2Q/a/devkitPro/libctru/lib\libcitro3d.a(proctex.o)
                              C:/Users/Chris/Desktop/2Q/a/devkitPro/libctru/lib\libcitro2d.a(base.o) (C3D_ProcTexInit)
C:/Users/Chris/Desktop/2Q/a/devkitPro/libctru/lib\libcitro3d.a(buffers.o)
                              C:/Users/Chris/Desktop/2Q/a/devkitPro/libctru/lib\libcitro2d.a(base.o) (BufInfo_Init)
C:/Users/Chris/Desktop/2Q/a/devkitPro/libctru/lib\libcitro3d.a(effect.o)
                              C:/Users/Chris/Desktop/2Q/a/devkitPro/libctru/lib\libcitro3d.a(base.o) (C3D_DepthMap)
C:/Users/Chris/Desktop/2Q/a/devkitPro/libctru/lib\libcitro3d.a(attribs.o)
                              C:/Users/Chris/Desktop/2Q/a/devkitPro/libctru/lib\libcitro2d.a(base.o) (AttrInfo_Init)
C:/Users/Chris/Desktop/2Q/a/devkitPro/libctru/lib\libcitro3d.a(immediate.o)
                              C:/Users/Chris/Desktop/2Q/a/devkitPro/libctru/lib\libcitro3d.a(base.o) (C3D_ImmSendAttrib)
C:/Users/Chris/Desktop/2Q/a/devkitPro/libctru/lib\libcitro3d.a(uniforms.o)
                              C:/Users/Chris/Desktop/2Q/a/devkitPro/libctru/lib\libcitro3d.a(base.o) (C3D_UpdateUniforms)
C:/Users/Chris/Desktop/2Q/a/devkitPro/libctru/lib\libcitro3d.a(mtx_ortho.o)
                              C:/Users/Chris/Desktop/2Q/a/devkitPro/libctru/lib\libcitro2d.a(base.o) (Mtx_Ortho)
C:/Users/Chris/Desktop/2Q/a/devkitPro/libctru/lib\libcitro3d.a(mtx_scale.o)
                              C:/Users/Chris/Desktop/2Q/a/devkitPro/libctru/lib\libcitro2d.a(base.o) (Mtx_Scale)
C:/Users/Chris/Desktop/2Q/a/devkitPro/libctru/lib\libcitro3d.a(mtx_multiply.o)
                              C:/Users/Chris/Desktop/2Q/a/devkitPro/libctru/lib\libcitro2d.a(base.o) (Mtx_Multiply)
C:/Users/Chris/Desktop/2Q/a/devkitPro/libctru/lib\libcitro3d.a(mtx_orthotilt.o)
                              C:/Users/Chris/Desktop/2Q/a/devkitPro/libctru/lib\libcitro2d.a(base.o) (Mtx_OrthoTilt)
C:/Users/Chris/Desktop/2Q/a/devkitPro/libctru/lib\libcitro3d.a(mtx_translate.o)
                              C:/Users/Chris/Desktop/2Q/a/devkitPro/libctru/lib\libcitro2d.a(base.o) (Mtx_Translate)
C:/Users/Chris/Desktop/2Q/a/devkitPro/libctru/lib\libcitro3d.a(mtx_rotatez.o)
                              C:/Users/Chris/Desktop/2Q/a/devkitPro/libctru/lib\libcitro2d.a(base.o) (Mtx_RotateZ)
C:/Users/Chris/Desktop/2Q/a/devkitPro/libctru/lib\libctru.a(vram.o)
                              C:/Users/Chris/Desktop/2Q/a/devkitPro/libctru/lib\libcitro3d.a(renderqueue.o) (vramAlloc)
C:/Users/Chris/Desktop/2Q/a/devkitPro/libctru/lib\libctru.a(linear.o)
                              C:/Users/Chris/Desktop/2Q/a/devkitPro/libctru/lib\libcitro2d.a(base.o) (linearAlloc)
C:/Users/Chris/Desktop/2Q/a/devkitPro/libctru/lib\libctru.a(mem_pool.o)
                              C:/Users/Chris/Desktop/2Q/a/devkitPro/libctru/lib\libctru.a(vram.o) (MemPool::Allocate(MemChunk&, unsigned long, int))
C:/Users/Chris/Desktop/2Q/a/devkitPro/libctru/lib\libctru.a(romfs_dev.o)
                              main.o (romfsMountSelf)
C:/Users/Chris/Desktop/2Q/a/devkitPro/libctru/lib\libctru.a(os.o)
[...]
Memory Configuration

Name             Origin             Length             Attributes
*default*        0x0000000000000000 0xffffffffffffffff

Linker script and memory map

                0x0000000000100000                PROVIDE (__start__ = 0x100000)
                0x0000000000100000                . = __start__

.text           0x0000000000100000    0x1a9e4
 *(.crt0)
 .crt0          0x0000000000100000       0x94 c:/users/chris/desktop/2q/a/devkitpro/devkitarm/bin/../lib/gcc/arm-none-eabi/12.2.0/../../../../arm-none-eabi/lib/armv6k/fpu/3dsx_crt0.o
                0x0000000000100000                _start
                0x0000000000100008                __service_ptr
                0x000000000010000c                __apt_appid
                0x0000000000100010                __heap_size
                0x0000000000100014                __linear_heap_size
                0x0000000000100018                __system_arglist
                0x000000000010001c                __system_runflags
 *(.init)
 .init          0x0000000000100094        0xc c:/users/chris/desktop/2q/a/devkitpro/devkitarm/bin/../lib/gcc/arm-none-eabi/12.2.0/armv6k/fpu/crti.o
                0x0000000000100094                _init
 .init          0x00000000001000a0        0xc c:/users/chris/desktop/2q/a/devkitpro/devkitarm/bin/../lib/gcc/arm-none-eabi/12.2.0/armv6k/fpu/crtn.o
                0x00000000001000ac                . = ALIGN (0x4)
 *(.text)
 .text          0x00000000001000ac      0x20c c:/users/chris/desktop/2q/a/devkitpro/devkitarm/bin/../lib/gcc/arm-none-eabi/12.2.0/armv6k/fpu\libgcc.a(_udivsi3.o)
                0x00000000001000ac                __aeabi_uidiv
                0x00000000001000ac                __udivsi3
                0x0000000000100298                __aeabi_uidivmod
 .text          0x00000000001002b8        0x4 c:/users/chris/desktop/2q/a/devkitpro/devkitarm/bin/../lib/gcc/arm-none-eabi/12.2.0/armv6k/fpu\libgcc.a(_dvmd_tls.o)
                0x00000000001002b8                __aeabi_idiv0
                0x00000000001002b8                __aeabi_ldiv0
 .text          0x00000000001002bc      0x3c0 c:/users/chris/desktop/2q/a/devkitpro/devkitarm/bin/../lib/gcc/arm-none-eabi/12.2.0/armv6k/fpu\libgcc.a(_arm_addsubdf3.o)
                0x00000000001002bc                __aeabi_drsub
                0x00000000001002c4                __aeabi_dsub
                0x00000000001002c4                __subdf3
                0x00000000001002c8                __aeabi_dadd
                0x00000000001002c8                __adddf3
                0x0000000000100574                __floatunsidf
                0x0000000000100574                __aeabi_ui2d
                0x0000000000100598                __floatsidf
                0x0000000000100598                __aeabi_i2d
                0x00000000001005c0                __aeabi_f2d
                0x00000000001005c0                __extendsfdf2
                0x0000000000100608                __floatundidf
                0x0000000000100608                __aeabi_ul2d
                0x000000000010061c                __floatdidf
                0x000000000010061c                __aeabi_l2d
 .text          0x000000000010067c       0xd4 c:/users/chris/desktop/2q/a/devkitpro/devkitarm/bin/../lib/gcc/arm-none-eabi/12.2.0/armv6k/fpu\libgcc.a(_aeabi_ldivmod.o)
                0x000000000010067c                __aeabi_ldivmod
 *fill*         0x0000000000100750       0x10 
 .text          0x0000000000100760      0x390 c:/users/chris/desktop/2q/a/devkitpro/devkitarm/bin/../lib/gcc/arm-none-eabi/12.2.0/../../../../arm-none-eabi/lib/armv6k/fpu\libg.a(lib_a-strcmp.o)
                0x0000000000100768                strcmp
 *(.text.*)
 .text.__do_global_dtors_aux
                0x0000000000100af0       0x40 c:/users/chris/desktop/2q/a/devkitpro/devkitarm/bin/../lib/gcc/arm-none-eabi/12.2.0/armv6k/fpu/crtbegin.o
 .text.frame_dummy
                0x0000000000100b30       0x2c c:/users/chris/desktop/2q/a/devkitpro/devkitarm/bin/../lib/gcc/arm-none-eabi/12.2.0/armv6k/fpu/crtbegin.o
 *fill*         0x0000000000100b5c        0x4 
 .text.init_player
                0x0000000000100b60      0xa6c main.o
                0x0000000000100b60                init_player
 .text.Init_BG  0x00000000001015cc      0x250 main.o
                0x00000000001015cc                Init_BG
 .text.rotacionDelFondo
                0x000000000010181c      0x138 main.o
                0x000000000010181c                rotacionDelFondo
 *fill*         0x0000000000101954        0x4 
 .text.draw_bullets_bot
                0x0000000000101958      0x11c main.o
                0x0000000000101958                draw_bullets_bot
 *fill*         0x0000000000101a74        0x4 
 .text.draw_bullets_top
                0x0000000000101a78      0x114 main.o
                0x0000000000101a78                draw_bullets_top
 *fill*         0x0000000000101b8c        0x4 
 .text.draw_lasers_top
                0x0000000000101b90       0xac main.o
                0x0000000000101b90                draw_lasers_top
 *fill*         0x0000000000101c3c        0x4 
 .text.draw_lasers_bot
                0x0000000000101c40       0xac main.o
                0x0000000000101c40                draw_lasers_bot
 *fill*         0x0000000000101cec        0x4 
 .text.orb_movement
                0x0000000000101cf0      0x294 main.o
                0x0000000000101cf0                orb_movement
 .text.orb_logic
                0x0000000000101f84       0x58 main.o
                0x0000000000101f84                orb_logic
 .text.draw_orbs
                0x0000000000101fdc       0x5c main.o
                0x0000000000101fdc                draw_orbs
 .text.spawn_enemy_ship
                0x0000000000102038       0x88 main.o
                0x0000000000102038                spawn_enemy_ship
 .text.player_logic
                0x00000000001020c0      0x1b0 main.o
                0x00000000001020c0                player_logic
 .text.enemy_ship_logic
                0x0000000000102270      0x114 main.o
                0x0000000000102270                enemy_ship_logic
 .text.shoot_bullet
                0x0000000000102384      0x190 main.o
                0x0000000000102384                shoot_bullet
 *fill*         0x0000000000102514        0x4 
 .text.shoot_enemy_bullet_aim
                0x0000000000102518      0x208 main.o
                0x0000000000102518                shoot_enemy_bullet_aim
 .text.bullet_logic
                0x0000000000102720      0x3f0 main.o
                0x0000000000102720                bullet_logic
 .text.laser_logic
                0x0000000000102b10       0xb4 main.o
                0x0000000000102b10                laser_logic
 .text.level_1  0x0000000000102bc4      0x26c main.o
                0x0000000000102bc4                level_1
 .text.shoting  0x0000000000102e30       0xb8 main.o
                0x0000000000102e30                shoting
 .text.shot_laser
                0x0000000000102ee8       0x9c main.o
                0x0000000000102ee8                shot_laser
 .text.startup.main
                0x0000000000102f84      0x700 main.o
                0x0000000000102f84                main
 *fill*         0x0000000000103684        0x4 
 .text.initialize_object
                0x0000000000103688      0x1c8 sprite_animation_manager.o
                0x0000000000103688                initialize_object
 .text.deinitialize_object
                0x0000000000103850        0x8 sprite_animation_manager.o
                0x0000000000103850                deinitialize_object
 .text.update_object
                0x0000000000103858       0x90 sprite_animation_manager.o
                0x0000000000103858                update_object
 .text.draw_sprite_animation
                0x00000000001038e8       0xcc sprite_animation_manager.o
                0x00000000001038e8                draw_sprite_animation
 .text.draw_sprite_only
                0x00000000001039b4       0x20 sprite_animation_manager.o
                0x00000000001039b4                draw_sprite_only
 .text.C2Di_FrameEndHook
                0x00000000001039d4       0x44 C:/Users/Chris/Desktop/2Q/a/devkitPro/libctru/lib\libcitro2d.a(base.o)
 .text.C2D_Init
                0x0000000000103a18      0x36c C:/Users/Chris/Desktop/2Q/a/devkitPro/libctru/lib\libcitro2d.a(base.o)
                0x0000000000103a18                C2D_Init
 .text.C2D_Fini
                0x0000000000103d84       0x4c C:/Users/Chris/Desktop/2Q/a/devkitPro/libctru/lib\libcitro2d.a(base.o)
                0x0000000000103d84                C2D_Fini
 .text.C2D_Prepare
                0x0000000000103dd0       0xb8 C:/Users/Chris/Desktop/2Q/a/devkitPro/libctru/lib\libcitro2d.a(base.o)
                0x0000000000103dd0                C2D_Prepare
 .text.C2D_Flush
                0x0000000000103e88       0x48 C:/Users/Chris/Desktop/2Q/a/devkitPro/libctru/lib\libcitro2d.a(base.o)
                0x0000000000103e88                C2D_Flush
 .text.C2D_SceneSize
                0x0000000000103ed0      0x104 C:/Users/Chris/Desktop/2Q/a/devkitPro/libctru/lib\libcitro2d.a(base.o)
                0x0000000000103ed0                C2D_SceneSize
 .text.C2D_CreateScreenTarget
                0x0000000000103fd4       0x58 C:/Users/Chris/Desktop/2Q/a/devkitPro/libctru/lib\libcitro2d.a(base.o)
                0x0000000000103fd4                C2D_CreateScreenTarget
 .text.C2D_TargetClear
                0x000000000010402c       0x64 C:/Users/Chris/Desktop/2Q/a/devkitPro/libctru/lib\libcitro2d.a(base.o)
                0x000000000010402c                C2D_TargetClear
 .text.C2Di_CalcQuad
                0x0000000000104090      0x13c C:/Users/Chris/Desktop/2Q/a/devkitPro/libctru/lib\libcitro2d.a(base.o)
                0x0000000000104090                C2Di_CalcQuad
 .text.C2Di_AppendQuad
                0x00000000001041cc       0x58 C:/Users/Chris/Desktop/2Q/a/devkitPro/libctru/lib\libcitro2d.a(base.o)
                0x00000000001041cc                C2Di_AppendQuad
 .text.C2Di_Update
                0x0000000000104224      0x550 C:/Users/Chris/Desktop/2Q/a/devkitPro/libctru/lib\libcitro2d.a(base.o)
                0x0000000000104224                C2Di_Update
 .text.C2D_DrawImage
                0x0000000000104774      0x2b0 C:/Users/Chris/Desktop/2Q/a/devkitPro/libctru/lib\libcitro2d.a(base.o)
                0x0000000000104774                C2D_DrawImage
 .text.C2D_DrawLine
                0x0000000000104a24      0x1dc C:/Users/Chris/Desktop/2Q/a/devkitPro/libctru/lib\libcitro2d.a(base.o)
                0x0000000000104a24                C2D_DrawLine
 .text.C2D_DrawRectangle
                0x0000000000104c00      0x158 C:/Users/Chris/Desktop/2Q/a/devkitPro/libctru/lib\libcitro2d.a(base.o)
                0x0000000000104c00                C2D_DrawRectangle
 .text.C2D_DrawEllipse
                0x0000000000104d58      0x16c C:/Users/Chris/Desktop/2Q/a/devkitPro/libctru/lib\libcitro2d.a(base.o)
                0x0000000000104d58                C2D_DrawEllipse
 .text.C2D_SpriteSheetLoadFromHandle
                0x0000000000104ec4       0x6c C:/Users/Chris/Desktop/2Q/a/devkitPro/libctru/lib\libcitro2d.a(spritesheet.o)
                0x0000000000104ec4                C2D_SpriteSheetLoadFromHandle
 .text.C2D_SpriteSheetLoad
                0x0000000000104f30       0x48 C:/Users/Chris/Desktop/2Q/a/devkitPro/libctru/lib\libcitro2d.a(spritesheet.o)
                0x0000000000104f30                C2D_SpriteSheetLoad
 .text.C2D_SpriteSheetFree
                0x0000000000104f78       0x28 C:/Users/Chris/Desktop/2Q/a/devkitPro/libctru/lib\libcitro2d.a(spritesheet.o)
                0x0000000000104f78                C2D_SpriteSheetFree
 .text.C2D_SpriteSheetCount
                0x0000000000104fa0        0x8 C:/Users/Chris/Desktop/2Q/a/devkitPro/libctru/lib\libcitro2d.a(spritesheet.o)
                0x0000000000104fa0                C2D_SpriteSheetCount
 .text.C2D_SpriteSheetGetImage
                0x0000000000104fa8       0x2c C:/Users/Chris/Desktop/2Q/a/devkitPro/libctru/lib\libcitro2d.a(spritesheet.o)
                0x0000000000104fa8                C2D_SpriteSheetGetImage
 .text.C3Di_LightEnvUpdate
                0x0000000000104fd4        0x4 C:/Users/Chris/Desktop/2Q/a/devkitPro/libctru/lib\libcitro3d.a(base.o)
                0x0000000000104fd4                C3Di_LightEnvUpdate
 .text.C3Di_LightEnvDirty
                0x0000000000104fd8        0x4 C:/Users/Chris/Desktop/2Q/a/devkitPro/libctru/lib\libcitro3d.a(base.o)
                0x0000000000104fd8                C3Di_LightEnvDirty
 .text.C3Di_AptEventHook
                0x0000000000104fdc       0xb4 C:/Users/Chris/Desktop/2Q/a/devkitPro/libctru/lib\libcitro3d.a(base.o)
 .text.C3Di_GasUpdate
                0x0000000000105090        0x4 C:/Users/Chris/Desktop/2Q/a/devkitPro/libctru/lib\libcitro3d.a(base.o)
                0x0000000000105090                C3Di_GasUpdate
 .text.C3D_Init
                0x0000000000105094      0x1e0 C:/Users/Chris/Desktop/2Q/a/devkitPro/libctru/lib\libcitro3d.a(base.o)
                0x0000000000105094                C3D_Init
 .text.C3D_SetViewport
                0x0000000000105274       0x98 C:/Users/Chris/Desktop/2Q/a/devkitPro/libctru/lib\libcitro3d.a(base.o)
                0x0000000000105274                C3D_SetViewport
 .text.C3Di_UpdateContext
                0x000000000010530c      0x4e8 C:/Users/Chris/Desktop/2Q/a/devkitPro/libctru/lib\libcitro3d.a(base.o)
                0x000000000010530c                C3Di_UpdateContext
 .text.C3Di_SplitFrame
                0x00000000001057f4       0xe0 C:/Users/Chris/Desktop/2Q/a/devkitPro/libctru/lib\libcitro3d.a(base.o)
                0x00000000001057f4                C3Di_SplitFrame
 .text.C3D_Fini
                0x00000000001058d4       0x44 C:/Users/Chris/Desktop/2Q/a/devkitPro/libctru/lib\libcitro3d.a(base.o)
                0x00000000001058d4                C3D_Fini
 .text.C3D_BindProgram
                0x0000000000105918      0x114 C:/Users/Chris/Desktop/2Q/a/devkitPro/libctru/lib\libcitro3d.a(base.o)
                0x0000000000105918                C3D_BindProgram
 .text.onVBlank0
                0x0000000000105a2c       0x4c C:/Users/Chris/Desktop/2Q/a/devkitPro/libctru/lib\libcitro3d.a(renderqueue.o)
 .text.onVBlank1
                0x0000000000105a78       0x4c C:/Users/Chris/Desktop/2Q/a/devkitPro/libctru/lib\libcitro3d.a(renderqueue.o)
 .text.C3Di_RenderTargetDestroy
                0x0000000000105ac4       0x80 C:/Users/Chris/Desktop/2Q/a/devkitPro/libctru/lib\libcitro3d.a(renderqueue.o)
 .text.onQueueFinish
                0x0000000000105b44       0xf4 C:/Users/Chris/Desktop/2Q/a/devkitPro/libctru/lib\libcitro3d.a(renderqueue.o)
 .text.C3Di_RenderQueueEnableVBlank
                0x0000000000105c38       0x38 C:/Users/Chris/Desktop/2Q/a/devkitPro/libctru/lib\libcitro3d.a(renderqueue.o)
                0x0000000000105c38                C3Di_RenderQueueEnableVBlank
 .text.C3Di_RenderQueueDisableVBlank
                0x0000000000105c70       0x30 C:/Users/Chris/Desktop/2Q/a/devkitPro/libctru/lib\libcitro3d.a(renderqueue.o)
                0x0000000000105c70                C3Di_RenderQueueDisableVBlank
 .text.C3Di_RenderQueueInit
                0x0000000000105ca0       0x60 C:/Users/Chris/Desktop/2Q/a/devkitPro/libctru/lib\libcitro3d.a(renderqueue.o)
                0x0000000000105ca0                C3Di_RenderQueueInit
 .text.C3Di_RenderQueueExit
                0x0000000000105d00       0xb0 C:/Users/Chris/Desktop/2Q/a/devkitPro/libctru/lib\libcitro3d.a(renderqueue.o)
                0x0000000000105d00                C3Di_RenderQueueExit
 .text.C3Di_RenderQueueWaitDone
                0x0000000000105db0       0x34 C:/Users/Chris/Desktop/2Q/a/devkitPro/libctru/lib\libcitro3d.a(renderqueue.o)
                0x0000000000105db0                C3Di_RenderQueueWaitDone
 .text.C3D_FrameBegin
                0x0000000000105de4       0xe4 C:/Users/Chris/Desktop/2Q/a/devkitPro/libctru/lib\libcitro3d.a(renderqueue.o)
                0x0000000000105de4                C3D_FrameBegin
 .text.C3D_FrameDrawOn
                0x0000000000105ec8       0x48 C:/Users/Chris/Desktop/2Q/a/devkitPro/libctru/lib\libcitro3d.a(renderqueue.o)
                0x0000000000105ec8                C3D_FrameDrawOn
 .text.C3D_FrameSplit
                0x0000000000105f10       0x58 C:/Users/Chris/Desktop/2Q/a/devkitPro/libctru/lib\libcitro3d.a(renderqueue.o)
                0x0000000000105f10                C3D_FrameSplit
 .text.C3D_FrameEnd
                0x0000000000105f68      0x1d8 C:/Users/Chris/Desktop/2Q/a/devkitPro/libctru/lib\libcitro3d.a(renderqueue.o)
                0x0000000000105f68                C3D_FrameEnd
 .text.C3D_FrameEndHook
                0x0000000000106140       0x1c C:/Users/Chris/Desktop/2Q/a/devkitPro/libctru/lib\libcitro3d.a(renderqueue.o)
                0x0000000000106140                C3D_FrameEndHook
 .text.C3D_RenderTargetCreate
                0x000000000010615c      0x184 C:/Users/Chris/Desktop/2Q/a/devkitPro/libctru/lib\libcitro3d.a(renderqueue.o)
                0x000000000010615c                C3D_RenderTargetCreate
 .text.C3D_RenderTargetSetOutput
                0x00000000001062e0       0xa8 C:/Users/Chris/Desktop/2Q/a/devkitPro/libctru/lib\libcitro3d.a(renderqueue.o)
                0x00000000001062e0                C3D_RenderTargetSetOutput
 .text.C3D_SyncTextureCopy
                0x0000000000106388       0xfc C:/Users/Chris/Desktop/2Q/a/devkitPro/libctru/lib\libcitro3d.a(renderqueue.o)
                0x0000000000106388                C3D_SyncTextureCopy
 .text.C3D_TexInitWithParams
                0x0000000000106484      0x294 C:/Users/Chris/Desktop/2Q/a/devkitPro/libctru/lib\libcitro3d.a(texture.o)
                0x0000000000106484                C3D_TexInitWithParams
 .text.C3D_TexLoadImage
                0x0000000000106718       0xc8 C:/Users/Chris/Desktop/2Q/a/devkitPro/libctru/lib\libcitro3d.a(texture.o)
                0x0000000000106718                C3D_TexLoadImage
 .text.C3D_TexBind
                0x00000000001067e0       0x44 C:/Users/Chris/Desktop/2Q/a/devkitPro/libctru/lib\libcitro3d.a(texture.o)
                0x00000000001067e0                C3D_TexBind
 .text.C3D_TexDelete
                0x0000000000106824       0x74 C:/Users/Chris/Desktop/2Q/a/devkitPro/libctru/lib\libcitro3d.a(texture.o)
                0x0000000000106824                C3D_TexDelete
 .text.C3Di_SetTex
                0x0000000000106898      0x16c C:/Users/Chris/Desktop/2Q/a/devkitPro/libctru/lib\libcitro3d.a(texture.o)
                0x0000000000106898                C3Di_SetTex
 .text.Tex3DSi_ImportCommon
                0x0000000000106a04      0x3f4 C:/Users/Chris/Desktop/2Q/a/devkitPro/libctru/lib\libcitro3d.a(tex3ds.o)
 .text.Tex3DS_TextureImportStdio
                0x0000000000106df8       0x38 C:/Users/Chris/Desktop/2Q/a/devkitPro/libctru/lib\libcitro3d.a(tex3ds.o)
                0x0000000000106df8                Tex3DS_TextureImportStdio
 .text.Tex3DS_GetNumSubTextures
                0x0000000000106e30        0x8 C:/Users/Chris/Desktop/2Q/a/devkitPro/libctru/lib\libcitro3d.a(tex3ds.o)
                0x0000000000106e30                Tex3DS_GetNumSubTextures
 .text.Tex3DS_GetSubTexture
                0x0000000000106e38       0x1c C:/Users/Chris/Desktop/2Q/a/devkitPro/libctru/lib\libcitro3d.a(tex3ds.o)
                0x0000000000106e38                Tex3DS_GetSubTexture
 .text.Tex3DS_TextureFree
                0x0000000000106e54        0x4 C:/Users/Chris/Desktop/2Q/a/devkitPro/libctru/lib\libcitro3d.a(tex3ds.o)
                0x0000000000106e54                Tex3DS_TextureFree
 .text.C3D_CalcColorBufSize
                0x0000000000106e58       0x1c C:/Users/Chris/Desktop/2Q/a/devkitPro/libctru/lib\libcitro3d.a(framebuffer.o)
                0x0000000000106e58                C3D_CalcColorBufSize
 .text.C3D_CalcDepthBufSize
                0x0000000000106e74       0x1c C:/Users/Chris/Desktop/2Q/a/devkitPro/libctru/lib\libcitro3d.a(framebuffer.o)
                0x0000000000106e74                C3D_CalcDepthBufSize
 .text.C3D_SetFrameBuf
                0x0000000000106e90       0x44 C:/Users/Chris/Desktop/2Q/a/devkitPro/libctru/lib\libcitro3d.a(framebuffer.o)
                0x0000000000106e90                C3D_SetFrameBuf
 .text.C3Di_FrameBufBind
                0x0000000000106ed4      0x16c C:/Users/Chris/Desktop/2Q/a/devkitPro/libctru/lib\libcitro3d.a(framebuffer.o)
                0x0000000000106ed4                C3Di_FrameBufBind
 .text.C3D_FrameBufClear
                0x0000000000107040       0xc8 C:/Users/Chris/Desktop/2Q/a/devkitPro/libctru/lib\libcitro3d.a(framebuffer.o)
                0x0000000000107040                C3D_FrameBufClear
 .text.C3D_FrameBufTransfer
                0x0000000000107108       0x44 C:/Users/Chris/Desktop/2Q/a/devkitPro/libctru/lib\libcitro3d.a(framebuffer.o)
                0x0000000000107108                C3D_FrameBufTransfer
 .text.C3D_GetTexEnv
                0x000000000010714c       0x34 C:/Users/Chris/Desktop/2Q/a/devkitPro/libctru/lib\libcitro3d.a(texenv.o)
                0x000000000010714c                C3D_GetTexEnv
 .text.C3Di_TexEnvBind
                0x0000000000107180       0x24 C:/Users/Chris/Desktop/2Q/a/devkitPro/libctru/lib\libcitro3d.a(texenv.o)
                0x0000000000107180                C3Di_TexEnvBind
 .text.C3D_DrawElements
                0x00000000001071a4      0x218 C:/Users/Chris/Desktop/2Q/a/devkitPro/libctru/lib\libcitro3d.a(drawElements.o)
                0x00000000001071a4                C3D_DrawElements
 .text.C3D_ProcTexInit
                0x00000000001073bc       0x70 C:/Users/Chris/Desktop/2Q/a/devkitPro/libctru/lib\libcitro3d.a(proctex.o)
                0x00000000001073bc                C3D_ProcTexInit
 .text.C3D_ProcTexBind
                0x000000000010742c       0x54 C:/Users/Chris/Desktop/2Q/a/devkitPro/libctru/lib\libcitro3d.a(proctex.o)
                0x000000000010742c                C3D_ProcTexBind
 .text.C3D_ProcTexLutBind
                0x0000000000107480       0x5c C:/Users/Chris/Desktop/2Q/a/devkitPro/libctru/lib\libcitro3d.a(proctex.o)
                0x0000000000107480                C3D_ProcTexLutBind
 .text.ProcTexLut_FromArray
                0x00000000001074dc       0xa4 C:/Users/Chris/Desktop/2Q/a/devkitPro/libctru/lib\libcitro3d.a(proctex.o)
                0x00000000001074dc                ProcTexLut_FromArray
 .text.C3Di_ProcTexUpdate
                0x0000000000107580      0x17c C:/Users/Chris/Desktop/2Q/a/devkitPro/libctru/lib\libcitro3d.a(proctex.o)
                0x0000000000107580                C3Di_ProcTexUpdate
 .text.C3Di_ProcTexDirty
                0x00000000001076fc       0x68 C:/Users/Chris/Desktop/2Q/a/devkitPro/libctru/lib\libcitro3d.a(proctex.o)
                0x00000000001076fc                C3Di_ProcTexDirty
 .text.BufInfo_Init
                0x0000000000107764       0x24 C:/Users/Chris/Desktop/2Q/a/devkitPro/libctru/lib\libcitro3d.a(buffers.o)
                0x0000000000107764                BufInfo_Init
 .text.BufInfo_Add
                0x0000000000107788       0x80 C:/Users/Chris/Desktop/2Q/a/devkitPro/libctru/lib\libcitro3d.a(buffers.o)
                0x0000000000107788                BufInfo_Add
 .text.C3D_SetBufInfo
                0x0000000000107808       0x40 C:/Users/Chris/Desktop/2Q/a/devkitPro/libctru/lib\libcitro3d.a(buffers.o)
                0x0000000000107808                C3D_SetBufInfo
 .text.C3Di_BufInfoBind
                0x0000000000107848       0x48 C:/Users/Chris/Desktop/2Q/a/devkitPro/libctru/lib\libcitro3d.a(buffers.o)
                0x0000000000107848                C3Di_BufInfoBind
 .text.C3D_DepthMap
                0x0000000000107890       0x40 C:/Users/Chris/Desktop/2Q/a/devkitPro/libctru/lib\libcitro3d.a(effect.o)
                0x0000000000107890                C3D_DepthMap
 .text.C3D_CullFace
                0x00000000001078d0       0x1c C:/Users/Chris/Desktop/2Q/a/devkitPro/libctru/lib\libcitro3d.a(effect.o)
                0x00000000001078d0                C3D_CullFace
 .text.C3D_StencilTest
                0x00000000001078ec       0x40 C:/Users/Chris/Desktop/2Q/a/devkitPro/libctru/lib\libcitro3d.a(effect.o)
                0x00000000001078ec                C3D_StencilTest
 .text.C3D_StencilOp
                0x000000000010792c       0x24 C:/Users/Chris/Desktop/2Q/a/devkitPro/libctru/lib\libcitro3d.a(effect.o)
                0x000000000010792c                C3D_StencilOp
 .text.C3D_BlendingColor
                0x0000000000107950       0x1c C:/Users/Chris/Desktop/2Q/a/devkitPro/libctru/lib\libcitro3d.a(effect.o)
                0x0000000000107950                C3D_BlendingColor
 .text.C3D_EarlyDepthTest
                0x000000000010796c       0x24 C:/Users/Chris/Desktop/2Q/a/devkitPro/libctru/lib\libcitro3d.a(effect.o)
                0x000000000010796c                C3D_EarlyDepthTest
 .text.C3D_DepthTest
                0x0000000000107990       0x2c C:/Users/Chris/Desktop/2Q/a/devkitPro/libctru/lib\libcitro3d.a(effect.o)
                0x0000000000107990                C3D_DepthTest
 .text.C3D_AlphaTest
                0x00000000001079bc       0x2c C:/Users/Chris/Desktop/2Q/a/devkitPro/libctru/lib\libcitro3d.a(effect.o)
                0x00000000001079bc                C3D_AlphaTest
 .text.C3D_AlphaBlend
                0x00000000001079e8       0x50 C:/Users/Chris/Desktop/2Q/a/devkitPro/libctru/lib\libcitro3d.a(effect.o)
                0x00000000001079e8                C3D_AlphaBlend
 .text.C3D_FragOpMode
                0x0000000000107a38       0x30 C:/Users/Chris/Desktop/2Q/a/devkitPro/libctru/lib\libcitro3d.a(effect.o)
                0x0000000000107a38                C3D_FragOpMode
 .text.C3D_FragOpShadow
                0x0000000000107a68       0x44 C:/Users/Chris/Desktop/2Q/a/devkitPro/libctru/lib\libcitro3d.a(effect.o)
                0x0000000000107a68                C3D_FragOpShadow
 .text.C3Di_EffectBind
                0x0000000000107aac      0x1ac C:/Users/Chris/Desktop/2Q/a/devkitPro/libctru/lib\libcitro3d.a(effect.o)
                0x0000000000107aac                C3Di_EffectBind
 .text.AttrInfo_Init
                0x0000000000107c58       0x28 C:/Users/Chris/Desktop/2Q/a/devkitPro/libctru/lib\libcitro3d.a(attribs.o)
                0x0000000000107c58                AttrInfo_Init
 .text.AttrInfo_AddLoader
                0x0000000000107c80       0x94 C:/Users/Chris/Desktop/2Q/a/devkitPro/libctru/lib\libcitro3d.a(attribs.o)
                0x0000000000107c80                AttrInfo_AddLoader
 .text.C3D_SetAttrInfo
                0x0000000000107d14       0x54 C:/Users/Chris/Desktop/2Q/a/devkitPro/libctru/lib\libcitro3d.a(attribs.o)
                0x0000000000107d14                C3D_SetAttrInfo
 .text.C3Di_AttrInfoBind
                0x0000000000107d68       0x80 C:/Users/Chris/Desktop/2Q/a/devkitPro/libctru/lib\libcitro3d.a(attribs.o)
                0x0000000000107d68                C3Di_AttrInfoBind
 .text.C3D_ImmSendAttrib
                0x0000000000107de8       0xa8 C:/Users/Chris/Desktop/2Q/a/devkitPro/libctru/lib\libcitro3d.a(immediate.o)
                0x0000000000107de8                C3D_ImmSendAttrib
 .text.C3D_UpdateUniforms
                0x0000000000107e90      0x280 C:/Users/Chris/Desktop/2Q/a/devkitPro/libctru/lib\libcitro3d.a(uniforms.o)
                0x0000000000107e90                C3D_UpdateUniforms
 .text.C3Di_DirtyUniforms
                0x0000000000108110       0xc0 C:/Users/Chris/Desktop/2Q/a/devkitPro/libctru/lib\libcitro3d.a(uniforms.o)
                0x0000000000108110                C3Di_DirtyUniforms
 .text.C3Di_LoadShaderUniforms
                0x00000000001081d0       0xd8 C:/Users/Chris/Desktop/2Q/a/devkitPro/libctru/lib\libcitro3d.a(uniforms.o)
                0x00000000001081d0                C3Di_LoadShaderUniforms
 .text.C3Di_ClearShaderUniforms
                0x00000000001082a8       0x28 C:/Users/Chris/Desktop/2Q/a/devkitPro/libctru/lib\libcitro3d.a(uniforms.o)
                0x00000000001082a8                C3Di_ClearShaderUniforms
 .text.Mtx_Ortho
                0x00000000001082d0       0xcc C:/Users/Chris/Desktop/2Q/a/devkitPro/libctru/lib\libcitro3d.a(mtx_ortho.o)
                0x00000000001082d0                Mtx_Ortho
 .text.Mtx_OrthoTilt
                0x000000000010839c       0xcc C:/Users/Chris/Desktop/2Q/a/devkitPro/libctru/lib\libcitro3d.a(mtx_orthotilt.o)
                0x000000000010839c                Mtx_OrthoTilt
 .text._ZL21addrMapNodeComparatorPK11rbtree_nodeS1_
                0x0000000000108468       0x24 C:/Users/Chris/Desktop/2Q/a/devkitPro/libctru/lib\libctru.a(vram.o)
 .text._ZL21addrMapNodeDestructorP11rbtree_node
                0x000000000010848c        0x4 C:/Users/Chris/Desktop/2Q/a/devkitPro/libctru/lib\libctru.a(vram.o)
 .text.vramMemAlignAt
                0x0000000000108490      0x250 C:/Users/Chris/Desktop/2Q/a/devkitPro/libctru/lib\libctru.a(vram.o)
                0x0000000000108490                vramMemAlignAt
 .text.vramAlloc
                0x00000000001086e0        0xc C:/Users/Chris/Desktop/2Q/a/devkitPro/libctru/lib\libctru.a(vram.o)
                0x00000000001086e0                vramAlloc
 .text.vramAllocAt
                0x00000000001086ec        0xc C:/Users/Chris/Desktop/2Q/a/devkitPro/libctru/lib\libctru.a(vram.o)
                0x00000000001086ec                vramAllocAt
 .text.vramFree
                0x00000000001086f8       0x90 C:/Users/Chris/Desktop/2Q/a/devkitPro/libctru/lib\libctru.a(vram.o)
                0x00000000001086f8                vramFree
 .text._ZL21addrMapNodeComparatorPK11rbtree_nodeS1_
                0x0000000000108788       0x24 C:/Users/Chris/Desktop/2Q/a/devkitPro/libctru/lib\libctru.a(linear.o)
 .text._ZL21addrMapNodeDestructorP11rbtree_node
                0x00000000001087ac        0x4 C:/Users/Chris/Desktop/2Q/a/devkitPro/libctru/lib\libctru.a(linear.o)
 .text.linearMemAlign
                0x00000000001087b0      0x120 C:/Users/Chris/Desktop/2Q/a/devkitPro/libctru/lib\libctru.a(linear.o)
                0x00000000001087b0                linearMemAlign
 .text.linearAlloc
                0x00000000001088d0        0x8 C:/Users/Chris/Desktop/2Q/a/devkitPro/libctru/lib\libctru.a(linear.o)
                0x00000000001088d0                linearAlloc
 .text.linearFree
                0x00000000001088d8       0x5c C:/Users/Chris/Desktop/2Q/a/devkitPro/libctru/lib\libctru.a(linear.o)
                0x00000000001088d8                linearFree
 .text._ZN7MemPool13CoalesceRightEP8MemBlock
                0x0000000000108934       0x80 C:/Users/Chris/Desktop/2Q/a/devkitPro/libctru/lib\libctru.a(mem_pool.o)
                0x0000000000108934                MemPool::CoalesceRight(MemBlock*)
 .text._ZN7MemPool8AllocateER8MemChunkmi
                0x00000000001089b4      0x16c C:/Users/Chris/Desktop/2Q/a/devkitPro/libctru/lib\libctru.a(mem_pool.o)
                0x00000000001089b4                MemPool::Allocate(MemChunk&, unsigned long, int)
 .text._ZN7MemPool10DeallocateERK8MemChunk
                0x0000000000108b20       0xfc C:/Users/Chris/Desktop/2Q/a/devkitPro/libctru/lib\libctru.a(mem_pool.o)
                0x0000000000108b20                MemPool::Deallocate(MemChunk const&)
 .text._ZN7MemPool12GetFreeSpaceEv
                0x0000000000108c1c       0x30 C:/Users/Chris/Desktop/2Q/a/devkitPro/libctru/lib\libctru.a(mem_pool.o)
                0x0000000000108c1c                MemPool::GetFreeSpace()
 .text.romfs_close
                0x0000000000108c4c        0x8 C:/Users/Chris/Desktop/2Q/a/devkitPro/libctru/lib\libctru.a(romfs_dev.o)
 .text.romfs_seek
                0x0000000000108c54       0xc0 C:/Users/Chris/Desktop/2Q/a/devkitPro/libctru/lib\libctru.a(romfs_dev.o)
 .text.romfs_dirreset
                0x0000000000108d14       0x24 C:/Users/Chris/Desktop/2Q/a/devkitPro/libctru/lib\libctru.a(romfs_dev.o)
 .text.fill_dir
                0x0000000000108d38       0xc8 C:/Users/Chris/Desktop/2Q/a/devkitPro/libctru/lib\libctru.a(romfs_dev.o)
 .text.romfs_dirnext
                0x0000000000108e00      0x28c C:/Users/Chris/Desktop/2Q/a/devkitPro/libctru/lib\libctru.a(romfs_dev.o)
 .text.romfs_free
                0x000000000010908c       0x84 C:/Users/Chris/Desktop/2Q/a/devkitPro/libctru/lib\libctru.a(romfs_dev.o)
 .text.searchForFile.constprop.0
                0x0000000000109110       0xd4 C:/Users/Chris/Desktop/2Q/a/devkitPro/libctru/lib\libctru.a(romfs_dev.o)
 .text.searchForDir.constprop.0
                0x00000000001091e4       0xd8 C:/Users/Chris/Desktop/2Q/a/devkitPro/libctru/lib\libctru.a(romfs_dev.o)
 .text.navigateToDir.constprop.0
                0x00000000001092bc      0x1c0 C:/Users/Chris/Desktop/2Q/a/devkitPro/libctru/lib\libctru.a(romfs_dev.o)
 .text.romfs_open
                0x000000000010947c      0x10c C:/Users/Chris/Desktop/2Q/a/devkitPro/libctru/lib\libctru.a(romfs_dev.o)
 .text.romfs_chdir
                0x0000000000109588       0x4c C:/Users/Chris/Desktop/2Q/a/devkitPro/libctru/lib\libctru.a(romfs_dev.o)
 .text.romfs_diropen
                0x00000000001095d4       0x70 C:/Users/Chris/Desktop/2Q/a/devkitPro/libctru/lib\libctru.a(romfs_dev.o)
 .text.romfs_stat
                0x0000000000109644      0x174 C:/Users/Chris/Desktop/2Q/a/devkitPro/libctru/lib\libctru.a(romfs_dev.o)
 .text.romfs_dirclose
                0x00000000001097b8        0x8 C:/Users/Chris/Desktop/2Q/a/devkitPro/libctru/lib\libctru.a(romfs_dev.o)
 .text.romfs_fstat
                0x00000000001097c0       0x84 C:/Users/Chris/Desktop/2Q/a/devkitPro/libctru/lib\libctru.a(romfs_dev.o)
 .text.romfs_read
                0x0000000000109844       0xd0 C:/Users/Chris/Desktop/2Q/a/devkitPro/libctru/lib\libctru.a(romfs_dev.o)
 .text.romfsMountFromFile
                0x0000000000109914      0x28c C:/Users/Chris/Desktop/2Q/a/devkitPro/libctru/lib\libctru.a(romfs_dev.o)
                0x0000000000109914                romfsMountFromFile
 .text.romfsMountFromCurrentProcess
                0x0000000000109ba0       0x98 C:/Users/Chris/Desktop/2Q/a/devkitPro/libctru/lib\libctru.a(romfs_dev.o)
                0x0000000000109ba0                romfsMountFromCurrentProcess
 .text.romfsMountSelf
                0x0000000000109c38      0x260 C:/Users/Chris/Desktop/2Q/a/devkitPro/libctru/lib\libctru.a(romfs_dev.o)
                0x0000000000109c38                romfsMountSelf
 .text.romfsUnmount
                0x0000000000109e98       0xa0 C:/Users/Chris/Desktop/2Q/a/devkitPro/libctru/lib\libctru.a(romfs_dev.o)
                0x0000000000109e98                romfsUnmount
 .text.osConvertVirtToPhys
                0x0000000000109f38       0x74 C:/Users/Chris/Desktop/2Q/a/devkitPro/libctru/lib\libctru.a(os.o)
                0x0000000000109f38                osConvertVirtToPhys
 .text.osGetTimeRef
                0x0000000000109fac       0x54 C:/Users/Chris/Desktop/2Q/a/devkitPro/libctru/lib\libctru.a(os.o)
                0x0000000000109fac                osGetTimeRef
 .text.osGetTime
                0x000000000010a000       0xec C:/Users/Chris/Desktop/2Q/a/devkitPro/libctru/lib\libctru.a(os.o)
                0x000000000010a000                osGetTime
 .text.__ctru_speedup_config
                0x000000000010a0ec       0x34 C:/Users/Chris/Desktop/2Q/a/devkitPro/libctru/lib\libctru.a(os.o)
                0x000000000010a0ec                __ctru_speedup_config
 .text.srvInit  0x000000000010a120      0x130 C:/Users/Chris/Desktop/2Q/a/devkitPro/libctru/lib\libctru.a(srv.o)
                0x000000000010a120                srvInit
 .text.srvExit  0x000000000010a250       0x58 C:/Users/Chris/Desktop/2Q/a/devkitPro/libctru/lib\libctru.a(srv.o)
                0x000000000010a250                srvExit
 .text.srvEnableNotification
                0x000000000010a2a8       0x60 C:/Users/Chris/Desktop/2Q/a/devkitPro/libctru/lib\libctru.a(srv.o)
                0x000000000010a2a8                srvEnableNotification
 .text.srvGetServiceHandleDirect
                0x000000000010a308       0xa0 C:/Users/Chris/Desktop/2Q/a/devkitPro/libctru/lib\libctru.a(srv.o)
                0x000000000010a308                srvGetServiceHandleDirect
 .text.srvGetServiceHandle
                0x000000000010a3a8       0x38 C:/Users/Chris/Desktop/2Q/a/devkitPro/libctru/lib\libctru.a(srv.o)
                0x000000000010a3a8                srvGetServiceHandle
 .text.srvSubscribe
                0x000000000010a3e0       0x34 C:/Users/Chris/Desktop/2Q/a/devkitPro/libctru/lib\libctru.a(srv.o)
                0x000000000010a3e0                srvSubscribe
 .text.srvReceiveNotification
                0x000000000010a414       0x60 C:/Users/Chris/Desktop/2Q/a/devkitPro/libctru/lib\libctru.a(srv.o)
                0x000000000010a414                srvReceiveNotification
 .text.srvPublishToSubscriber
                0x000000000010a474       0x38 C:/Users/Chris/Desktop/2Q/a/devkitPro/libctru/lib\libctru.a(srv.o)
                0x000000000010a474                srvPublishToSubscriber
 .text.gfxPresentFramebuffer
                0x000000000010a4ac       0xd0 C:/Users/Chris/Desktop/2Q/a/devkitPro/libctru/lib\libctru.a(gfx.o)
 .text.gfxIsWide
                0x000000000010a57c       0x1c C:/Users/Chris/Desktop/2Q/a/devkitPro/libctru/lib\libctru.a(gfx.o)
                0x000000000010a57c                gfxIsWide
 .text.gfxSetScreenFormat
                0x000000000010a598       0xec C:/Users/Chris/Desktop/2Q/a/devkitPro/libctru/lib\libctru.a(gfx.o)
                0x000000000010a598                gfxSetScreenFormat
 .text.gfxInit  0x000000000010a684       0xe0 C:/Users/Chris/Desktop/2Q/a/devkitPro/libctru/lib\libctru.a(gfx.o)
                0x000000000010a684                gfxInit
 .text.gfxExit  0x000000000010a764       0xb4 C:/Users/Chris/Desktop/2Q/a/devkitPro/libctru/lib\libctru.a(gfx.o)
                0x000000000010a764                gfxExit
 .text.gfxGetFramebuffer
                0x000000000010a818       0xa0 C:/Users/Chris/Desktop/2Q/a/devkitPro/libctru/lib\libctru.a(gfx.o)
                0x000000000010a818                gfxGetFramebuffer
 .text.gfxScreenSwapBuffers
                0x000000000010a8b8       0x30 C:/Users/Chris/Desktop/2Q/a/devkitPro/libctru/lib\libctru.a(gfx.o)
                0x000000000010a8b8                gfxScreenSwapBuffers
 .text.shaderInstanceInit
                0x000000000010a8e8      0x1d4 C:/Users/Chris/Desktop/2Q/a/devkitPro/libctru/lib\libctru.a(shaderProgram.o)
                0x000000000010a8e8                shaderInstanceInit
 .text.shaderInstanceGetUniformLocation
                0x000000000010aabc       0x18 C:/Users/Chris/Desktop/2Q/a/devkitPro/libctru/lib\libctru.a(shaderProgram.o)
                0x000000000010aabc                shaderInstanceGetUniformLocation
 .text.shaderProgramInit
                0x000000000010aad4       0x1c C:/Users/Chris/Desktop/2Q/a/devkitPro/libctru/lib\libctru.a(shaderProgram.o)
                0x000000000010aad4                shaderProgramInit
 .text.shaderProgramFree
                0x000000000010aaf0       0x64 C:/Users/Chris/Desktop/2Q/a/devkitPro/libctru/lib\libctru.a(shaderProgram.o)
                0x000000000010aaf0                shaderProgramFree
 .text.shaderProgramSetVsh
                0x000000000010ab54       0x80 C:/Users/Chris/Desktop/2Q/a/devkitPro/libctru/lib\libctru.a(shaderProgram.o)
                0x000000000010ab54                shaderProgramSetVsh
 .text.shaderProgramConfigure
                0x000000000010abd4      0x8e0 C:/Users/Chris/Desktop/2Q/a/devkitPro/libctru/lib\libctru.a(shaderProgram.o)
                0x000000000010abd4                shaderProgramConfigure
 .text.DVLE_GenerateOutmap.part.0
                0x000000000010b4b4      0x1cc C:/Users/Chris/Desktop/2Q/a/devkitPro/libctru/lib\libctru.a(shbin.o)
 .text.DVLB_ParseFile
                0x000000000010b680      0x1b4 C:/Users/Chris/Desktop/2Q/a/devkitPro/libctru/lib\libctru.a(shbin.o)
                0x000000000010b680                DVLB_ParseFile
 .text.DVLB_Free
                0x000000000010b834       0x38 C:/Users/Chris/Desktop/2Q/a/devkitPro/libctru/lib\libctru.a(shbin.o)
                0x000000000010b834                DVLB_Free
 .text.DVLE_GetUniformRegister
                0x000000000010b86c       0x74 C:/Users/Chris/Desktop/2Q/a/devkitPro/libctru/lib\libctru.a(shbin.o)
                0x000000000010b86c                DVLE_GetUniformRegister
 .text.GX_BindQueue
                0x000000000010b8e0       0x10 C:/Users/Chris/Desktop/2Q/a/devkitPro/libctru/lib\libctru.a(gx.o)
                0x000000000010b8e0                GX_BindQueue
 .text.GX_ProcessCommandList
                0x000000000010b8f0       0x78 C:/Users/Chris/Desktop/2Q/a/devkitPro/libctru/lib\libctru.a(gx.o)
                0x000000000010b8f0                GX_ProcessCommandList
 .text.GX_MemoryFill
                0x000000000010b968       0x74 C:/Users/Chris/Desktop/2Q/a/devkitPro/libctru/lib\libctru.a(gx.o)
                0x000000000010b968                GX_MemoryFill
 .text.GX_DisplayTransfer
                0x000000000010b9dc       0x70 C:/Users/Chris/Desktop/2Q/a/devkitPro/libctru/lib\libctru.a(gx.o)
                0x000000000010b9dc                GX_DisplayTransfer
 .text.GX_TextureCopy
                0x000000000010ba4c       0x74 C:/Users/Chris/Desktop/2Q/a/devkitPro/libctru/lib\libctru.a(gx.o)
                0x000000000010ba4c                GX_TextureCopy
 .text.gxCmdQueueDoCommands.part.0
                0x000000000010bac0       0x68 C:/Users/Chris/Desktop/2Q/a/devkitPro/libctru/lib\libctru.a(gxqueue.o)
 .text.gxCmdQueueInterrupt
                0x000000000010bb28       0xc8 C:/Users/Chris/Desktop/2Q/a/devkitPro/libctru/lib\libctru.a(gxqueue.o)
                0x000000000010bb28                gxCmdQueueInterrupt
 .text.gxCmdQueueClear
                0x000000000010bbf0       0x4c C:/Users/Chris/Desktop/2Q/a/devkitPro/libctru/lib\libctru.a(gxqueue.o)
                0x000000000010bbf0                gxCmdQueueClear
 .text.gxCmdQueueAdd
                0x000000000010bc3c       0xf8 C:/Users/Chris/Desktop/2Q/a/devkitPro/libctru/lib\libctru.a(gxqueue.o)
                0x000000000010bc3c                gxCmdQueueAdd
 .text.gxCmdQueueRun
                0x000000000010bd34       0x80 C:/Users/Chris/Desktop/2Q/a/devkitPro/libctru/lib\libctru.a(gxqueue.o)
                0x000000000010bd34                gxCmdQueueRun
 .text.gxCmdQueueStop
                0x000000000010bdb4       0x60 C:/Users/Chris/Desktop/2Q/a/devkitPro/libctru/lib\libctru.a(gxqueue.o)
                0x000000000010bdb4                gxCmdQueueStop
 .text.gxCmdQueueWait
                0x000000000010be14       0x74 C:/Users/Chris/Desktop/2Q/a/devkitPro/libctru/lib\libctru.a(gxqueue.o)
                0x000000000010be14                gxCmdQueueWait
 .text.GPUCMD_Add
                0x000000000010be88      0x13c C:/Users/Chris/Desktop/2Q/a/devkitPro/libctru/lib\libctru.a(gpu.o)
                0x000000000010be88                GPUCMD_Add
 .text.GPUCMD_Split
                0x000000000010bfc4       0xb0 C:/Users/Chris/Desktop/2Q/a/devkitPro/libctru/lib\libctru.a(gpu.o)
                0x000000000010bfc4                GPUCMD_Split
 .text.f32tof16
                0x000000000010c074       0x34 C:/Users/Chris/Desktop/2Q/a/devkitPro/libctru/lib\libctru.a(gpu.o)
                0x000000000010c074                f32tof16
 .text.f32tof24
                0x000000000010c0a8       0x34 C:/Users/Chris/Desktop/2Q/a/devkitPro/libctru/lib\libctru.a(gpu.o)
                0x000000000010c0a8                f32tof24
 .text.f32tof31
                0x000000000010c0dc       0x38 C:/Users/Chris/Desktop/2Q/a/devkitPro/libctru/lib\libctru.a(gpu.o)
                0x000000000010c0dc                f32tof31
 .text.gspHardwareInit
                0x000000000010c114      0xc58 C:/Users/Chris/Desktop/2Q/a/devkitPro/libctru/lib\libctru.a(gspgpu.o)
 .text.gspInit  0x000000000010cd6c      0x248 C:/Users/Chris/Desktop/2Q/a/devkitPro/libctru/lib\libctru.a(gspgpu.o)
                0x000000000010cd6c                gspInit
 .text.gspExit  0x000000000010cfb4       0xf0 C:/Users/Chris/Desktop/2Q/a/devkitPro/libctru/lib\libctru.a(gspgpu.o)
                0x000000000010cfb4                gspExit
 .text.gspHasGpuRight
                0x000000000010d0a4       0x10 C:/Users/Chris/Desktop/2Q/a/devkitPro/libctru/lib\libctru.a(gspgpu.o)
                0x000000000010d0a4                gspHasGpuRight
 .text.gspPresentBuffer
                0x000000000010d0b4       0xa0 C:/Users/Chris/Desktop/2Q/a/devkitPro/libctru/lib\libctru.a(gspgpu.o)
                0x000000000010d0b4                gspPresentBuffer
 .text.gspSetEventCallback
                0x000000000010d154       0x30 C:/Users/Chris/Desktop/2Q/a/devkitPro/libctru/lib\libctru.a(gspgpu.o)
                0x000000000010d154                gspSetEventCallback
 .text.gspWaitForEvent
                0x000000000010d184       0x44 C:/Users/Chris/Desktop/2Q/a/devkitPro/libctru/lib\libctru.a(gspgpu.o)
                0x000000000010d184                gspWaitForEvent
 .text.gspWaitForAnyEvent
                0x000000000010d1c8       0x4c C:/Users/Chris/Desktop/2Q/a/devkitPro/libctru/lib\libctru.a(gspgpu.o)
                0x000000000010d1c8                gspWaitForAnyEvent
 .text.gspEventThreadMain
                0x000000000010d214      0x158 C:/Users/Chris/Desktop/2Q/a/devkitPro/libctru/lib\libctru.a(gspgpu.o)
 .text.gspSubmitGxCommand
                0x000000000010d36c      0x130 C:/Users/Chris/Desktop/2Q/a/devkitPro/libctru/lib\libctru.a(gspgpu.o)
                0x000000000010d36c                gspSubmitGxCommand
 .text.GSPGPU_FlushDataCache
                0x000000000010d49c       0x50 C:/Users/Chris/Desktop/2Q/a/devkitPro/libctru/lib\libctru.a(gspgpu.o)
                0x000000000010d49c                GSPGPU_FlushDataCache
 .text.GSPGPU_SetLcdForceBlack
                0x000000000010d4ec       0x34 C:/Users/Chris/Desktop/2Q/a/devkitPro/libctru/lib\libctru.a(gspgpu.o)
                0x000000000010d4ec                GSPGPU_SetLcdForceBlack
 .text.GSPGPU_AcquireRight
                0x000000000010d520       0x68 C:/Users/Chris/Desktop/2Q/a/devkitPro/libctru/lib\libctru.a(gspgpu.o)
                0x000000000010d520                GSPGPU_AcquireRight
 .text.GSPGPU_ReleaseRight
                0x000000000010d588       0x48 C:/Users/Chris/Desktop/2Q/a/devkitPro/libctru/lib\libctru.a(gspgpu.o)
                0x000000000010d588                GSPGPU_ReleaseRight
 .text.GSPGPU_ImportDisplayCaptureInfo
                0x000000000010d5d0       0x7c C:/Users/Chris/Desktop/2Q/a/devkitPro/libctru/lib\libctru.a(gspgpu.o)
                0x000000000010d5d0                GSPGPU_ImportDisplayCaptureInfo
 .text.GSPGPU_SaveVramSysArea
                0x000000000010d64c       0x2c C:/Users/Chris/Desktop/2Q/a/devkitPro/libctru/lib\libctru.a(gspgpu.o)
                0x000000000010d64c                GSPGPU_SaveVramSysArea
 .text.GSPGPU_RestoreVramSysArea
                0x000000000010d678       0x2c C:/Users/Chris/Desktop/2Q/a/devkitPro/libctru/lib\libctru.a(gspgpu.o)
                0x000000000010d678                GSPGPU_RestoreVramSysArea
 .text.aptConvertScreenForCapture
                0x000000000010d6a4      0x1a4 C:/Users/Chris/Desktop/2Q/a/devkitPro/libctru/lib\libctru.a(apt.o)
 .text.aptDspSleep
                0x000000000010d848        0x8 C:/Users/Chris/Desktop/2Q/a/devkitPro/libctru/lib\libctru.a(apt.o)
                0x000000000010d848                aptDspSleep
 .text.aptDspWakeup
                0x000000000010d850        0x4 C:/Users/Chris/Desktop/2Q/a/devkitPro/libctru/lib\libctru.a(apt.o)
                0x000000000010d850                aptDspWakeup
 .text.aptDspCancel
                0x000000000010d854        0x4 C:/Users/Chris/Desktop/2Q/a/devkitPro/libctru/lib\libctru.a(apt.o)
                0x000000000010d854                aptDspCancel
 .text.aptSendCommand
                0x000000000010d858      0x158 C:/Users/Chris/Desktop/2Q/a/devkitPro/libctru/lib\libctru.a(apt.o)
                0x000000000010d858                aptSendCommand
 .text.aptExitProcess
                0x000000000010d9b0       0x44 C:/Users/Chris/Desktop/2Q/a/devkitPro/libctru/lib\libctru.a(apt.o)
 .text.aptExit  0x000000000010d9f4      0x3b0 C:/Users/Chris/Desktop/2Q/a/devkitPro/libctru/lib\libctru.a(apt.o)
                0x000000000010d9f4                aptExit
 .text.aptHandleSleep
                0x000000000010dda4       0xe0 C:/Users/Chris/Desktop/2Q/a/devkitPro/libctru/lib\libctru.a(apt.o)
                0x000000000010dda4                aptHandleSleep
 .text.aptHook  0x000000000010de84       0x30 C:/Users/Chris/Desktop/2Q/a/devkitPro/libctru/lib\libctru.a(apt.o)
                0x000000000010de84                aptHook
 .text.aptUnhook
                0x000000000010deb4       0x30 C:/Users/Chris/Desktop/2Q/a/devkitPro/libctru/lib\libctru.a(apt.o)
                0x000000000010deb4                aptUnhook
 .text.APT_SleepIfShellClosed
                0x000000000010dee4       0x84 C:/Users/Chris/Desktop/2Q/a/devkitPro/libctru/lib\libctru.a(apt.o)
                0x000000000010dee4                APT_SleepIfShellClosed
 .text.aptSetSleepAllowed
                0x000000000010df68       0x84 C:/Users/Chris/Desktop/2Q/a/devkitPro/libctru/lib\libctru.a(apt.o)
                0x000000000010df68                aptSetSleepAllowed
 .text.APT_UnlockTransition
                0x000000000010dfec       0x84 C:/Users/Chris/Desktop/2Q/a/devkitPro/libctru/lib\libctru.a(apt.o)
                0x000000000010dfec                APT_UnlockTransition
 .text.aptEventHandler
                0x000000000010e070      0x4a4 C:/Users/Chris/Desktop/2Q/a/devkitPro/libctru/lib\libctru.a(apt.o)
 .text.APT_ReceiveParameter
                0x000000000010e514       0xb0 C:/Users/Chris/Desktop/2Q/a/devkitPro/libctru/lib\libctru.a(apt.o)
                0x000000000010e514                APT_ReceiveParameter
 .text.aptReceiveParameter.constprop.0
                0x000000000010e5c4       0xb0 C:/Users/Chris/Desktop/2Q/a/devkitPro/libctru/lib\libctru.a(apt.o)
 *fill*         0x000000000010e674        0x4 
 .text.aptScreenTransfer
                0x000000000010e678      0x2ac C:/Users/Chris/Desktop/2Q/a/devkitPro/libctru/lib\libctru.a(apt.o)
 .text.aptWaitForWakeUp.isra.0
                0x000000000010e924      0x344 C:/Users/Chris/Desktop/2Q/a/devkitPro/libctru/lib\libctru.a(apt.o)
 .text.aptJumpToHomeMenu
                0x000000000010ec68      0x100 C:/Users/Chris/Desktop/2Q/a/devkitPro/libctru/lib\libctru.a(apt.o)
                0x000000000010ec68                aptJumpToHomeMenu
 .text.aptMainLoop
                0x000000000010ed68       0x48 C:/Users/Chris/Desktop/2Q/a/devkitPro/libctru/lib\libctru.a(apt.o)
                0x000000000010ed68                aptMainLoop
 .text.aptInit  0x000000000010edb0      0x22c C:/Users/Chris/Desktop/2Q/a/devkitPro/libctru/lib\libctru.a(apt.o)
                0x000000000010edb0                aptInit
 .text.APT_CheckNew3DS
                0x000000000010efdc       0x7c C:/Users/Chris/Desktop/2Q/a/devkitPro/libctru/lib\libctru.a(apt.o)
                0x000000000010efdc                APT_CheckNew3DS
 .text.hidShouldUseIrrst
                0x000000000010f058       0x24 C:/Users/Chris/Desktop/2Q/a/devkitPro/libctru/lib\libctru.a(hid.o)
                0x000000000010f058                hidShouldUseIrrst
 .text.hidInit  0x000000000010f07c      0x18c C:/Users/Chris/Desktop/2Q/a/devkitPro/libctru/lib\libctru.a(hid.o)
                0x000000000010f07c                hidInit
 .text.hidExit  0x000000000010f208       0xe8 C:/Users/Chris/Desktop/2Q/a/devkitPro/libctru/lib\libctru.a(hid.o)
                0x000000000010f208                hidExit
 .text.hidScanInput
                0x000000000010f2f0      0x2a4 C:/Users/Chris/Desktop/2Q/a/devkitPro/libctru/lib\libctru.a(hid.o)
                0x000000000010f2f0                hidScanInput
 .text.hidKeysHeld
                0x000000000010f594       0x10 C:/Users/Chris/Desktop/2Q/a/devkitPro/libctru/lib\libctru.a(hid.o)
                0x000000000010f594                hidKeysHeld
 .text.hidKeysDown
                0x000000000010f5a4       0x10 C:/Users/Chris/Desktop/2Q/a/devkitPro/libctru/lib\libctru.a(hid.o)
                0x000000000010f5a4                hidKeysDown
 .text.hidCircleRead
                0x000000000010f5b4       0x18 C:/Users/Chris/Desktop/2Q/a/devkitPro/libctru/lib\libctru.a(hid.o)
                0x000000000010f5b4                hidCircleRead
 .text.srvPmGetSessionHandle
                0x000000000010f5cc        0xc C:/Users/Chris/Desktop/2Q/a/devkitPro/libctru/lib\libctru.a(srvpm.o)
                0x000000000010f5cc                srvPmGetSessionHandle
 .text.ptmSysmInit
                0x000000000010f5d8       0x74 C:/Users/Chris/Desktop/2Q/a/devkitPro/libctru/lib\libctru.a(ptmsysm.o)
                0x000000000010f5d8                ptmSysmInit
 .text.ptmSysmExit
                0x000000000010f64c       0x3c C:/Users/Chris/Desktop/2Q/a/devkitPro/libctru/lib\libctru.a(ptmsysm.o)
                0x000000000010f64c                ptmSysmExit
 .text.PTMSYSM_ConfigureNew3DSCPU
                0x000000000010f688       0x34 C:/Users/Chris/Desktop/2Q/a/devkitPro/libctru/lib\libctru.a(ptmsysm.o)
                0x000000000010f688                PTMSYSM_ConfigureNew3DSCPU
 .text.fsInit   0x000000000010f6bc       0xcc C:/Users/Chris/Desktop/2Q/a/devkitPro/libctru/lib\libctru.a(fs.o)
                0x000000000010f6bc                fsInit
 .text.fsExit   0x000000000010f788       0x3c C:/Users/Chris/Desktop/2Q/a/devkitPro/libctru/lib\libctru.a(fs.o)
                0x000000000010f788                fsExit
 .text.fsExemptFromSession
                0x000000000010f7c4       0x60 C:/Users/Chris/Desktop/2Q/a/devkitPro/libctru/lib\libctru.a(fs.o)
                0x000000000010f7c4                fsExemptFromSession
 .text.fsUnexemptFromSession
                0x000000000010f824       0x50 C:/Users/Chris/Desktop/2Q/a/devkitPro/libctru/lib\libctru.a(fs.o)
                0x000000000010f824                fsUnexemptFromSession
 .text.FSUSER_OpenFile
                0x000000000010f874       0xcc C:/Users/Chris/Desktop/2Q/a/devkitPro/libctru/lib\libctru.a(fs.o)
                0x000000000010f874                FSUSER_OpenFile
 .text.FSUSER_OpenFileDirectly
                0x000000000010f940       0xd4 C:/Users/Chris/Desktop/2Q/a/devkitPro/libctru/lib\libctru.a(fs.o)
                0x000000000010f940                FSUSER_OpenFileDirectly
 .text.FSUSER_DeleteFile
                0x000000000010fa14       0xbc C:/Users/Chris/Desktop/2Q/a/devkitPro/libctru/lib\libctru.a(fs.o)
                0x000000000010fa14                FSUSER_DeleteFile
 .text.FSUSER_RenameFile
                0x000000000010fad0       0xf8 C:/Users/Chris/Desktop/2Q/a/devkitPro/libctru/lib\libctru.a(fs.o)
                0x000000000010fad0                FSUSER_RenameFile
 .text.FSUSER_DeleteDirectory
                0x000000000010fbc8       0xbc C:/Users/Chris/Desktop/2Q/a/devkitPro/libctru/lib\libctru.a(fs.o)
                0x000000000010fbc8                FSUSER_DeleteDirectory
 .text.FSUSER_CreateFile
                0x000000000010fc84       0xd4 C:/Users/Chris/Desktop/2Q/a/devkitPro/libctru/lib\libctru.a(fs.o)
                0x000000000010fc84                FSUSER_CreateFile
 .text.FSUSER_CreateDirectory
                0x000000000010fd58       0xc4 C:/Users/Chris/Desktop/2Q/a/devkitPro/libctru/lib\libctru.a(fs.o)
                0x000000000010fd58                FSUSER_CreateDirectory
 .text.FSUSER_RenameDirectory
                0x000000000010fe1c       0xf8 C:/Users/Chris/Desktop/2Q/a/devkitPro/libctru/lib\libctru.a(fs.o)
                0x000000000010fe1c                FSUSER_RenameDirectory
 .text.FSUSER_OpenDirectory
                0x000000000010ff14       0xb4 C:/Users/Chris/Desktop/2Q/a/devkitPro/libctru/lib\libctru.a(fs.o)
                0x000000000010ff14                FSUSER_OpenDirectory
 .text.FSUSER_OpenArchive
                0x000000000010ffc8       0x98 C:/Users/Chris/Desktop/2Q/a/devkitPro/libctru/lib\libctru.a(fs.o)
                0x000000000010ffc8                FSUSER_OpenArchive
 .text.FSUSER_CloseArchive
                0x0000000000110060       0x8c C:/Users/Chris/Desktop/2Q/a/devkitPro/libctru/lib\libctru.a(fs.o)
                0x0000000000110060                FSUSER_CloseArchive
 .text.FSUSER_GetSdmcArchiveResource
                0x00000000001100ec       0x74 C:/Users/Chris/Desktop/2Q/a/devkitPro/libctru/lib\libctru.a(fs.o)
                0x00000000001100ec                FSUSER_GetSdmcArchiveResource
 .text.FSUSER_IsSdmcWritable
                0x0000000000110160       0x64 C:/Users/Chris/Desktop/2Q/a/devkitPro/libctru/lib\libctru.a(fs.o)
                0x0000000000110160                FSUSER_IsSdmcWritable
 .text.FSFILE_Read
                0x00000000001101c4       0x58 C:/Users/Chris/Desktop/2Q/a/devkitPro/libctru/lib\libctru.a(fs.o)
                0x00000000001101c4                FSFILE_Read
 .text.FSFILE_Write
                0x000000000011021c       0x60 C:/Users/Chris/Desktop/2Q/a/devkitPro/libctru/lib\libctru.a(fs.o)
                0x000000000011021c                FSFILE_Write
 .text.FSFILE_GetSize
                0x000000000011027c       0x3c C:/Users/Chris/Desktop/2Q/a/devkitPro/libctru/lib\libctru.a(fs.o)
                0x000000000011027c                FSFILE_GetSize
 .text.FSFILE_SetSize
                0x00000000001102b8       0x28 C:/Users/Chris/Desktop/2Q/a/devkitPro/libctru/lib\libctru.a(fs.o)
                0x00000000001102b8                FSFILE_SetSize
 .text.FSFILE_Close
                0x00000000001102e0       0x3c C:/Users/Chris/Desktop/2Q/a/devkitPro/libctru/lib\libctru.a(fs.o)
                0x00000000001102e0                FSFILE_Close
 .text.FSFILE_Flush
                0x000000000011031c       0x24 C:/Users/Chris/Desktop/2Q/a/devkitPro/libctru/lib\libctru.a(fs.o)
                0x000000000011031c                FSFILE_Flush
 .text.FSDIR_Read
                0x0000000000110340       0x50 C:/Users/Chris/Desktop/2Q/a/devkitPro/libctru/lib\libctru.a(fs.o)
                0x0000000000110340                FSDIR_Read
 .text.FSDIR_Close
                0x0000000000110390       0x3c C:/Users/Chris/Desktop/2Q/a/devkitPro/libctru/lib\libctru.a(fs.o)
                0x0000000000110390                FSDIR_Close
 .text.buffer_read
                0x00000000001103cc       0xc4 C:/Users/Chris/Desktop/2Q/a/devkitPro/libctru/lib\libctru.a(decompress.o)
 .text.iov_read
                0x0000000000110490       0xd0 C:/Users/Chris/Desktop/2Q/a/devkitPro/libctru/lib\libctru.a(decompress.o)
 .text.iov_memmove
                0x0000000000110560      0x138 C:/Users/Chris/Desktop/2Q/a/devkitPro/libctru/lib\libctru.a(decompress.o)
 .text.decompress_rle
                0x0000000000110698      0x1dc C:/Users/Chris/Desktop/2Q/a/devkitPro/libctru/lib\libctru.a(decompress.o)
 .text.decompress_lzss
                0x0000000000110874      0x244 C:/Users/Chris/Desktop/2Q/a/devkitPro/libctru/lib\libctru.a(decompress.o)
 .text.decompress_lz11
                0x0000000000110ab8      0x424 C:/Users/Chris/Desktop/2Q/a/devkitPro/libctru/lib\libctru.a(decompress.o)
 .text.decompress_huff
                0x0000000000110edc      0x2d8 C:/Users/Chris/Desktop/2Q/a/devkitPro/libctru/lib\libctru.a(decompress.o)
 .text.decompressCallback_Stdio
                0x00000000001111b4       0x10 C:/Users/Chris/Desktop/2Q/a/devkitPro/libctru/lib\libctru.a(decompress.o)
                0x00000000001111b4                decompressCallback_Stdio
 .text.decompressHeader
                0x00000000001111c4       0xdc C:/Users/Chris/Desktop/2Q/a/devkitPro/libctru/lib\libctru.a(decompress.o)
                0x00000000001111c4                decompressHeader
 .text.decompressV
                0x00000000001112a0      0x240 C:/Users/Chris/Desktop/2Q/a/devkitPro/libctru/lib\libctru.a(decompress.o)
                0x00000000001112a0                decompressV
 .text.rbtree_init
                0x00000000001114e0       0x10 C:/Users/Chris/Desktop/2Q/a/devkitPro/libctru/lib\libctru.a(rbtree_init.o)
                0x00000000001114e0                rbtree_init
 .text.do_insert
                0x00000000001114f0      0x1b4 C:/Users/Chris/Desktop/2Q/a/devkitPro/libctru/lib\libctru.a(rbtree_insert.o)
 .text.rbtree_insert
                0x00000000001116a4        0x8 C:/Users/Chris/Desktop/2Q/a/devkitPro/libctru/lib\libctru.a(rbtree_insert.o)
                0x00000000001116a4                rbtree_insert
 .text.rbtree_rotate
                0x00000000001116ac       0x90 C:/Users/Chris/Desktop/2Q/a/devkitPro/libctru/lib\libctru.a(rbtree_rotate.o)
                0x00000000001116ac                rbtree_rotate
 .text.rbtree_remove
                0x000000000011173c      0x318 C:/Users/Chris/Desktop/2Q/a/devkitPro/libctru/lib\libctru.a(rbtree_remove.o)
                0x000000000011173c                rbtree_remove
 .text.rbtree_find
                0x0000000000111a54       0x74 C:/Users/Chris/Desktop/2Q/a/devkitPro/libctru/lib\libctru.a(rbtree_find.o)
                0x0000000000111a54                rbtree_find
 .text.utf16_to_utf8
                0x0000000000111ac8       0xe8 C:/Users/Chris/Desktop/2Q/a/devkitPro/libctru/lib\libctru.a(utf16_to_utf8.o)
                0x0000000000111ac8                utf16_to_utf8
 .text.decode_utf16
                0x0000000000111bb0       0x64 C:/Users/Chris/Desktop/2Q/a/devkitPro/libctru/lib\libctru.a(decode_utf16.o)
                0x0000000000111bb0                decode_utf16
 .text.utf8_to_utf16
                0x0000000000111c14       0xc0 C:/Users/Chris/Desktop/2Q/a/devkitPro/libctru/lib\libctru.a(utf8_to_utf16.o)
                0x0000000000111c14                utf8_to_utf16
 *fill*         0x0000000000111cd4        0x4 
 .text.__system_allocateHeaps
                0x0000000000111cd8      0x1e0 C:/Users/Chris/Desktop/2Q/a/devkitPro/libctru/lib\libctru.a(allocateHeaps.o)
                0x0000000000111cd8                __system_allocateHeaps
 .text.__libctru_init
                0x0000000000111eb8       0x38 C:/Users/Chris/Desktop/2Q/a/devkitPro/libctru/lib\libctru.a(ctru_init.o)
                0x0000000000111eb8                __libctru_init
 .text.__system_initArgv
                0x0000000000111ef0      0x170 C:/Users/Chris/Desktop/2Q/a/devkitPro/libctru/lib\libctru.a(initArgv.o)
                0x0000000000111ef0                __system_initArgv
 .text.svcControlMemory
                0x0000000000112060       0x20 C:/Users/Chris/Desktop/2Q/a/devkitPro/libctru/lib\libctru.a(svc.o)
                0x0000000000112060                svcControlMemory
 .text.svcQueryMemory
                0x0000000000112080       0x30 C:/Users/Chris/Desktop/2Q/a/devkitPro/libctru/lib\libctru.a(svc.o)
                0x0000000000112080                svcQueryMemory
 .text.svcExitProcess
                0x00000000001120b0        0x8 C:/Users/Chris/Desktop/2Q/a/devkitPro/libctru/lib\libctru.a(svc.o)
                0x00000000001120b0                svcExitProcess
 .text.svcCreateThread
                0x00000000001120b8       0x20 C:/Users/Chris/Desktop/2Q/a/devkitPro/libctru/lib\libctru.a(svc.o)
                0x00000000001120b8                svcCreateThread
 .text.svcExitThread
                0x00000000001120d8        0x8 C:/Users/Chris/Desktop/2Q/a/devkitPro/libctru/lib\libctru.a(svc.o)
                0x00000000001120d8                svcExitThread
 .text.svcSleepThread
                0x00000000001120e0        0x8 C:/Users/Chris/Desktop/2Q/a/devkitPro/libctru/lib\libctru.a(svc.o)
                0x00000000001120e0                svcSleepThread
 .text.svcReleaseMutex
                0x00000000001120e8        0x8 C:/Users/Chris/Desktop/2Q/a/devkitPro/libctru/lib\libctru.a(svc.o)
                0x00000000001120e8                svcReleaseMutex
 .text.svcCreateEvent
                0x00000000001120f0       0x14 C:/Users/Chris/Desktop/2Q/a/devkitPro/libctru/lib\libctru.a(svc.o)
                0x00000000001120f0                svcCreateEvent
 .text.svcSignalEvent
                0x0000000000112104        0x8 C:/Users/Chris/Desktop/2Q/a/devkitPro/libctru/lib\libctru.a(svc.o)
                0x0000000000112104                svcSignalEvent
 .text.svcClearEvent
                0x000000000011210c        0x8 C:/Users/Chris/Desktop/2Q/a/devkitPro/libctru/lib\libctru.a(svc.o)
                0x000000000011210c                svcClearEvent
 .text.svcMapMemoryBlock
                0x0000000000112114        0x8 C:/Users/Chris/Desktop/2Q/a/devkitPro/libctru/lib\libctru.a(svc.o)
                0x0000000000112114                svcMapMemoryBlock
 .text.svcUnmapMemoryBlock
                0x000000000011211c        0x8 C:/Users/Chris/Desktop/2Q/a/devkitPro/libctru/lib\libctru.a(svc.o)
                0x000000000011211c                svcUnmapMemoryBlock
 .text.svcCreateAddressArbiter
                0x0000000000112124       0x14 C:/Users/Chris/Desktop/2Q/a/devkitPro/libctru/lib\libctru.a(svc.o)
                0x0000000000112124                svcCreateAddressArbiter
 .text.svcArbitrateAddressNoTimeout
                0x0000000000112138        0x8 C:/Users/Chris/Desktop/2Q/a/devkitPro/libctru/lib\libctru.a(svc.o)
                0x0000000000112138                svcArbitrateAddressNoTimeout
 .text.svcCloseHandle
                0x0000000000112140        0x8 C:/Users/Chris/Desktop/2Q/a/devkitPro/libctru/lib\libctru.a(svc.o)
                0x0000000000112140                svcCloseHandle
 .text.svcWaitSynchronization
                0x0000000000112148        0x8 C:/Users/Chris/Desktop/2Q/a/devkitPro/libctru/lib\libctru.a(svc.o)
                0x0000000000112148                svcWaitSynchronization
 .text.svcWaitSynchronizationN
                0x0000000000112150       0x28 C:/Users/Chris/Desktop/2Q/a/devkitPro/libctru/lib\libctru.a(svc.o)
                0x0000000000112150                svcWaitSynchronizationN
 .text.svcDuplicateHandle
                0x0000000000112178       0x14 C:/Users/Chris/Desktop/2Q/a/devkitPro/libctru/lib\libctru.a(svc.o)
                0x0000000000112178                svcDuplicateHandle
 .text.svcGetSystemTick
                0x000000000011218c        0x8 C:/Users/Chris/Desktop/2Q/a/devkitPro/libctru/lib\libctru.a(svc.o)
                0x000000000011218c                svcGetSystemTick
 .text.svcConnectToPort
                0x0000000000112194       0x14 C:/Users/Chris/Desktop/2Q/a/devkitPro/libctru/lib\libctru.a(svc.o)
                0x0000000000112194                svcConnectToPort
 .text.svcSendSyncRequest
                0x00000000001121a8        0x8 C:/Users/Chris/Desktop/2Q/a/devkitPro/libctru/lib\libctru.a(svc.o)
                0x00000000001121a8                svcSendSyncRequest
 .text.svcGetResourceLimit
                0x00000000001121b0       0x14 C:/Users/Chris/Desktop/2Q/a/devkitPro/libctru/lib\libctru.a(svc.o)
                0x00000000001121b0                svcGetResourceLimit
 .text.svcGetResourceLimitLimitValues
                0x00000000001121c4        0x8 C:/Users/Chris/Desktop/2Q/a/devkitPro/libctru/lib\libctru.a(svc.o)
                0x00000000001121c4                svcGetResourceLimitLimitValues
 .text.svcGetResourceLimitCurrentValues
                0x00000000001121cc        0x8 C:/Users/Chris/Desktop/2Q/a/devkitPro/libctru/lib\libctru.a(svc.o)
                0x00000000001121cc                svcGetResourceLimitCurrentValues
 .text.svcBreak
                0x00000000001121d4        0x8 C:/Users/Chris/Desktop/2Q/a/devkitPro/libctru/lib\libctru.a(svc.o)
                0x00000000001121d4                svcBreak
 .text.initSystem
                0x00000000001121dc       0x50 C:/Users/Chris/Desktop/2Q/a/devkitPro/libctru/lib\libctru.a(stack_adjust.o)
                0x00000000001121dc                initSystem
 .text.__ctru_exit
                0x000000000011222c       0x18 C:/Users/Chris/Desktop/2Q/a/devkitPro/libctru/lib\libctru.a(stack_adjust.o)
                0x000000000011222c                __ctru_exit
 .text.__aeabi_read_tp
                0x0000000000112244        0xc C:/Users/Chris/Desktop/2Q/a/devkitPro/libctru/lib\libctru.a(readtp.o)
                0x0000000000112244                __aeabi_read_tp
 .text.__sync_init
                0x0000000000112250        0xc C:/Users/Chris/Desktop/2Q/a/devkitPro/libctru/lib\libctru.a(synchronization.o)
                0x0000000000112250                __sync_init
 .text.__sync_fini
                0x000000000011225c       0x18 C:/Users/Chris/Desktop/2Q/a/devkitPro/libctru/lib\libctru.a(synchronization.o)
                0x000000000011225c                __sync_fini
 .text.syncArbitrateAddress
                0x0000000000112274       0x2c C:/Users/Chris/Desktop/2Q/a/devkitPro/libctru/lib\libctru.a(synchronization.o)
                0x0000000000112274                syncArbitrateAddress
 .text.LightLock_Lock
                0x00000000001122a0       0xb0 C:/Users/Chris/Desktop/2Q/a/devkitPro/libctru/lib\libctru.a(synchronization.o)
                0x00000000001122a0                LightLock_Lock
 .text.LightLock_Unlock
                0x0000000000112350       0x40 C:/Users/Chris/Desktop/2Q/a/devkitPro/libctru/lib\libctru.a(synchronization.o)
                0x0000000000112350                LightLock_Unlock
 .text.RecursiveLock_Init
                0x0000000000112390       0x24 C:/Users/Chris/Desktop/2Q/a/devkitPro/libctru/lib\libctru.a(synchronization.o)
                0x0000000000112390                RecursiveLock_Init
 .text.RecursiveLock_Lock
                0x00000000001123b4       0x30 C:/Users/Chris/Desktop/2Q/a/devkitPro/libctru/lib\libctru.a(synchronization.o)
                0x00000000001123b4                RecursiveLock_Lock
 .text.RecursiveLock_Unlock
                0x00000000001123e4       0x54 C:/Users/Chris/Desktop/2Q/a/devkitPro/libctru/lib\libctru.a(synchronization.o)
                0x00000000001123e4                RecursiveLock_Unlock
 .text.LightEvent_Init
                0x0000000000112438       0x40 C:/Users/Chris/Desktop/2Q/a/devkitPro/libctru/lib\libctru.a(synchronization.o)
                0x0000000000112438                LightEvent_Init
 .text.LightEvent_Clear
                0x0000000000112478       0xa4 C:/Users/Chris/Desktop/2Q/a/devkitPro/libctru/lib\libctru.a(synchronization.o)
                0x0000000000112478                LightEvent_Clear
 .text.LightEvent_Signal
                0x000000000011251c       0xc8 C:/Users/Chris/Desktop/2Q/a/devkitPro/libctru/lib\libctru.a(synchronization.o)
                0x000000000011251c                LightEvent_Signal
 .text.LightEvent_TryWait
                0x00000000001125e4       0x50 C:/Users/Chris/Desktop/2Q/a/devkitPro/libctru/lib\libctru.a(synchronization.o)
                0x00000000001125e4                LightEvent_TryWait
 .text.LightEvent_Wait
                0x0000000000112634       0xb0 C:/Users/Chris/Desktop/2Q/a/devkitPro/libctru/lib\libctru.a(synchronization.o)
                0x0000000000112634                LightEvent_Wait
 .text.envGetHandle
                0x00000000001126e4       0x84 C:/Users/Chris/Desktop/2Q/a/devkitPro/libctru/lib\libctru.a(env.o)
                0x00000000001126e4                envGetHandle
 .text.envDestroyHandles
                0x0000000000112768       0x50 C:/Users/Chris/Desktop/2Q/a/devkitPro/libctru/lib\libctru.a(env.o)
                0x0000000000112768                envDestroyHandles
 .text.threadCreate
                0x00000000001127b8      0x1d0 C:/Users/Chris/Desktop/2Q/a/devkitPro/libctru/lib\libctru.a(thread.o)
                0x00000000001127b8                threadCreate
 .text.threadFree
                0x0000000000112988       0x2c C:/Users/Chris/Desktop/2Q/a/devkitPro/libctru/lib\libctru.a(thread.o)
                0x0000000000112988                threadFree
 .text.threadJoin
                0x00000000001129b4       0x24 C:/Users/Chris/Desktop/2Q/a/devkitPro/libctru/lib\libctru.a(thread.o)
                0x00000000001129b4                threadJoin
 .text.threadGetCurrent
                0x00000000001129d8       0x30 C:/Users/Chris/Desktop/2Q/a/devkitPro/libctru/lib\libctru.a(thread.o)
                0x00000000001129d8                threadGetCurrent
 .text.threadExit
                0x0000000000112a08       0x40 C:/Users/Chris/Desktop/2Q/a/devkitPro/libctru/lib\libctru.a(thread.o)
                0x0000000000112a08                threadExit
 .text._thread_begin
                0x0000000000112a48       0x20 C:/Users/Chris/Desktop/2Q/a/devkitPro/libctru/lib\libctru.a(thread.o)
 .text.mappableFindAddressWithin
                0x0000000000112a68       0xb4 C:/Users/Chris/Desktop/2Q/a/devkitPro/libctru/lib\libctru.a(mappable.o)
 .text.mappableInit
                0x0000000000112b1c       0x28 C:/Users/Chris/Desktop/2Q/a/devkitPro/libctru/lib\libctru.a(mappable.o)
                0x0000000000112b1c                mappableInit
 .text.mappableAlloc
                0x0000000000112b44       0x80 C:/Users/Chris/Desktop/2Q/a/devkitPro/libctru/lib\libctru.a(mappable.o)
                0x0000000000112b44                mappableAlloc
 .text.mappableFree
                0x0000000000112bc4        0x4 C:/Users/Chris/Desktop/2Q/a/devkitPro/libctru/lib\libctru.a(mappable.o)
                0x0000000000112bc4                mappableFree
 .text.irrstInit
                0x0000000000112bc8      0x164 C:/Users/Chris/Desktop/2Q/a/devkitPro/libctru/lib\libctru.a(irrst.o)
                0x0000000000112bc8                irrstInit
 .text.irrstExit
                0x0000000000112d2c       0xcc C:/Users/Chris/Desktop/2Q/a/devkitPro/libctru/lib\libctru.a(irrst.o)
                0x0000000000112d2c                irrstExit
 .text.irrstScanInput
                0x0000000000112df8       0xb4 C:/Users/Chris/Desktop/2Q/a/devkitPro/libctru/lib\libctru.a(irrst.o)
                0x0000000000112df8                irrstScanInput
 .text.irrstKeysHeld
                0x0000000000112eac       0x24 C:/Users/Chris/Desktop/2Q/a/devkitPro/libctru/lib\libctru.a(irrst.o)
                0x0000000000112eac                irrstKeysHeld
 .text.rbtree_node_next
                0x0000000000112ed0       0x5c C:/Users/Chris/Desktop/2Q/a/devkitPro/libctru/lib\libctru.a(rbtree_iterator.o)
                0x0000000000112ed0                rbtree_node_next
 .text.encode_utf16
                0x0000000000112f2c       0x54 C:/Users/Chris/Desktop/2Q/a/devkitPro/libctru/lib\libctru.a(encode_utf16.o)
                0x0000000000112f2c                encode_utf16
 .text.encode_utf8
                0x0000000000112f80       0xe0 C:/Users/Chris/Desktop/2Q/a/devkitPro/libctru/lib\libctru.a(encode_utf8.o)
                0x0000000000112f80                encode_utf8
 .text.decode_utf8
                0x0000000000113060      0x13c C:/Users/Chris/Desktop/2Q/a/devkitPro/libctru/lib\libctru.a(decode_utf8.o)
                0x0000000000113060                decode_utf8
 .text.__appInit
                0x000000000011319c       0x30 C:/Users/Chris/Desktop/2Q/a/devkitPro/libctru/lib\libctru.a(appInit.o)
                0x000000000011319c                __appInit
 .text.__syscall_getreent
                0x00000000001131cc       0x30 C:/Users/Chris/Desktop/2Q/a/devkitPro/libctru/lib\libctru.a(syscalls.o)
                0x00000000001131cc                __syscall_getreent
 .text.__syscall_gettod_r
                0x00000000001131fc       0x64 C:/Users/Chris/Desktop/2Q/a/devkitPro/libctru/lib\libctru.a(syscalls.o)
                0x00000000001131fc                __syscall_gettod_r
 .text.__syscall_lock_acquire
                0x0000000000113260        0x4 C:/Users/Chris/Desktop/2Q/a/devkitPro/libctru/lib\libctru.a(syscalls.o)
                0x0000000000113260                __syscall_lock_acquire
 .text.__syscall_lock_release
                0x0000000000113264        0x4 C:/Users/Chris/Desktop/2Q/a/devkitPro/libctru/lib\libctru.a(syscalls.o)
                0x0000000000113264                __syscall_lock_release
 .text.__syscall_lock_init_recursive
                0x0000000000113268        0x4 C:/Users/Chris/Desktop/2Q/a/devkitPro/libctru/lib\libctru.a(syscalls.o)
                0x0000000000113268                __syscall_lock_init_recursive
 .text.__syscall_lock_acquire_recursive
                0x000000000011326c        0x4 C:/Users/Chris/Desktop/2Q/a/devkitPro/libctru/lib\libctru.a(syscalls.o)
                0x000000000011326c                __syscall_lock_acquire_recursive
 .text.__syscall_lock_release_recursive
                0x0000000000113270        0x4 C:/Users/Chris/Desktop/2Q/a/devkitPro/libctru/lib\libctru.a(syscalls.o)
                0x0000000000113270                __syscall_lock_release_recursive
 .text.__syscall_exit
                0x0000000000113274        0x4 C:/Users/Chris/Desktop/2Q/a/devkitPro/libctru/lib\libctru.a(syscalls.o)
                0x0000000000113274                __syscall_exit
 .text.initThreadVars
                0x0000000000113278       0x50 C:/Users/Chris/Desktop/2Q/a/devkitPro/libctru/lib\libctru.a(syscalls.o)
                0x0000000000113278                initThreadVars
 .text.__system_initSyscalls
                0x00000000001132c8       0x80 C:/Users/Chris/Desktop/2Q/a/devkitPro/libctru/lib\libctru.a(syscalls.o)
                0x00000000001132c8                __system_initSyscalls
 .text.__appExit
                0x0000000000113348       0x30 C:/Users/Chris/Desktop/2Q/a/devkitPro/libctru/lib\libctru.a(appExit.o)
                0x0000000000113348                __appExit
 .text.__libctru_exit
                0x0000000000113378       0x90 C:/Users/Chris/Desktop/2Q/a/devkitPro/libctru/lib\libctru.a(ctru_exit.o)
                0x0000000000113378                __libctru_exit
 .text.archive_link
                0x0000000000113408       0x14 C:/Users/Chris/Desktop/2Q/a/devkitPro/libctru/lib\libctru.a(archive_dev.o)
 .text.archive_dirreset
                0x000000000011341c       0x14 C:/Users/Chris/Desktop/2Q/a/devkitPro/libctru/lib\libctru.a(archive_dev.o)
 .text.archive_chmod
                0x0000000000113430       0x14 C:/Users/Chris/Desktop/2Q/a/devkitPro/libctru/lib\libctru.a(archive_dev.o)
 .text.error_cmp
                0x0000000000113444       0x24 C:/Users/Chris/Desktop/2Q/a/devkitPro/libctru/lib\libctru.a(archive_dev.o)
 .text.archive_translate_error
                0x0000000000113468       0x50 C:/Users/Chris/Desktop/2Q/a/devkitPro/libctru/lib\libctru.a(archive_dev.o)
 .text.archive_seek
                0x00000000001134b8       0xc8 C:/Users/Chris/Desktop/2Q/a/devkitPro/libctru/lib\libctru.a(archive_dev.o)
 .text._archiveInit.part.0
                0x0000000000113580       0x7c C:/Users/Chris/Desktop/2Q/a/devkitPro/libctru/lib\libctru.a(archive_dev.o)
 .text.archiveFindDevice.part.0
                0x00000000001135fc       0xc4 C:/Users/Chris/Desktop/2Q/a/devkitPro/libctru/lib\libctru.a(archive_dev.o)
 .text.archive_utf16path
                0x00000000001136c0      0x25c C:/Users/Chris/Desktop/2Q/a/devkitPro/libctru/lib\libctru.a(archive_dev.o)
 .text._archiveUnmountDeviceStruct.part.0
                0x000000000011391c       0xa0 C:/Users/Chris/Desktop/2Q/a/devkitPro/libctru/lib\libctru.a(archive_dev.o)
 .text.archive_fchmod
                0x00000000001139bc       0x14 C:/Users/Chris/Desktop/2Q/a/devkitPro/libctru/lib\libctru.a(archive_dev.o)
 .text.archive_statvfs
                0x00000000001139d0       0x14 C:/Users/Chris/Desktop/2Q/a/devkitPro/libctru/lib\libctru.a(archive_dev.o)
 .text._archiveMountDevice
                0x00000000001139e4      0x164 C:/Users/Chris/Desktop/2Q/a/devkitPro/libctru/lib\libctru.a(archive_dev.o)
 .text.archive_diropen
                0x0000000000113b48       0xe8 C:/Users/Chris/Desktop/2Q/a/devkitPro/libctru/lib\libctru.a(archive_dev.o)
 .text.archive_fstat
                0x0000000000113c30       0xa4 C:/Users/Chris/Desktop/2Q/a/devkitPro/libctru/lib\libctru.a(archive_dev.o)
 .text.archive_close
                0x0000000000113cd4       0x6c C:/Users/Chris/Desktop/2Q/a/devkitPro/libctru/lib\libctru.a(archive_dev.o)
 .text.archive_fsync
                0x0000000000113d40       0x6c C:/Users/Chris/Desktop/2Q/a/devkitPro/libctru/lib\libctru.a(archive_dev.o)
 .text.archive_dirclose
                0x0000000000113dac       0x70 C:/Users/Chris/Desktop/2Q/a/devkitPro/libctru/lib\libctru.a(archive_dev.o)
 .text.sdmc_statvfs
                0x0000000000113e1c       0xe8 C:/Users/Chris/Desktop/2Q/a/devkitPro/libctru/lib\libctru.a(archive_dev.o)
 .text.archive_chdir
                0x0000000000113f04       0xec C:/Users/Chris/Desktop/2Q/a/devkitPro/libctru/lib\libctru.a(archive_dev.o)
 .text.archive_ftruncate
                0x0000000000113ff0       0x7c C:/Users/Chris/Desktop/2Q/a/devkitPro/libctru/lib\libctru.a(archive_dev.o)
 .text.archive_read
                0x000000000011406c       0xac C:/Users/Chris/Desktop/2Q/a/devkitPro/libctru/lib\libctru.a(archive_dev.o)
 .text.archive_unlink
                0x0000000000114118       0xa4 C:/Users/Chris/Desktop/2Q/a/devkitPro/libctru/lib\libctru.a(archive_dev.o)
 .text.archive_rmdir
                0x00000000001141bc       0xbc C:/Users/Chris/Desktop/2Q/a/devkitPro/libctru/lib\libctru.a(archive_dev.o)
 .text.archive_mkdir
                0x0000000000114278       0xdc C:/Users/Chris/Desktop/2Q/a/devkitPro/libctru/lib\libctru.a(archive_dev.o)
 .text.archive_stat
                0x0000000000114354      0x19c C:/Users/Chris/Desktop/2Q/a/devkitPro/libctru/lib\libctru.a(archive_dev.o)
 .text.archive_dirnext
                0x00000000001144f0      0x15c C:/Users/Chris/Desktop/2Q/a/devkitPro/libctru/lib\libctru.a(archive_dev.o)
 .text.archive_write
                0x000000000011464c       0xec C:/Users/Chris/Desktop/2Q/a/devkitPro/libctru/lib\libctru.a(archive_dev.o)
 .text.archive_open
                0x0000000000114738      0x1d4 C:/Users/Chris/Desktop/2Q/a/devkitPro/libctru/lib\libctru.a(archive_dev.o)
 .text.archive_rename
                0x000000000011490c      0x278 C:/Users/Chris/Desktop/2Q/a/devkitPro/libctru/lib\libctru.a(archive_dev.o)
 .text.archiveMountSdmc
                0x0000000000114b84      0x19c C:/Users/Chris/Desktop/2Q/a/devkitPro/libctru/lib\libctru.a(archive_dev.o)
                0x0000000000114b84                archiveMountSdmc
 .text.archiveUnmountAll
                0x0000000000114d20       0x54 C:/Users/Chris/Desktop/2Q/a/devkitPro/libctru/lib\libctru.a(archive_dev.o)
                0x0000000000114d20                archiveUnmountAll
 *fill*         0x0000000000114d74        0x4 
 .text.cosf     0x0000000000114d78      0x22c c:/users/chris/desktop/2q/a/devkitpro/devkitarm/bin/../lib/gcc/arm-none-eabi/12.2.0/../../../../arm-none-eabi/lib/armv6k/fpu\libm.a(lib_a-cosf.o)
                0x0000000000114d78                cosf
 .text.with_errnof
                0x0000000000114fa4       0x24 c:/users/chris/desktop/2q/a/devkitpro/devkitarm/bin/../lib/gcc/arm-none-eabi/12.2.0/../../../../arm-none-eabi/lib/armv6k/fpu\libm.a(lib_a-math_errf.o)
 .text.__math_invalidf
                0x0000000000114fc8       0x1c c:/users/chris/desktop/2q/a/devkitpro/devkitarm/bin/../lib/gcc/arm-none-eabi/12.2.0/../../../../arm-none-eabi/lib/armv6k/fpu\libm.a(lib_a-math_errf.o)
                0x0000000000114fc8                __math_invalidf
 *fill*         0x0000000000114fe4        0x4 
 .text.cos      0x0000000000114fe8       0xc0 c:/users/chris/desktop/2q/a/devkitpro/devkitarm/bin/../lib/gcc/arm-none-eabi/12.2.0/../../../../arm-none-eabi/lib/armv6k/fpu\libm.a(lib_a-s_cos.o)
                0x0000000000114fe8                cos
 .text.sinf     0x00000000001150a8      0x24c c:/users/chris/desktop/2q/a/devkitpro/devkitarm/bin/../lib/gcc/arm-none-eabi/12.2.0/../../../../arm-none-eabi/lib/armv6k/fpu\libm.a(lib_a-sinf.o)
                0x00000000001150a8                sinf
 *fill*         0x00000000001152f4        0x4 
 .text.sin      0x00000000001152f8       0xc8 c:/users/chris/desktop/2q/a/devkitpro/devkitarm/bin/../lib/gcc/arm-none-eabi/12.2.0/../../../../arm-none-eabi/lib/armv6k/fpu\libm.a(lib_a-s_sin.o)
                0x00000000001152f8                sin
 .text.atan2f   0x00000000001153c0        0x4 c:/users/chris/desktop/2q/a/devkitpro/devkitarm/bin/../lib/gcc/arm-none-eabi/12.2.0/../../../../arm-none-eabi/lib/armv6k/fpu\libm.a(lib_a-wf_atan2.o)
                0x00000000001153c0                atan2f
 .text.sqrtf    0x00000000001153c4       0x50 c:/users/chris/desktop/2q/a/devkitpro/devkitarm/bin/../lib/gcc/arm-none-eabi/12.2.0/../../../../arm-none-eabi/lib/armv6k/fpu\libm.a(lib_a-wf_sqrt.o)
                0x00000000001153c4                sqrtf
 *fill*         0x0000000000115414        0x4 
 .text.sqrt     0x0000000000115418       0x58 c:/users/chris/desktop/2q/a/devkitpro/devkitarm/bin/../lib/gcc/arm-none-eabi/12.2.0/../../../../arm-none-eabi/lib/armv6k/fpu\libm.a(lib_a-w_sqrt.o)
                0x0000000000115418                sqrt
 .text.__ieee754_atan2f
                0x0000000000115470      0x1a0 c:/users/chris/desktop/2q/a/devkitpro/devkitarm/bin/../lib/gcc/arm-none-eabi/12.2.0/../../../../arm-none-eabi/lib/armv6k/fpu\libm.a(lib_a-ef_atan2.o)
                0x0000000000115470                __ieee754_atan2f
 .text.__ieee754_sqrtf
                0x0000000000115610        0x8 c:/users/chris/desktop/2q/a/devkitpro/devkitarm/bin/../lib/gcc/arm-none-eabi/12.2.0/../../../../arm-none-eabi/lib/armv6k/fpu\libm.a(lib_a-ef_sqrt.o)
                0x0000000000115610                __ieee754_sqrtf
 .text.__ieee754_rem_pio2
                0x0000000000115618      0x308 c:/users/chris/desktop/2q/a/devkitpro/devkitarm/bin/../lib/gcc/arm-none-eabi/12.2.0/../../../../arm-none-eabi/lib/armv6k/fpu\libm.a(lib_a-e_rem_pio2.o)
                0x0000000000115618                __ieee754_rem_pio2
 .text.__ieee754_sqrt
                0x0000000000115920        0x8 c:/users/chris/desktop/2q/a/devkitpro/devkitarm/bin/../lib/gcc/arm-none-eabi/12.2.0/../../../../arm-none-eabi/lib/armv6k/fpu\libm.a(lib_a-e_sqrt.o)
                0x0000000000115920                __ieee754_sqrt
 .text.__kernel_cos
                0x0000000000115928      0x158 c:/users/chris/desktop/2q/a/devkitpro/devkitarm/bin/../lib/gcc/arm-none-eabi/12.2.0/../../../../arm-none-eabi/lib/armv6k/fpu\libm.a(lib_a-k_cos.o)
                0x0000000000115928                __kernel_cos
 .text.__kernel_rem_pio2
                0x0000000000115a80      0x8c0 c:/users/chris/desktop/2q/a/devkitpro/devkitarm/bin/../lib/gcc/arm-none-eabi/12.2.0/../../../../arm-none-eabi/lib/armv6k/fpu\libm.a(lib_a-k_rem_pio2.o)
                0x0000000000115a80                __kernel_rem_pio2
 .text.__kernel_sin
                0x0000000000116340       0xc0 c:/users/chris/desktop/2q/a/devkitpro/devkitarm/bin/../lib/gcc/arm-none-eabi/12.2.0/../../../../arm-none-eabi/lib/armv6k/fpu\libm.a(lib_a-k_sin.o)
                0x0000000000116340                __kernel_sin
 .text.fabs     0x0000000000116400       0x14 c:/users/chris/desktop/2q/a/devkitpro/devkitarm/bin/../lib/gcc/arm-none-eabi/12.2.0/../../../../arm-none-eabi/lib/armv6k/fpu\libm.a(lib_a-s_fabs.o)
                0x0000000000116400                fabs
 .text.atanf    0x0000000000116414      0x1f8 c:/users/chris/desktop/2q/a/devkitpro/devkitarm/bin/../lib/gcc/arm-none-eabi/12.2.0/../../../../arm-none-eabi/lib/armv6k/fpu\libm.a(lib_a-sf_atan.o)
                0x0000000000116414                atanf
 .text.fabsf    0x000000000011660c       0x10 c:/users/chris/desktop/2q/a/devkitpro/devkitarm/bin/../lib/gcc/arm-none-eabi/12.2.0/../../../../arm-none-eabi/lib/armv6k/fpu\libm.a(lib_a-sf_fabs.o)
                0x000000000011660c                fabsf
 *fill*         0x000000000011661c        0x4 
 .text.floor    0x0000000000116620      0x144 c:/users/chris/desktop/2q/a/devkitpro/devkitarm/bin/../lib/gcc/arm-none-eabi/12.2.0/../../../../arm-none-eabi/lib/armv6k/fpu\libm.a(lib_a-s_floor.o)
                0x0000000000116620                floor
 *fill*         0x0000000000116764        0x4 
 .text.scalbn   0x0000000000116768      0x140 c:/users/chris/desktop/2q/a/devkitpro/devkitarm/bin/../lib/gcc/arm-none-eabi/12.2.0/../../../../arm-none-eabi/lib/armv6k/fpu\libm.a(lib_a-s_scalbn.o)
                0x0000000000116768                scalbn
 .text.__udivmoddi4
                0x00000000001168a8      0x120 c:/users/chris/desktop/2q/a/devkitpro/devkitarm/bin/../lib/gcc/arm-none-eabi/12.2.0/armv6k/fpu\libgcc.a(_udivmoddi4.o)
                0x00000000001168a8                __udivmoddi4
 .text.bsearch  0x00000000001169c8       0x78 c:/users/chris/desktop/2q/a/devkitpro/devkitarm/bin/../lib/gcc/arm-none-eabi/12.2.0/../../../../arm-none-eabi/lib/armv6k/fpu\libg.a(lib_a-bsearch.o)
                0x00000000001169c8                bsearch
 .text.calloc   0x0000000000116a40       0x20 c:/users/chris/desktop/2q/a/devkitpro/devkitarm/bin/../lib/gcc/arm-none-eabi/12.2.0/../../../../arm-none-eabi/lib/armv6k/fpu\libg.a(lib_a-calloc.o)
                0x0000000000116a40                calloc
 .text._calloc_r
                0x0000000000116a60       0xc0 c:/users/chris/desktop/2q/a/devkitpro/devkitarm/bin/../lib/gcc/arm-none-eabi/12.2.0/../../../../arm-none-eabi/lib/armv6k/fpu\libg.a(lib_a-callocr.o)
                0x0000000000116a60                _calloc_r
 .text.__errno  0x0000000000116b20        0xc c:/users/chris/desktop/2q/a/devkitpro/devkitarm/bin/../lib/gcc/arm-none-eabi/12.2.0/../../../../arm-none-eabi/lib/armv6k/fpu\libg.a(lib_a-errno.o)
                0x0000000000116b20                __errno
 .text.exit     0x0000000000116b2c       0x34 c:/users/chris/desktop/2q/a/devkitpro/devkitarm/bin/../lib/gcc/arm-none-eabi/12.2.0/../../../../arm-none-eabi/lib/armv6k/fpu\libg.a(lib_a-exit.o)
                0x0000000000116b2c                exit
 .text._fclose_r
                0x0000000000116b60      0x15c c:/users/chris/desktop/2q/a/devkitpro/devkitarm/bin/../lib/gcc/arm-none-eabi/12.2.0/../../../../arm-none-eabi/lib/armv6k/fpu\libg.a(lib_a-fclose.o)
                0x0000000000116b60                _fclose_r
 .text.fclose   0x0000000000116cbc       0x18 c:/users/chris/desktop/2q/a/devkitpro/devkitarm/bin/../lib/gcc/arm-none-eabi/12.2.0/../../../../arm-none-eabi/lib/armv6k/fpu\libg.a(lib_a-fclose.o)
                0x0000000000116cbc                fclose
 .text.__sflush_r
                0x0000000000116cd4      0x234 c:/users/chris/desktop/2q/a/devkitpro/devkitarm/bin/../lib/gcc/arm-none-eabi/12.2.0/../../../../arm-none-eabi/lib/armv6k/fpu\libg.a(lib_a-fflush.o)
                0x0000000000116cd4                __sflush_r
 .text._fflush_r
                0x0000000000116f08       0x94 c:/users/chris/desktop/2q/a/devkitpro/devkitarm/bin/../lib/gcc/arm-none-eabi/12.2.0/../../../../arm-none-eabi/lib/armv6k/fpu\libg.a(lib_a-fflush.o)
                0x0000000000116f08                _fflush_r
 .text.fflush   0x0000000000116f9c       0x38 c:/users/chris/desktop/2q/a/devkitpro/devkitarm/bin/../lib/gcc/arm-none-eabi/12.2.0/../../../../arm-none-eabi/lib/armv6k/fpu\libg.a(lib_a-fflush.o)
                0x0000000000116f9c                fflush
 .text._cleanup_r
                0x0000000000116fd4        0xc c:/users/chris/desktop/2q/a/devkitpro/devkitarm/bin/../lib/gcc/arm-none-eabi/12.2.0/../../../../arm-none-eabi/lib/armv6k/fpu\libg.a(lib_a-findfp.o)
                0x0000000000116fd4                _cleanup_r
 .text.__sinit  0x0000000000116fe0      0x184 c:/users/chris/desktop/2q/a/devkitpro/devkitarm/bin/../lib/gcc/arm-none-eabi/12.2.0/../../../../arm-none-eabi/lib/armv6k/fpu\libg.a(lib_a-findfp.o)
                0x0000000000116fe0                __sinit
 .text.__sfp    0x0000000000117164      0x134 c:/users/chris/desktop/2q/a/devkitpro/devkitarm/bin/../lib/gcc/arm-none-eabi/12.2.0/../../../../arm-none-eabi/lib/armv6k/fpu\libg.a(lib_a-findfp.o)
                0x0000000000117164                __sfp
 .text.__sfp_lock_acquire
                0x0000000000117298        0xc c:/users/chris/desktop/2q/a/devkitpro/devkitarm/bin/../lib/gcc/arm-none-eabi/12.2.0/../../../../arm-none-eabi/lib/armv6k/fpu\libg.a(lib_a-findfp.o)
                0x0000000000117298                __sfp_lock_acquire
 .text.__sfp_lock_release
                0x00000000001172a4        0xc c:/users/chris/desktop/2q/a/devkitpro/devkitarm/bin/../lib/gcc/arm-none-eabi/12.2.0/../../../../arm-none-eabi/lib/armv6k/fpu\libg.a(lib_a-findfp.o)
                0x00000000001172a4                __sfp_lock_release
 .text.__libc_fini_array
                0x00000000001172b0       0x3c c:/users/chris/desktop/2q/a/devkitpro/devkitarm/bin/../lib/gcc/arm-none-eabi/12.2.0/../../../../arm-none-eabi/lib/armv6k/fpu\libg.a(lib_a-fini.o)
                0x00000000001172b0                __libc_fini_array
 .text._fopen_r
                0x00000000001172ec      0x134 c:/users/chris/desktop/2q/a/devkitpro/devkitarm/bin/../lib/gcc/arm-none-eabi/12.2.0/../../../../arm-none-eabi/lib/armv6k/fpu\libg.a(lib_a-fopen.o)
                0x00000000001172ec                _fopen_r
 .text.fopen    0x0000000000117420       0x20 c:/users/chris/desktop/2q/a/devkitpro/devkitarm/bin/../lib/gcc/arm-none-eabi/12.2.0/../../../../arm-none-eabi/lib/armv6k/fpu\libg.a(lib_a-fopen.o)
                0x0000000000117420                fopen
 .text._fread_r
                0x0000000000117440      0x2d0 c:/users/chris/desktop/2q/a/devkitpro/devkitarm/bin/../lib/gcc/arm-none-eabi/12.2.0/../../../../arm-none-eabi/lib/armv6k/fpu\libg.a(lib_a-fread.o)
                0x0000000000117440                _fread_r
 .text.fread    0x0000000000117710       0x38 c:/users/chris/desktop/2q/a/devkitpro/devkitarm/bin/../lib/gcc/arm-none-eabi/12.2.0/../../../../arm-none-eabi/lib/armv6k/fpu\libg.a(lib_a-fread.o)
                0x0000000000117710                fread
 .text._malloc_trim_r
                0x0000000000117748       0xf8 c:/users/chris/desktop/2q/a/devkitpro/devkitarm/bin/../lib/gcc/arm-none-eabi/12.2.0/../../../../arm-none-eabi/lib/armv6k/fpu\libg.a(lib_a-freer.o)
                0x0000000000117748                _malloc_trim_r
 .text._free_r  0x0000000000117840      0x2e8 c:/users/chris/desktop/2q/a/devkitpro/devkitarm/bin/../lib/gcc/arm-none-eabi/12.2.0/../../../../arm-none-eabi/lib/armv6k/fpu\libg.a(lib_a-freer.o)
                0x0000000000117840                _free_r
 .text._fseek_r
                0x0000000000117b28       0x1c c:/users/chris/desktop/2q/a/devkitpro/devkitarm/bin/../lib/gcc/arm-none-eabi/12.2.0/../../../../arm-none-eabi/lib/armv6k/fpu\libg.a(lib_a-fseek.o)
                0x0000000000117b28                _fseek_r
 .text._fseeko_r