Archive member included to satisfy reference by file (symbol)

C:/devkitPro/libctru/lib\libcitro2d.a(base.o)
                              main.o (C2D_Init)
C:/devkitPro/libctru/lib\libcitro2d.a(text.o)
                              main.o (C2D_TextBufNew)
C:/devkitPro/libctru/lib\libcitro2d.a(spritesheet.o)
                              main.o (C2D_SpriteSheetLoad)
C:/devkitPro/libctru/lib\libcitro2d.a(font.o)
                              C:/devkitPro/libctru/lib\libcitro2d.a(text.o) (C2D_FontGlyphIndexFromCodePoint)
C:/devkitPro/libctru/lib\libcitro2d.a(render2d.shbin.o)
                              C:/devkitPro/libctru/lib\libcitro2d.a(base.o) (render2d_shbin)
C:/devkitPro/libctru/lib\libcitro3d.a(base.o)
                              main.o (C3D_Init)
C:/devkitPro/libctru/lib\libcitro3d.a(renderqueue.o)
                              C:/devkitPro/libctru/lib\libcitro3d.a(base.o) (C3Di_RenderQueueEnableVBlank)
C:/devkitPro/libctru/lib\libcitro3d.a(texture.o)
                              C:/devkitPro/libctru/lib\libcitro2d.a(base.o) (C3D_TexBind)
C:/devkitPro/libctru/lib\libcitro3d.a(tex3ds.o)
                              C:/devkitPro/libctru/lib\libcitro2d.a(spritesheet.o) (Tex3DS_TextureImport)
C:/devkitPro/libctru/lib\libcitro3d.a(framebuffer.o)
                              C:/devkitPro/libctru/lib\libcitro3d.a(renderqueue.o) (C3D_CalcColorBufSize)
C:/devkitPro/libctru/lib\libcitro3d.a(texenv.o)
                              C:/devkitPro/libctru/lib\libcitro2d.a(base.o) (C3D_GetTexEnv)
C:/devkitPro/libctru/lib\libcitro3d.a(drawElements.o)
                              C:/devkitPro/libctru/lib\libcitro2d.a(base.o) (C3D_DrawElements)
C:/devkitPro/libctru/lib\libcitro3d.a(proctex.o)
                              C:/devkitPro/libctru/lib\libcitro2d.a(base.o) (C3D_ProcTexInit)
C:/devkitPro/libctru/lib\libcitro3d.a(buffers.o)
                              C:/devkitPro/libctru/lib\libcitro2d.a(base.o) (BufInfo_Init)
C:/devkitPro/libctru/lib\libcitro3d.a(effect.o)
                              C:/devkitPro/libctru/lib\libcitro3d.a(base.o) (C3D_DepthMap)
C:/devkitPro/libctru/lib\libcitro3d.a(attribs.o)
                              C:/devkitPro/libctru/lib\libcitro2d.a(base.o) (AttrInfo_Init)
C:/devkitPro/libctru/lib\libcitro3d.a(immediate.o)
                              C:/devkitPro/libctru/lib\libcitro3d.a(base.o) (C3D_ImmSendAttrib)
C:/devkitPro/libctru/lib\libcitro3d.a(uniforms.o)
                              C:/devkitPro/libctru/lib\libcitro3d.a(base.o) (C3D_UpdateUniforms)
C:/devkitPro/libctru/lib\libcitro3d.a(mtx_ortho.o)
                              C:/devkitPro/libctru/lib\libcitro2d.a(base.o) (Mtx_Ortho)
C:/devkitPro/libctru/lib\libcitro3d.a(mtx_scale.o)
                              C:/devkitPro/libctru/lib\libcitro2d.a(base.o) (Mtx_Scale)
C:/devkitPro/libctru/lib\libcitro3d.a(mtx_multiply.o)
                              C:/devkitPro/libctru/lib\libcitro2d.a(base.o) (Mtx_Multiply)
C:/devkitPro/libctru/lib\libcitro3d.a(mtx_orthotilt.o)
                              C:/devkitPro/libctru/lib\libcitro2d.a(base.o) (Mtx_OrthoTilt)
C:/devkitPro/libctru/lib\libcitro3d.a(mtx_translate.o)
                              C:/devkitPro/libctru/lib\libcitro2d.a(base.o) (Mtx_Translate)
C:/devkitPro/libctru/lib\libcitro3d.a(mtx_rotatez.o)
                              C:/devkitPro/libctru/lib\libcitro2d.a(base.o) (Mtx_RotateZ)
C:/devkitPro/libctru/lib\libctru.a(vram.o)
                              C:/devkitPro/libctru/lib\libcitro3d.a(renderqueue.o) (vramAlloc)
C:/devkitPro/libctru/lib\libctru.a(linear.o)
                              C:/devkitPro/libctru/lib\libcitro2d.a(base.o) (linearAlloc)
C:/devkitPro/libctru/lib\libctru.a(mem_pool.o)
                              C:/devkitPro/libctru/lib\libctru.a(vram.o) (MemPool::Allocate(MemChunk&, unsigned long, int))
C:/devkitPro/libctru/lib\libctru.a(romfs_dev.o)
                              main.o (romfsMountSelf)
C:/devkitPro/libctru/lib\libctru.a(os.o)
                              C:/devkitPro/libctru/lib\libcitro3d.a(texture.o) (osConvertVirtToPhys)
C:/devkitPro/libctru/lib\libctru.a(path_buf.o)
                              C:/devkitPro/libctru/lib\libctru.a(romfs_dev.o) (__ctru_dev_utf16_buf)
C:/devkitPro/libctru/lib\libctru.a(font.o)
                              C:/devkitPro/libctru/lib\libcitro2d.a(text.o) (fontEnsureMapped)
C:/devkitPro/libctru/lib\libctru.a(srv.o)
                              main.o (srvInit)
C:/devkitPro/libctru/lib\libctru.a(gfx.o)
                              C:/devkitPro/libctru/lib\libcitro2d.a(base.o) (gfxIsWide)
C:/devkitPro/libctru/lib\libctru.a(shaderProgram.o)
                              C:/devkitPro/libctru/lib\libcitro2d.a(base.o) (shaderInstanceGetUniformLocation)
C:/devkitPro/libctru/lib\libctru.a(shbin.o)
                              C:/devkitPro/libctru/lib\libcitro2d.a(base.o) (DVLB_ParseFile)
C:/devkitPro/libctru/lib\libctru.a(gx.o)
[...]
Memory Configuration

Name             Origin             Length             Attributes
*default*        0x0000000000000000 0xffffffffffffffff

Linker script and memory map

                0x0000000000100000                PROVIDE (__start__ = 0x100000)
                0x0000000000100000                . = __start__

.text           0x0000000000100000    0x27c64
 *(.crt0)
 .crt0          0x0000000000100000       0x94 c:/devkitpro/devkitarm/bin/../lib/gcc/arm-none-eabi/12.2.0/../../../../arm-none-eabi/lib/armv6k/fpu/3dsx_crt0.o
                0x0000000000100000                _start
                0x0000000000100008                __service_ptr
                0x000000000010000c                __apt_appid
                0x0000000000100010                __heap_size
                0x0000000000100014                __linear_heap_size
                0x0000000000100018                __system_arglist
                0x000000000010001c                __system_runflags
 *(.init)
 .init          0x0000000000100094        0xc c:/devkitpro/devkitarm/bin/../lib/gcc/arm-none-eabi/12.2.0/armv6k/fpu/crti.o
                0x0000000000100094                _init
 .init          0x00000000001000a0        0xc c:/devkitpro/devkitarm/bin/../lib/gcc/arm-none-eabi/12.2.0/armv6k/fpu/crtn.o
                0x00000000001000ac                . = ALIGN (0x4)
 *(.text)
 .text          0x00000000001000ac      0x20c c:/devkitpro/devkitarm/bin/../lib/gcc/arm-none-eabi/12.2.0/armv6k/fpu\libgcc.a(_udivsi3.o)
                0x00000000001000ac                __aeabi_uidiv
                0x00000000001000ac                __udivsi3
                0x0000000000100298                __aeabi_uidivmod
 .text          0x00000000001002b8      0x240 c:/devkitpro/devkitarm/bin/../lib/gcc/arm-none-eabi/12.2.0/armv6k/fpu\libgcc.a(_divsi3.o)
                0x00000000001002b8                __divsi3
                0x00000000001002b8                __aeabi_idiv
                0x00000000001004d8                __aeabi_idivmod
 .text          0x00000000001004f8        0x4 c:/devkitpro/devkitarm/bin/../lib/gcc/arm-none-eabi/12.2.0/armv6k/fpu\libgcc.a(_dvmd_tls.o)
                0x00000000001004f8                __aeabi_idiv0
                0x00000000001004f8                __aeabi_ldiv0
 .text          0x00000000001004fc      0x3c0 c:/devkitpro/devkitarm/bin/../lib/gcc/arm-none-eabi/12.2.0/armv6k/fpu\libgcc.a(_arm_addsubdf3.o)
                0x00000000001004fc                __aeabi_drsub
                0x0000000000100504                __aeabi_dsub
                0x0000000000100504                __subdf3
                0x0000000000100508                __aeabi_dadd
                0x0000000000100508                __adddf3
                0x00000000001007b4                __floatunsidf
                0x00000000001007b4                __aeabi_ui2d
                0x00000000001007d8                __floatsidf
                0x00000000001007d8                __aeabi_i2d
                0x0000000000100800                __aeabi_f2d
                0x0000000000100800                __extendsfdf2
                0x0000000000100848                __floatundidf
                0x0000000000100848                __aeabi_ul2d
                0x000000000010085c                __floatdidf
                0x000000000010085c                __aeabi_l2d
 .text          0x00000000001008bc       0xd4 c:/devkitpro/devkitarm/bin/../lib/gcc/arm-none-eabi/12.2.0/armv6k/fpu\libgcc.a(_aeabi_ldivmod.o)
                0x00000000001008bc                __aeabi_ldivmod
 .text          0x0000000000100990       0x3c c:/devkitpro/devkitarm/bin/../lib/gcc/arm-none-eabi/12.2.0/armv6k/fpu\libgcc.a(_aeabi_uldivmod.o)
                0x0000000000100990                __aeabi_uldivmod
 *fill*         0x00000000001009cc       0x14 
 .text          0x00000000001009e0      0x390 c:/devkitpro/devkitarm/bin/../lib/gcc/arm-none-eabi/12.2.0/../../../../arm-none-eabi/lib/armv6k/fpu\libg.a(lib_a-strcmp.o)
                0x00000000001009e8                strcmp
 *(.text.*)
 .text.__do_global_dtors_aux
                0x0000000000100d70       0x40 c:/devkitpro/devkitarm/bin/../lib/gcc/arm-none-eabi/12.2.0/armv6k/fpu/crtbegin.o
 .text.frame_dummy
                0x0000000000100db0       0x2c c:/devkitpro/devkitarm/bin/../lib/gcc/arm-none-eabi/12.2.0/armv6k/fpu/crtbegin.o
 .text.C2D_Color32f
                0x0000000000100ddc       0xf4 main.o
 .text.C2D_DrawCircleSolid.constprop.0.isra.0
                0x0000000000100ed0       0x2c main.o
 .text.C2D_DrawSprite.isra.0
                0x0000000000100efc       0x10 main.o
 .text.C2D_SceneBegin
                0x0000000000100f0c       0x28 main.o
 *fill*         0x0000000000100f34        0x4 
 .text.init_player
                0x0000000000100f38      0xfc8 main.o
                0x0000000000100f38                init_player
 .text.Init_BG  0x0000000000101f00      0x250 main.o
                0x0000000000101f00                Init_BG
 .text.rotacionDelFondo
                0x0000000000102150      0x138 main.o
                0x0000000000102150                rotacionDelFondo
 .text.draw_stats
                0x0000000000102288      0x120 main.o
                0x0000000000102288                draw_stats
 .text.draw_bullets_bot
                0x00000000001023a8      0x11c main.o
                0x00000000001023a8                draw_bullets_bot
 *fill*         0x00000000001024c4        0x4 
 .text.draw_bullets_top
                0x00000000001024c8      0x114 main.o
                0x00000000001024c8                draw_bullets_top
 *fill*         0x00000000001025dc        0x4 
 .text.draw_lasers_top
                0x00000000001025e0       0xac main.o
                0x00000000001025e0                draw_lasers_top
 *fill*         0x000000000010268c        0x4 
 .text.draw_lasers_bot
                0x0000000000102690       0xac main.o
                0x0000000000102690                draw_lasers_bot
 .text.draw_hitbox
                0x000000000010273c       0x30 main.o
                0x000000000010273c                draw_hitbox
 *fill*         0x000000000010276c        0x4 
 .text.draw_minions_top
                0x0000000000102770       0xb0 main.o
                0x0000000000102770                draw_minions_top
 .text.draw_minions_bot
                0x0000000000102820       0xb0 main.o
                0x0000000000102820                draw_minions_bot
 .text.orb_movement
                0x00000000001028d0      0x340 main.o
                0x00000000001028d0                orb_movement
 .text.orb_logic
                0x0000000000102c10       0x58 main.o
                0x0000000000102c10                orb_logic
 .text.draw_orbs
                0x0000000000102c68       0x5c main.o
                0x0000000000102c68                draw_orbs
 .text.spawn_minion_top
                0x0000000000102cc4      0x18c main.o
                0x0000000000102cc4                spawn_minion_top
 .text.player_hit_effect
                0x0000000000102e50       0x5c main.o
                0x0000000000102e50                player_hit_effect
 .text.player_logic
                0x0000000000102eac      0x258 main.o
                0x0000000000102eac                player_logic
 *fill*         0x0000000000103104        0x4 
 .text.enemy_ship_logic
                0x0000000000103108      0x1f0 main.o
                0x0000000000103108                enemy_ship_logic
 .text.draw_boss_pos_bar
                0x00000000001032f8       0x88 main.o
                0x00000000001032f8                draw_boss_pos_bar
 .text.shoot_bullet
                0x0000000000103380      0x18c main.o
                0x0000000000103380                shoot_bullet
 *fill*         0x000000000010350c        0x4 
 .text.shoot_enemy_bullet
                0x0000000000103510      0x208 main.o
                0x0000000000103510                shoot_enemy_bullet
 .text.bullet_logic
                0x0000000000103718      0x654 main.o
                0x0000000000103718                bullet_logic
 .text.laser_logic
                0x0000000000103d6c       0xb4 main.o
                0x0000000000103d6c                laser_logic
 .text.level_1  0x0000000000103e20      0x1e0 main.o
                0x0000000000103e20                level_1
 .text.shoting  0x0000000000104000      0x100 main.o
                0x0000000000104000                shoting
 .text.time_in_skill
                0x0000000000104100       0x40 main.o
                0x0000000000104100                time_in_skill
 .text.game_intro
                0x0000000000104140       0x6c main.o
                0x0000000000104140                game_intro
 .text.pause_filter
                0x00000000001041ac       0x78 main.o
                0x00000000001041ac                pause_filter
 .text.numberRender
                0x0000000000104224       0x98 main.o
                0x0000000000104224                numberRender
 *fill*         0x00000000001042bc        0x4 
 .text.startup.main
                0x00000000001042c0      0xd1c main.o
                0x00000000001042c0                main
 *fill*         0x0000000000104fdc        0x4 
 .text.initialize_object
                0x0000000000104fe0      0x1d0 sprite_animation_manager.o
                0x0000000000104fe0                initialize_object
 .text.deinitialize_object
                0x00000000001051b0        0x8 sprite_animation_manager.o
                0x00000000001051b0                deinitialize_object
 .text.update_object
                0x00000000001051b8       0x90 sprite_animation_manager.o
                0x00000000001051b8                update_object
 .text.draw_sprite_animation
                0x0000000000105248       0xf8 sprite_animation_manager.o
                0x0000000000105248                draw_sprite_animation
 .text.C2Di_FrameEndHook
                0x0000000000105340       0x44 C:/devkitPro/libctru/lib\libcitro2d.a(base.o)
 *fill*         0x0000000000105384        0x4 
 .text.C2D_Init
                0x0000000000105388      0x36c C:/devkitPro/libctru/lib\libcitro2d.a(base.o)
                0x0000000000105388                C2D_Init
 .text.C2D_Fini
                0x00000000001056f4       0x4c C:/devkitPro/libctru/lib\libcitro2d.a(base.o)
                0x00000000001056f4                C2D_Fini
 .text.C2D_Prepare
                0x0000000000105740       0xb8 C:/devkitPro/libctru/lib\libcitro2d.a(base.o)
                0x0000000000105740                C2D_Prepare
 .text.C2D_Flush
                0x00000000001057f8       0x48 C:/devkitPro/libctru/lib\libcitro2d.a(base.o)
                0x00000000001057f8                C2D_Flush
 .text.C2D_SceneSize
                0x0000000000105840      0x104 C:/devkitPro/libctru/lib\libcitro2d.a(base.o)
                0x0000000000105840                C2D_SceneSize
 .text.C2D_CreateScreenTarget
                0x0000000000105944       0x58 C:/devkitPro/libctru/lib\libcitro2d.a(base.o)
                0x0000000000105944                C2D_CreateScreenTarget
 .text.C2D_TargetClear
                0x000000000010599c       0x64 C:/devkitPro/libctru/lib\libcitro2d.a(base.o)
                0x000000000010599c                C2D_TargetClear
 .text.C2Di_CalcQuad
                0x0000000000105a00      0x13c C:/devkitPro/libctru/lib\libcitro2d.a(base.o)
                0x0000000000105a00                C2Di_CalcQuad
 .text.C2Di_AppendQuad
                0x0000000000105b3c       0x58 C:/devkitPro/libctru/lib\libcitro2d.a(base.o)
                0x0000000000105b3c                C2Di_AppendQuad
 .text.C2Di_AppendVtx
                0x0000000000105b94       0x40 C:/devkitPro/libctru/lib\libcitro2d.a(base.o)
                0x0000000000105b94                C2Di_AppendVtx
 .text.C2Di_Update
                0x0000000000105bd4      0x550 C:/devkitPro/libctru/lib\libcitro2d.a(base.o)
                0x0000000000105bd4                C2Di_Update
 .text.C2D_DrawImage
                0x0000000000106124      0x2b0 C:/devkitPro/libctru/lib\libcitro2d.a(base.o)
                0x0000000000106124                C2D_DrawImage
 .text.C2D_DrawRectangle
                0x00000000001063d4      0x158 C:/devkitPro/libctru/lib\libcitro2d.a(base.o)
                0x00000000001063d4                C2D_DrawRectangle
 .text.C2D_DrawEllipse
                0x000000000010652c      0x16c C:/devkitPro/libctru/lib\libcitro2d.a(base.o)
                0x000000000010652c                C2D_DrawEllipse
 .text.C2Di_GlyphComp
                0x0000000000106698       0x18 C:/devkitPro/libctru/lib\libcitro2d.a(text.o)
 .text.C2Di_CalcLineWidths
                0x00000000001066b0      0x140 C:/devkitPro/libctru/lib\libcitro2d.a(text.o)
 .text.C2D_TextBufNew
                0x00000000001067f0      0x1dc C:/devkitPro/libctru/lib\libcitro2d.a(text.o)
                0x00000000001067f0                C2D_TextBufNew
 .text.C2D_TextBufClear
                0x00000000001069cc        0xc C:/devkitPro/libctru/lib\libcitro2d.a(text.o)
                0x00000000001069cc                C2D_TextBufClear
 .text.C2D_TextFontParseLine
                0x00000000001069d8      0x1c8 C:/devkitPro/libctru/lib\libcitro2d.a(text.o)
                0x00000000001069d8                C2D_TextFontParseLine
 .text.C2D_TextFontParse
                0x0000000000106ba0       0xa8 C:/devkitPro/libctru/lib\libcitro2d.a(text.o)
                0x0000000000106ba0                C2D_TextFontParse
 .text.C2D_TextParse
                0x0000000000106c48       0x14 C:/devkitPro/libctru/lib\libcitro2d.a(text.o)
                0x0000000000106c48                C2D_TextParse
 .text.C2D_TextOptimize
                0x0000000000106c5c       0x30 C:/devkitPro/libctru/lib\libcitro2d.a(text.o)
                0x0000000000106c5c                C2D_TextOptimize
 .text.C2D_DrawText
                0x0000000000106c8c      0xf6c C:/devkitPro/libctru/lib\libcitro2d.a(text.o)
                0x0000000000106c8c                C2D_DrawText
 .text.C2D_SpriteSheetLoadFromHandle
                0x0000000000107bf8       0x6c C:/devkitPro/libctru/lib\libcitro2d.a(spritesheet.o)
                0x0000000000107bf8                C2D_SpriteSheetLoadFromHandle
 .text.C2D_SpriteSheetLoad
                0x0000000000107c64       0x48 C:/devkitPro/libctru/lib\libcitro2d.a(spritesheet.o)
                0x0000000000107c64                C2D_SpriteSheetLoad
 .text.C2D_SpriteSheetFree
                0x0000000000107cac       0x28 C:/devkitPro/libctru/lib\libcitro2d.a(spritesheet.o)
                0x0000000000107cac                C2D_SpriteSheetFree
 .text.C2D_SpriteSheetCount
                0x0000000000107cd4        0x8 C:/devkitPro/libctru/lib\libcitro2d.a(spritesheet.o)
                0x0000000000107cd4                C2D_SpriteSheetCount
 .text.C2D_SpriteSheetGetImage
                0x0000000000107cdc       0x2c C:/devkitPro/libctru/lib\libcitro2d.a(spritesheet.o)
                0x0000000000107cdc                C2D_SpriteSheetGetImage
 .text.C2D_FontGlyphIndexFromCodePoint
                0x0000000000107d08       0x44 C:/devkitPro/libctru/lib\libcitro2d.a(font.o)
                0x0000000000107d08                C2D_FontGlyphIndexFromCodePoint
 .text.C2D_FontCalcGlyphPos
                0x0000000000107d4c       0x78 C:/devkitPro/libctru/lib\libcitro2d.a(font.o)
                0x0000000000107d4c                C2D_FontCalcGlyphPos
 .text.C3Di_LightEnvUpdate
                0x0000000000107dc4        0x4 C:/devkitPro/libctru/lib\libcitro3d.a(base.o)
                0x0000000000107dc4                C3Di_LightEnvUpdate
 .text.C3Di_LightEnvDirty
                0x0000000000107dc8        0x4 C:/devkitPro/libctru/lib\libcitro3d.a(base.o)
                0x0000000000107dc8                C3Di_LightEnvDirty
 .text.C3Di_AptEventHook
                0x0000000000107dcc       0xb4 C:/devkitPro/libctru/lib\libcitro3d.a(base.o)
 .text.C3Di_GasUpdate
                0x0000000000107e80        0x4 C:/devkitPro/libctru/lib\libcitro3d.a(base.o)
                0x0000000000107e80                C3Di_GasUpdate
 .text.C3D_Init
                0x0000000000107e84      0x1e0 C:/devkitPro/libctru/lib\libcitro3d.a(base.o)
                0x0000000000107e84                C3D_Init
 .text.C3D_SetViewport
                0x0000000000108064       0x98 C:/devkitPro/libctru/lib\libcitro3d.a(base.o)
                0x0000000000108064                C3D_SetViewport
 .text.C3Di_UpdateContext
                0x00000000001080fc      0x4e8 C:/devkitPro/libctru/lib\libcitro3d.a(base.o)
                0x00000000001080fc                C3Di_UpdateContext
 .text.C3Di_SplitFrame
                0x00000000001085e4       0xe0 C:/devkitPro/libctru/lib\libcitro3d.a(base.o)
                0x00000000001085e4                C3Di_SplitFrame
 .text.C3D_Fini
                0x00000000001086c4       0x44 C:/devkitPro/libctru/lib\libcitro3d.a(base.o)
                0x00000000001086c4                C3D_Fini
 .text.C3D_BindProgram
                0x0000000000108708      0x114 C:/devkitPro/libctru/lib\libcitro3d.a(base.o)
                0x0000000000108708                C3D_BindProgram
 .text.onVBlank0
                0x000000000010881c       0x4c C:/devkitPro/libctru/lib\libcitro3d.a(renderqueue.o)
 .text.onVBlank1
                0x0000000000108868       0x4c C:/devkitPro/libctru/lib\libcitro3d.a(renderqueue.o)
 .text.C3Di_RenderTargetDestroy
                0x00000000001088b4       0x80 C:/devkitPro/libctru/lib\libcitro3d.a(renderqueue.o)
 .text.onQueueFinish
                0x0000000000108934       0xf4 C:/devkitPro/libctru/lib\libcitro3d.a(renderqueue.o)
 .text.C3Di_RenderQueueEnableVBlank
                0x0000000000108a28       0x38 C:/devkitPro/libctru/lib\libcitro3d.a(renderqueue.o)
                0x0000000000108a28                C3Di_RenderQueueEnableVBlank
 .text.C3Di_RenderQueueDisableVBlank
                0x0000000000108a60       0x30 C:/devkitPro/libctru/lib\libcitro3d.a(renderqueue.o)
                0x0000000000108a60                C3Di_RenderQueueDisableVBlank
 .text.C3Di_RenderQueueInit
                0x0000000000108a90       0x60 C:/devkitPro/libctru/lib\libcitro3d.a(renderqueue.o)
                0x0000000000108a90                C3Di_RenderQueueInit
 .text.C3Di_RenderQueueExit
                0x0000000000108af0       0xb0 C:/devkitPro/libctru/lib\libcitro3d.a(renderqueue.o)
                0x0000000000108af0                C3Di_RenderQueueExit
 .text.C3Di_RenderQueueWaitDone
                0x0000000000108ba0       0x34 C:/devkitPro/libctru/lib\libcitro3d.a(renderqueue.o)
                0x0000000000108ba0                C3Di_RenderQueueWaitDone
 .text.C3D_FrameBegin
                0x0000000000108bd4       0xe4 C:/devkitPro/libctru/lib\libcitro3d.a(renderqueue.o)
                0x0000000000108bd4                C3D_FrameBegin
 .text.C3D_FrameDrawOn
                0x0000000000108cb8       0x48 C:/devkitPro/libctru/lib\libcitro3d.a(renderqueue.o)
                0x0000000000108cb8                C3D_FrameDrawOn
 .text.C3D_FrameSplit
                0x0000000000108d00       0x58 C:/devkitPro/libctru/lib\libcitro3d.a(renderqueue.o)
                0x0000000000108d00                C3D_FrameSplit
 .text.C3D_FrameEnd
                0x0000000000108d58      0x1d8 C:/devkitPro/libctru/lib\libcitro3d.a(renderqueue.o)
                0x0000000000108d58                C3D_FrameEnd
 .text.C3D_FrameEndHook
                0x0000000000108f30       0x1c C:/devkitPro/libctru/lib\libcitro3d.a(renderqueue.o)
                0x0000000000108f30                C3D_FrameEndHook
 .text.C3D_RenderTargetCreate
                0x0000000000108f4c      0x184 C:/devkitPro/libctru/lib\libcitro3d.a(renderqueue.o)
                0x0000000000108f4c                C3D_RenderTargetCreate
 .text.C3D_RenderTargetSetOutput
                0x00000000001090d0       0xa8 C:/devkitPro/libctru/lib\libcitro3d.a(renderqueue.o)
                0x00000000001090d0                C3D_RenderTargetSetOutput
 .text.C3D_SyncTextureCopy
                0x0000000000109178       0xfc C:/devkitPro/libctru/lib\libcitro3d.a(renderqueue.o)
                0x0000000000109178                C3D_SyncTextureCopy
 .text.C3D_TexInitWithParams
                0x0000000000109274      0x294 C:/devkitPro/libctru/lib\libcitro3d.a(texture.o)
                0x0000000000109274                C3D_TexInitWithParams
 .text.C3D_TexLoadImage
                0x0000000000109508       0xc8 C:/devkitPro/libctru/lib\libcitro3d.a(texture.o)
                0x0000000000109508                C3D_TexLoadImage
 .text.C3D_TexBind
                0x00000000001095d0       0x44 C:/devkitPro/libctru/lib\libcitro3d.a(texture.o)
                0x00000000001095d0                C3D_TexBind
 .text.C3D_TexDelete
                0x0000000000109614       0x74 C:/devkitPro/libctru/lib\libcitro3d.a(texture.o)
                0x0000000000109614                C3D_TexDelete
 .text.C3Di_SetTex
                0x0000000000109688      0x16c C:/devkitPro/libctru/lib\libcitro3d.a(texture.o)
                0x0000000000109688                C3Di_SetTex
 .text.Tex3DSi_ImportCommon
                0x00000000001097f4      0x3f4 C:/devkitPro/libctru/lib\libcitro3d.a(tex3ds.o)
 .text.Tex3DS_TextureImportStdio
                0x0000000000109be8       0x38 C:/devkitPro/libctru/lib\libcitro3d.a(tex3ds.o)
                0x0000000000109be8                Tex3DS_TextureImportStdio
 .text.Tex3DS_GetNumSubTextures
                0x0000000000109c20        0x8 C:/devkitPro/libctru/lib\libcitro3d.a(tex3ds.o)
                0x0000000000109c20                Tex3DS_GetNumSubTextures
 .text.Tex3DS_GetSubTexture
                0x0000000000109c28       0x1c C:/devkitPro/libctru/lib\libcitro3d.a(tex3ds.o)
                0x0000000000109c28                Tex3DS_GetSubTexture
 .text.Tex3DS_TextureFree
                0x0000000000109c44        0x4 C:/devkitPro/libctru/lib\libcitro3d.a(tex3ds.o)
                0x0000000000109c44                Tex3DS_TextureFree
 .text.C3D_CalcColorBufSize
                0x0000000000109c48       0x1c C:/devkitPro/libctru/lib\libcitro3d.a(framebuffer.o)
                0x0000000000109c48                C3D_CalcColorBufSize
 .text.C3D_CalcDepthBufSize
                0x0000000000109c64       0x1c C:/devkitPro/libctru/lib\libcitro3d.a(framebuffer.o)
                0x0000000000109c64                C3D_CalcDepthBufSize
 .text.C3D_SetFrameBuf
                0x0000000000109c80       0x44 C:/devkitPro/libctru/lib\libcitro3d.a(framebuffer.o)
                0x0000000000109c80                C3D_SetFrameBuf
 .text.C3Di_FrameBufBind
                0x0000000000109cc4      0x16c C:/devkitPro/libctru/lib\libcitro3d.a(framebuffer.o)
                0x0000000000109cc4                C3Di_FrameBufBind
 .text.C3D_FrameBufClear
                0x0000000000109e30       0xc8 C:/devkitPro/libctru/lib\libcitro3d.a(framebuffer.o)
                0x0000000000109e30                C3D_FrameBufClear
 .text.C3D_FrameBufTransfer
                0x0000000000109ef8       0x44 C:/devkitPro/libctru/lib\libcitro3d.a(framebuffer.o)
                0x0000000000109ef8                C3D_FrameBufTransfer
 .text.C3D_GetTexEnv
                0x0000000000109f3c       0x34 C:/devkitPro/libctru/lib\libcitro3d.a(texenv.o)
                0x0000000000109f3c                C3D_GetTexEnv
 .text.C3Di_TexEnvBind
                0x0000000000109f70       0x24 C:/devkitPro/libctru/lib\libcitro3d.a(texenv.o)
                0x0000000000109f70                C3Di_TexEnvBind
 .text.C3D_DrawElements
                0x0000000000109f94      0x218 C:/devkitPro/libctru/lib\libcitro3d.a(drawElements.o)
                0x0000000000109f94                C3D_DrawElements
 .text.C3D_ProcTexInit
                0x000000000010a1ac       0x70 C:/devkitPro/libctru/lib\libcitro3d.a(proctex.o)
                0x000000000010a1ac                C3D_ProcTexInit
 .text.C3D_ProcTexBind
                0x000000000010a21c       0x54 C:/devkitPro/libctru/lib\libcitro3d.a(proctex.o)
                0x000000000010a21c                C3D_ProcTexBind
 .text.C3D_ProcTexLutBind
                0x000000000010a270       0x5c C:/devkitPro/libctru/lib\libcitro3d.a(proctex.o)
                0x000000000010a270                C3D_ProcTexLutBind
 .text.ProcTexLut_FromArray
                0x000000000010a2cc       0xa4 C:/devkitPro/libctru/lib\libcitro3d.a(proctex.o)
                0x000000000010a2cc                ProcTexLut_FromArray
 .text.C3Di_ProcTexUpdate
                0x000000000010a370      0x17c C:/devkitPro/libctru/lib\libcitro3d.a(proctex.o)
                0x000000000010a370                C3Di_ProcTexUpdate
 .text.C3Di_ProcTexDirty
                0x000000000010a4ec       0x68 C:/devkitPro/libctru/lib\libcitro3d.a(proctex.o)
                0x000000000010a4ec                C3Di_ProcTexDirty
 .text.BufInfo_Init
                0x000000000010a554       0x24 C:/devkitPro/libctru/lib\libcitro3d.a(buffers.o)
                0x000000000010a554                BufInfo_Init
 .text.BufInfo_Add
                0x000000000010a578       0x80 C:/devkitPro/libctru/lib\libcitro3d.a(buffers.o)
                0x000000000010a578                BufInfo_Add
 .text.C3D_SetBufInfo
                0x000000000010a5f8       0x40 C:/devkitPro/libctru/lib\libcitro3d.a(buffers.o)
                0x000000000010a5f8                C3D_SetBufInfo
 .text.C3Di_BufInfoBind
                0x000000000010a638       0x48 C:/devkitPro/libctru/lib\libcitro3d.a(buffers.o)
                0x000000000010a638                C3Di_BufInfoBind
 .text.C3D_DepthMap
                0x000000000010a680       0x40 C:/devkitPro/libctru/lib\libcitro3d.a(effect.o)
                0x000000000010a680                C3D_DepthMap
 .text.C3D_CullFace
                0x000000000010a6c0       0x1c C:/devkitPro/libctru/lib\libcitro3d.a(effect.o)
                0x000000000010a6c0                C3D_CullFace
 .text.C3D_StencilTest
                0x000000000010a6dc       0x40 C:/devkitPro/libctru/lib\libcitro3d.a(effect.o)
                0x000000000010a6dc                C3D_StencilTest
 .text.C3D_StencilOp
                0x000000000010a71c       0x24 C:/devkitPro/libctru/lib\libcitro3d.a(effect.o)
                0x000000000010a71c                C3D_StencilOp
 .text.C3D_BlendingColor
                0x000000000010a740       0x1c C:/devkitPro/libctru/lib\libcitro3d.a(effect.o)
                0x000000000010a740                C3D_BlendingColor
 .text.C3D_EarlyDepthTest
                0x000000000010a75c       0x24 C:/devkitPro/libctru/lib\libcitro3d.a(effect.o)
                0x000000000010a75c                C3D_EarlyDepthTest
 .text.C3D_DepthTest
                0x000000000010a780       0x2c C:/devkitPro/libctru/lib\libcitro3d.a(effect.o)
                0x000000000010a780                C3D_DepthTest
 .text.C3D_AlphaTest
                0x000000000010a7ac       0x2c C:/devkitPro/libctru/lib\libcitro3d.a(effect.o)
                0x000000000010a7ac                C3D_AlphaTest
 .text.C3D_AlphaBlend
                0x000000000010a7d8       0x50 C:/devkitPro/libctru/lib\libcitro3d.a(effect.o)
                0x000000000010a7d8                C3D_AlphaBlend
 .text.C3D_FragOpMode
                0x000000000010a828       0x30 C:/devkitPro/libctru/lib\libcitro3d.a(effect.o)
                0x000000000010a828                C3D_FragOpMode
 .text.C3D_FragOpShadow
                0x000000000010a858       0x44 C:/devkitPro/libctru/lib\libcitro3d.a(effect.o)
                0x000000000010a858                C3D_FragOpShadow
 .text.C3Di_EffectBind
                0x000000000010a89c      0x1ac C:/devkitPro/libctru/lib\libcitro3d.a(effect.o)
                0x000000000010a89c                C3Di_EffectBind
 .text.AttrInfo_Init
                0x000000000010aa48       0x28 C:/devkitPro/libctru/lib\libcitro3d.a(attribs.o)
                0x000000000010aa48                AttrInfo_Init
 .text.AttrInfo_AddLoader
                0x000000000010aa70       0x94 C:/devkitPro/libctru/lib\libcitro3d.a(attribs.o)
                0x000000000010aa70                AttrInfo_AddLoader
 .text.C3D_SetAttrInfo
                0x000000000010ab04       0x54 C:/devkitPro/libctru/lib\libcitro3d.a(attribs.o)
                0x000000000010ab04                C3D_SetAttrInfo
 .text.C3Di_AttrInfoBind
                0x000000000010ab58       0x80 C:/devkitPro/libctru/lib\libcitro3d.a(attribs.o)
                0x000000000010ab58                C3Di_AttrInfoBind
 .text.C3D_ImmSendAttrib
                0x000000000010abd8       0xa8 C:/devkitPro/libctru/lib\libcitro3d.a(immediate.o)
                0x000000000010abd8                C3D_ImmSendAttrib
 .text.C3D_UpdateUniforms
                0x000000000010ac80      0x280 C:/devkitPro/libctru/lib\libcitro3d.a(uniforms.o)
                0x000000000010ac80                C3D_UpdateUniforms
 .text.C3Di_DirtyUniforms
                0x000000000010af00       0xc0 C:/devkitPro/libctru/lib\libcitro3d.a(uniforms.o)
                0x000000000010af00                C3Di_DirtyUniforms
 .text.C3Di_LoadShaderUniforms
                0x000000000010afc0       0xd8 C:/devkitPro/libctru/lib\libcitro3d.a(uniforms.o)
                0x000000000010afc0                C3Di_LoadShaderUniforms
 .text.C3Di_ClearShaderUniforms
                0x000000000010b098       0x28 C:/devkitPro/libctru/lib\libcitro3d.a(uniforms.o)
                0x000000000010b098                C3Di_ClearShaderUniforms
 .text.Mtx_Ortho
                0x000000000010b0c0       0xcc C:/devkitPro/libctru/lib\libcitro3d.a(mtx_ortho.o)
                0x000000000010b0c0                Mtx_Ortho
 .text.Mtx_OrthoTilt
                0x000000000010b18c       0xcc C:/devkitPro/libctru/lib\libcitro3d.a(mtx_orthotilt.o)
                0x000000000010b18c                Mtx_OrthoTilt
 .text._ZL21addrMapNodeComparatorPK11rbtree_nodeS1_
                0x000000000010b258       0x24 C:/devkitPro/libctru/lib\libctru.a(vram.o)
 .text._ZL21addrMapNodeDestructorP11rbtree_node
                0x000000000010b27c        0x4 C:/devkitPro/libctru/lib\libctru.a(vram.o)
 .text.vramMemAlignAt
                0x000000000010b280      0x250 C:/devkitPro/libctru/lib\libctru.a(vram.o)
                0x000000000010b280                vramMemAlignAt
 .text.vramAlloc
                0x000000000010b4d0        0xc C:/devkitPro/libctru/lib\libctru.a(vram.o)
                0x000000000010b4d0                vramAlloc
 .text.vramAllocAt
                0x000000000010b4dc        0xc C:/devkitPro/libctru/lib\libctru.a(vram.o)
                0x000000000010b4dc                vramAllocAt
 .text.vramFree
                0x000000000010b4e8       0x90 C:/devkitPro/libctru/lib\libctru.a(vram.o)
                0x000000000010b4e8                vramFree
 .text._ZL21addrMapNodeComparatorPK11rbtree_nodeS1_
                0x000000000010b578       0x24 C:/devkitPro/libctru/lib\libctru.a(linear.o)
 .text._ZL21addrMapNodeDestructorP11rbtree_node
                0x000000000010b59c        0x4 C:/devkitPro/libctru/lib\libctru.a(linear.o)
 .text.linearMemAlign
                0x000000000010b5a0      0x120 C:/devkitPro/libctru/lib\libctru.a(linear.o)
                0x000000000010b5a0                linearMemAlign
 .text.linearAlloc
                0x000000000010b6c0        0x8 C:/devkitPro/libctru/lib\libctru.a(linear.o)
                0x000000000010b6c0                linearAlloc
 .text.linearFree
                0x000000000010b6c8       0x5c C:/devkitPro/libctru/lib\libctru.a(linear.o)
                0x000000000010b6c8                linearFree
 .text._ZN7MemPool13CoalesceRightEP8MemBlock
                0x000000000010b724       0x80 C:/devkitPro/libctru/lib\libctru.a(mem_pool.o)
                0x000000000010b724                MemPool::CoalesceRight(MemBlock*)
 .text._ZN7MemPool8AllocateER8MemChunkmi
                0x000000000010b7a4      0x16c C:/devkitPro/libctru/lib\libctru.a(mem_pool.o)
                0x000000000010b7a4                MemPool::Allocate(MemChunk&, unsigned long, int)
 .text._ZN7MemPool10DeallocateERK8MemChunk
                0x000000000010b910       0xfc C:/devkitPro/libctru/lib\libctru.a(mem_pool.o)
                0x000000000010b910                MemPool::Deallocate(MemChunk const&)
 .text._ZN7MemPool12GetFreeSpaceEv
                0x000000000010ba0c       0x30 C:/devkitPro/libctru/lib\libctru.a(mem_pool.o)
                0x000000000010ba0c                MemPool::GetFreeSpace()
 .text.romfs_close
                0x000000000010ba3c        0x8 C:/devkitPro/libctru/lib\libctru.a(romfs_dev.o)
 .text.romfs_seek
                0x000000000010ba44       0xc0 C:/devkitPro/libctru/lib\libctru.a(romfs_dev.o)
 .text.romfs_dirreset
                0x000000000010bb04       0x24 C:/devkitPro/libctru/lib\libctru.a(romfs_dev.o)
 .text.fill_dir
                0x000000000010bb28       0xc8 C:/devkitPro/libctru/lib\libctru.a(romfs_dev.o)
 .text.romfs_dirnext
                0x000000000010bbf0      0x28c C:/devkitPro/libctru/lib\libctru.a(romfs_dev.o)
 .text.romfs_free
                0x000000000010be7c       0x84 C:/devkitPro/libctru/lib\libctru.a(romfs_dev.o)
 .text.searchForFile.constprop.0
                0x000000000010bf00       0xd4 C:/devkitPro/libctru/lib\libctru.a(romfs_dev.o)
 .text.searchForDir.constprop.0
                0x000000000010bfd4       0xd8 C:/devkitPro/libctru/lib\libctru.a(romfs_dev.o)
 .text.navigateToDir.constprop.0
                0x000000000010c0ac      0x1c0 C:/devkitPro/libctru/lib\libctru.a(romfs_dev.o)
 .text.romfs_open
                0x000000000010c26c      0x10c C:/devkitPro/libctru/lib\libctru.a(romfs_dev.o)
 .text.romfs_chdir
                0x000000000010c378       0x4c C:/devkitPro/libctru/lib\libctru.a(romfs_dev.o)
 .text.romfs_diropen
                0x000000000010c3c4       0x70 C:/devkitPro/libctru/lib\libctru.a(romfs_dev.o)
 .text.romfs_stat
                0x000000000010c434      0x174 C:/devkitPro/libctru/lib\libctru.a(romfs_dev.o)
 .text.romfs_dirclose
                0x000000000010c5a8        0x8 C:/devkitPro/libctru/lib\libctru.a(romfs_dev.o)
 .text.romfs_fstat
                0x000000000010c5b0       0x84 C:/devkitPro/libctru/lib\libctru.a(romfs_dev.o)
 .text.romfs_read
                0x000000000010c634       0xd0 C:/devkitPro/libctru/lib\libctru.a(romfs_dev.o)
 .text.romfsMountFromFile
                0x000000000010c704      0x28c C:/devkitPro/libctru/lib\libctru.a(romfs_dev.o)
                0x000000000010c704                romfsMountFromFile
 .text.romfsMountFromCurrentProcess
                0x000000000010c990       0x98 C:/devkitPro/libctru/lib\libctru.a(romfs_dev.o)
                0x000000000010c990                romfsMountFromCurrentProcess
 .text.romfsMountSelf
                0x000000000010ca28      0x260 C:/devkitPro/libctru/lib\libctru.a(romfs_dev.o)
                0x000000000010ca28                romfsMountSelf
 .text.romfsUnmount
                0x000000000010cc88       0xa0 C:/devkitPro/libctru/lib\libctru.a(romfs_dev.o)
                0x000000000010cc88                romfsUnmount
 .text.osConvertVirtToPhys
                0x000000000010cd28       0x74 C:/devkitPro/libctru/lib\libctru.a(os.o)
                0x000000000010cd28                osConvertVirtToPhys
 .text.osGetTimeRef
                0x000000000010cd9c       0x54 C:/devkitPro/libctru/lib\libctru.a(os.o)
                0x000000000010cd9c                osGetTimeRef
 .text.osGetTime
                0x000000000010cdf0       0xec C:/devkitPro/libctru/lib\libctru.a(os.o)
                0x000000000010cdf0                osGetTime
 .text.__ctru_speedup_config
                0x000000000010cedc       0x34 C:/devkitPro/libctru/lib\libctru.a(os.o)
                0x000000000010cedc                __ctru_speedup_config
 .text.fontEnsureMapped
                0x000000000010cf10       0x94 C:/devkitPro/libctru/lib\libctru.a(font.o)
                0x000000000010cf10                fontEnsureMapped
 .text.fontGlyphIndexFromCodePoint
                0x000000000010cfa4      0x100 C:/devkitPro/libctru/lib\libctru.a(font.o)
                0x000000000010cfa4                fontGlyphIndexFromCodePoint
 .text.fontCalcGlyphPos
                0x000000000010d0a4      0x1ec C:/devkitPro/libctru/lib\libctru.a(font.o)
                0x000000000010d0a4                fontCalcGlyphPos
 .text.srvInit  0x000000000010d290      0x130 C:/devkitPro/libctru/lib\libctru.a(srv.o)
                0x000000000010d290                srvInit
 .text.srvExit  0x000000000010d3c0       0x58 C:/devkitPro/libctru/lib\libctru.a(srv.o)
                0x000000000010d3c0                srvExit
 .text.srvEnableNotification
                0x000000000010d418       0x60 C:/devkitPro/libctru/lib\libctru.a(srv.o)
                0x000000000010d418                srvEnableNotification
 .text.srvGetServiceHandleDirect
                0x000000000010d478       0xa0 C:/devkitPro/libctru/lib\libctru.a(srv.o)
                0x000000000010d478                srvGetServiceHandleDirect
 .text.srvGetServiceHandle
                0x000000000010d518       0x38 C:/devkitPro/libctru/lib\libctru.a(srv.o)
                0x000000000010d518                srvGetServiceHandle
 .text.srvSubscribe
                0x000000000010d550       0x34 C:/devkitPro/libctru/lib\libctru.a(srv.o)
                0x000000000010d550                srvSubscribe
 .text.srvReceiveNotification
                0x000000000010d584       0x60 C:/devkitPro/libctru/lib\libctru.a(srv.o)
                0x000000000010d584                srvReceiveNotification
 .text.srvPublishToSubscriber
                0x000000000010d5e4       0x38 C:/devkitPro/libctru/lib\libctru.a(srv.o)
                0x000000000010d5e4                srvPublishToSubscriber
 .text.gfxPresentFramebuffer
                0x000000000010d61c       0xd0 C:/devkitPro/libctru/lib\libctru.a(gfx.o)
 .text.gfxIsWide
                0x000000000010d6ec       0x1c C:/devkitPro/libctru/lib\libctru.a(gfx.o)
                0x000000000010d6ec                gfxIsWide
 .text.gfxSetScreenFormat
                0x000000000010d708       0xec C:/devkitPro/libctru/lib\libctru.a(gfx.o)
                0x000000000010d708                gfxSetScreenFormat
 .text.gfxInit  0x000000000010d7f4       0xe0 C:/devkitPro/libctru/lib\libctru.a(gfx.o)
                0x000000000010d7f4                gfxInit
 .text.gfxExit  0x000000000010d8d4       0xb4 C:/devkitPro/libctru/lib\libctru.a(gfx.o)
                0x000000000010d8d4                gfxExit
 .text.gfxGetFramebuffer
                0x000000000010d988       0xa0 C:/devkitPro/libctru/lib\libctru.a(gfx.o)
                0x000000000010d988                gfxGetFramebuffer
 .text.gfxScreenSwapBuffers
                0x000000000010da28       0x30 C:/devkitPro/libctru/lib\libctru.a(gfx.o)
                0x000000000010da28                gfxScreenSwapBuffers
 .text.shaderInstanceInit
                0x000000000010da58      0x1d4 C:/devkitPro/libctru/lib\libctru.a(shaderProgram.o)
                0x000000000010da58                shaderInstanceInit
 .text.shaderInstanceGetUniformLocation
                0x000000000010dc2c       0x18 C:/devkitPro/libctru/lib\libctru.a(shaderProgram.o)
                0x000000000010dc2c                shaderInstanceGetUniformLocation
 .text.shaderProgramInit
                0x000000000010dc44       0x1c C:/devkitPro/libctru/lib\libctru.a(shaderProgram.o)
                0x000000000010dc44                shaderProgramInit
 .text.shaderProgramFree
                0x000000000010dc60       0x64 C:/devkitPro/libctru/lib\libctru.a(shaderProgram.o)
                0x000000000010dc60                shaderProgramFree
 .text.shaderProgramSetVsh
                0x000000000010dcc4       0x80 C:/devkitPro/libctru/lib\libctru.a(shaderProgram.o)
                0x000000000010dcc4                shaderProgramSetVsh
 .text.shaderProgramConfigure
                0x000000000010dd44      0x8e0 C:/devkitPro/libctru/lib\libctru.a(shaderProgram.o)
                0x000000000010dd44                shaderProgramConfigure
 .text.DVLE_GenerateOutmap.part.0
                0x000000000010e624      0x1cc C:/devkitPro/libctru/lib\libctru.a(shbin.o)
 .text.DVLB_ParseFile
                0x000000000010e7f0      0x1b4 C:/devkitPro/libctru/lib\libctru.a(shbin.o)
                0x000000000010e7f0                DVLB_ParseFile
 .text.DVLB_Free
                0x000000000010e9a4       0x38 C:/devkitPro/libctru/lib\libctru.a(shbin.o)
                0x000000000010e9a4                DVLB_Free
 .text.DVLE_GetUniformRegister
                0x000000000010e9dc       0x74 C:/devkitPro/libctru/lib\libctru.a(shbin.o)
                0x000000000010e9dc                DVLE_GetUniformRegister
 .text.GX_BindQueue
                0x000000000010ea50       0x10 C:/devkitPro/libctru/lib\libctru.a(gx.o)
                0x000000000010ea50                GX_BindQueue
 .text.GX_ProcessCommandList
                0x000000000010ea60       0x78 C:/devkitPro/libctru/lib\libctru.a(gx.o)
                0x000000000010ea60                GX_ProcessCommandList
 .text.GX_MemoryFill
                0x000000000010ead8       0x74 C:/devkitPro/libctru/lib\libctru.a(gx.o)
                0x000000000010ead8                GX_MemoryFill
 .text.GX_DisplayTransfer
                0x000000000010eb4c       0x70 C:/devkitPro/libctru/lib\libctru.a(gx.o)
                0x000000000010eb4c                GX_DisplayTransfer
 .text.GX_TextureCopy
                0x000000000010ebbc       0x74 C:/devkitPro/libctru/lib\libctru.a(gx.o)
                0x000000000010ebbc                GX_TextureCopy
 .text.gxCmdQueueDoCommands.part.0
                0x000000000010ec30       0x68 C:/devkitPro/libctru/lib\libctru.a(gxqueue.o)
 .text.gxCmdQueueInterrupt
                0x000000000010ec98       0xc8 C:/devkitPro/libctru/lib\libctru.a(gxqueue.o)
                0x000000000010ec98                gxCmdQueueInterrupt
 .text.gxCmdQueueClear
                0x000000000010ed60       0x4c C:/devkitPro/libctru/lib\libctru.a(gxqueue.o)
                0x000000000010ed60                gxCmdQueueClear
 .text.gxCmdQueueAdd
                0x000000000010edac       0xf8 C:/devkitPro/libctru/lib\libctru.a(gxqueue.o)
                0x000000000010edac                gxCmdQueueAdd
 .text.gxCmdQueueRun
                0x000000000010eea4       0x80 C:/devkitPro/libctru/lib\libctru.a(gxqueue.o)
                0x000000000010eea4                gxCmdQueueRun
 .text.gxCmdQueueStop
                0x000000000010ef24       0x60 C:/devkitPro/libctru/lib\libctru.a(gxqueue.o)
                0x000000000010ef24                gxCmdQueueStop
 .text.gxCmdQueueWait
                0x000000000010ef84       0x74 C:/devkitPro/libctru/lib\libctru.a(gxqueue.o)
                0x000000000010ef84                gxCmdQueueWait
 .text.GPUCMD_Add
                0x000000000010eff8      0x13c C:/devkitPro/libctru/lib\libctru.a(gpu.o)
                0x000000000010eff8                GPUCMD_Add
 .text.GPUCMD_Split
                0x000000000010f134       0xb0 C:/devkitPro/libctru/lib\libctru.a(gpu.o)
                0x000000000010f134                GPUCMD_Split
 .text.f32tof16
                0x000000000010f1e4       0x34 C:/devkitPro/libctru/lib\libctru.a(gpu.o)
                0x000000000010f1e4                f32tof16
 .text.f32tof24
                0x000000000010f218       0x34 C:/devkitPro/libctru/lib\libctru.a(gpu.o)
                0x000000000010f218                f32tof24
 .text.f32tof31
                0x000000000010f24c       0x38 C:/devkitPro/libctru/lib\libctru.a(gpu.o)
                0x000000000010f24c                f32tof31
 .text.gspHardwareInit
                0x000000000010f284      0xc58 C:/devkitPro/libctru/lib\libctru.a(gspgpu.o)
 .text.gspInit  0x000000000010fedc      0x248 C:/devkitPro/libctru/lib\libctru.a(gspgpu.o)
                0x000000000010fedc                gspInit
 .text.gspExit  0x0000000000110124       0xf0 C:/devkitPro/libctru/lib\libctru.a(gspgpu.o)
                0x0000000000110124                gspExit
 .text.gspHasGpuRight
                0x0000000000110214       0x10 C:/devkitPro/libctru/lib\libctru.a(gspgpu.o)
                0x0000000000110214                gspHasGpuRight
 .text.gspPresentBuffer
                0x0000000000110224       0xa0 C:/devkitPro/libctru/lib\libctru.a(gspgpu.o)
                0x0000000000110224                gspPresentBuffer
 .text.gspSetEventCallback
                0x00000000001102c4       0x30 C:/devkitPro/libctru/lib\libctru.a(gspgpu.o)
                0x00000000001102c4                gspSetEventCallback
 .text.gspWaitForEvent
                0x00000000001102f4       0x44 C:/devkitPro/libctru/lib\libctru.a(gspgpu.o)
                0x00000000001102f4                gspWaitForEvent
 .text.gspWaitForAnyEvent
                0x0000000000110338       0x4c C:/devkitPro/libctru/lib\libctru.a(gspgpu.o)
                0x0000000000110338                gspWaitForAnyEvent
 .text.gspEventThreadMain
                0x0000000000110384      0x158 C:/devkitPro/libctru/lib\libctru.a(gspgpu.o)
 .text.gspSubmitGxCommand
                0x00000000001104dc      0x130 C:/devkitPro/libctru/lib\libctru.a(gspgpu.o)
                0x00000000001104dc                gspSubmitGxCommand
 .text.GSPGPU_FlushDataCache
                0x000000000011060c       0x50 C:/devkitPro/libctru/lib\libctru.a(gspgpu.o)
                0x000000000011060c                GSPGPU_FlushDataCache
 .text.GSPGPU_SetLcdForceBlack
                0x000000000011065c       0x34 C:/devkitPro/libctru/lib\libctru.a(gspgpu.o)
                0x000000000011065c                GSPGPU_SetLcdForceBlack
 .text.GSPGPU_AcquireRight
                0x0000000000110690       0x68 C:/devkitPro/libctru/lib\libctru.a(gspgpu.o)
                0x0000000000110690                GSPGPU_AcquireRight
 .text.GSPGPU_ReleaseRight
                0x00000000001106f8       0x48 C:/devkitPro/libctru/lib\libctru.a(gspgpu.o)
                0x00000000001106f8                GSPGPU_ReleaseRight
 .text.GSPGPU_ImportDisplayCaptureInfo
                0x0000000000110740       0x7c C:/devkitPro/libctru/lib\libctru.a(gspgpu.o)
                0x0000000000110740                GSPGPU_ImportDisplayCaptureInfo
 .text.GSPGPU_SaveVramSysArea
                0x00000000001107bc       0x2c C:/devkitPro/libctru/lib\libctru.a(gspgpu.o)
                0x00000000001107bc                GSPGPU_SaveVramSysArea
 .text.GSPGPU_RestoreVramSysArea
                0x00000000001107e8       0x2c C:/devkitPro/libctru/lib\libctru.a(gspgpu.o)
                0x00000000001107e8                GSPGPU_RestoreVramSysArea
 .text.aptConvertScreenForCapture
                0x0000000000110814      0x1a4 C:/devkitPro/libctru/lib\libctru.a(apt.o)
 .text.aptDspSleep
                0x00000000001109b8        0x8 C:/devkitPro/libctru/lib\libctru.a(apt.o)
                0x00000000001109b8                aptDspSleep
 .text.aptDspWakeup
                0x00000000001109c0        0x4 C:/devkitPro/libctru/lib\libctru.a(apt.o)
                0x00000000001109c0                aptDspWakeup
 .text.aptDspCancel
                0x00000000001109c4        0x4 C:/devkitPro/libctru/lib\libctru.a(apt.o)
                0x00000000001109c4                aptDspCancel
 .text.aptSendCommand
                0x00000000001109c8      0x158 C:/devkitPro/libctru/lib\libctru.a(apt.o)
                0x00000000001109c8                aptSendCommand
 .text.aptExitProcess
                0x0000000000110b20       0x44 C:/devkitPro/libctru/lib\libctru.a(apt.o)
 .text.aptExit  0x0000000000110b64      0x3b0 C:/devkitPro/libctru/lib\libctru.a(apt.o)
                0x0000000000110b64                aptExit
 .text.aptHandleSleep
                0x0000000000110f14       0xe0 C:/devkitPro/libctru/lib\libctru.a(apt.o)
                0x0000000000110f14                aptHandleSleep
 .text.aptHook  0x0000000000110ff4       0x30 C:/devkitPro/libctru/lib\libctru.a(apt.o)
                0x0000000000110ff4                aptHook
 .text.aptUnhook
                0x0000000000111024       0x30 C:/devkitPro/libctru/lib\libctru.a(apt.o)
                0x0000000000111024                aptUnhook
 .text.APT_SleepIfShellClosed
                0x0000000000111054       0x84 C:/devkitPro/libctru/lib\libctru.a(apt.o)
                0x0000000000111054                APT_SleepIfShellClosed
 .text.aptSetSleepAllowed
                0x00000000001110d8       0x84 C:/devkitPro/libctru/lib\libctru.a(apt.o)
                0x00000000001110d8                aptSetSleepAllowed
 .text.APT_UnlockTransition
                0x000000000011115c       0x84 C:/devkitPro/libctru/lib\libctru.a(apt.o)
                0x000000000011115c                APT_UnlockTransition
 .text.aptEventHandler
                0x00000000001111e0      0x4a4 C:/devkitPro/libctru/lib\libctru.a(apt.o)
 .text.APT_ReceiveParameter
                0x0000000000111684       0xb0 C:/devkitPro/libctru/lib\libctru.a(apt.o)
                0x0000000000111684                APT_ReceiveParameter
 .text.aptReceiveParameter.constprop.0
                0x0000000000111734       0xb0 C:/devkitPro/libctru/lib\libctru.a(apt.o)
 *fill*         0x00000000001117e4        0x4 
 .text.aptScreenTransfer
                0x00000000001117e8      0x2ac C:/devkitPro/libctru/lib\libctru.a(apt.o)
 .text.aptWaitForWakeUp.isra.0
                0x0000000000111a94      0x344 C:/devkitPro/libctru/lib\libctru.a(apt.o)
 .text.aptJumpToHomeMenu
                0x0000000000111dd8      0x100 C:/devkitPro/libctru/lib\libctru.a(apt.o)
                0x0000000000111dd8                aptJumpToHomeMenu
 .text.aptMainLoop
                0x0000000000111ed8       0x48 C:/devkitPro/libctru/lib\libctru.a(apt.o)
                0x0000000000111ed8                aptMainLoop
 .text.aptInit  0x0000000000111f20      0x22c C:/devkitPro/libctru/lib\libctru.a(apt.o)
                0x0000000000111f20                aptInit
 .text.APT_CheckNew3DS
                0x000000000011214c       0x7c C:/devkitPro/libctru/lib\libctru.a(apt.o)
                0x000000000011214c                APT_CheckNew3DS
 .text.APT_GetSharedFont
                0x00000000001121c8       0x48 C:/devkitPro/libctru/lib\libctru.a(apt.o)
                0x00000000001121c8                APT_GetSharedFont
 .text.hidShouldUseIrrst
                0x0000000000112210       0x24 C:/devkitPro/libctru/lib\libctru.a(hid.o)
                0x0000000000112210                hidShouldUseIrrst
 .text.hidInit  0x0000000000112234      0x18c C:/devkitPro/libctru/lib\libctru.a(hid.o)
                0x0000000000112234                hidInit
 .text.hidExit  0x00000000001123c0       0xe8 C:/devkitPro/libctru/lib\libctru.a(hid.o)
                0x00000000001123c0                hidExit
 .text.hidScanInput
                0x00000000001124a8      0x2a4 C:/devkitPro/libctru/lib\libctru.a(hid.o)
                0x00000000001124a8                hidScanInput
 .text.hidKeysHeld
                0x000000000011274c       0x10 C:/devkitPro/libctru/lib\libctru.a(hid.o)
                0x000000000011274c                hidKeysHeld
 .text.hidKeysDown
                0x000000000011275c       0x10 C:/devkitPro/libctru/lib\libctru.a(hid.o)
                0x000000000011275c                hidKeysDown
 .text.hidCircleRead
                0x000000000011276c       0x18 C:/devkitPro/libctru/lib\libctru.a(hid.o)
                0x000000000011276c                hidCircleRead
 .text.srvPmGetSessionHandle
                0x0000000000112784        0xc C:/devkitPro/libctru/lib\libctru.a(srvpm.o)
                0x0000000000112784                srvPmGetSessionHandle
 .text.ptmSysmInit
                0x0000000000112790       0x74 C:/devkitPro/libctru/lib\libctru.a(ptmsysm.o)
                0x0000000000112790                ptmSysmInit
 .text.ptmSysmExit
                0x0000000000112804       0x3c C:/devkitPro/libctru/lib\libctru.a(ptmsysm.o)
                0x0000000000112804                ptmSysmExit
 .text.PTMSYSM_ConfigureNew3DSCPU
                0x0000000000112840       0x34 C:/devkitPro/libctru/lib\libctru.a(ptmsysm.o)
                0x0000000000112840                PTMSYSM_ConfigureNew3DSCPU
 .text.fsInit   0x0000000000112874       0xcc C:/devkitPro/libctru/lib\libctru.a(fs.o)
                0x0000000000112874                fsInit
 .text.fsExit   0x0000000000112940       0x3c C:/devkitPro/libctru/lib\libctru.a(fs.o)
                0x0000000000112940                fsExit
 .text.fsExemptFromSession
                0x000000000011297c       0x60 C:/devkitPro/libctru/lib\libctru.a(fs.o)
                0x000000000011297c                fsExemptFromSession
 .text.fsUnexemptFromSession
                0x00000000001129dc       0x50 C:/devkitPro/libctru/lib\libctru.a(fs.o)
                0x00000000001129dc                fsUnexemptFromSession
 .text.FSUSER_OpenFile
                0x0000000000112a2c       0xcc C:/devkitPro/libctru/lib\libctru.a(fs.o)
                0x0000000000112a2c                FSUSER_OpenFile
 .text.FSUSER_OpenFileDirectly
                0x0000000000112af8       0xd4 C:/devkitPro/libctru/lib\libctru.a(fs.o)
                0x0000000000112af8                FSUSER_OpenFileDirectly
 .text.FSUSER_DeleteFile
                0x0000000000112bcc       0xbc C:/devkitPro/libctru/lib\libctru.a(fs.o)
                0x0000000000112bcc                FSUSER_DeleteFile
 .text.FSUSER_RenameFile
                0x0000000000112c88       0xf8 C:/devkitPro/libctru/lib\libctru.a(fs.o)
                0x0000000000112c88                FSUSER_RenameFile
 .text.FSUSER_DeleteDirectory
                0x0000000000112d80       0xbc C:/devkitPro/libctru/lib\libctru.a(fs.o)
                0x0000000000112d80                FSUSER_DeleteDirectory
 .text.FSUSER_CreateFile
                0x0000000000112e3c       0xd4 C:/devkitPro/libctru/lib\libctru.a(fs.o)
                0x0000000000112e3c                FSUSER_CreateFile
 .text.FSUSER_CreateDirectory
                0x0000000000112f10       0xc4 C:/devkitPro/libctru/lib\libctru.a(fs.o)
                0x0000000000112f10                FSUSER_CreateDirectory
 .text.FSUSER_RenameDirectory
                0x0000000000112fd4       0xf8 C:/devkitPro/libctru/lib\libctru.a(fs.o)
                0x0000000000112fd4                FSUSER_RenameDirectory
 .text.FSUSER_OpenDirectory
                0x00000000001130cc       0xb4 C:/devkitPro/libctru/lib\libctru.a(fs.o)
                0x00000000001130cc                FSUSER_OpenDirectory
 .text.FSUSER_OpenArchive
                0x0000000000113180       0x98 C:/devkitPro/libctru/lib\libctru.a(fs.o)
                0x0000000000113180                FSUSER_OpenArchive
 .text.FSUSER_CloseArchive
                0x0000000000113218       0x8c C:/devkitPro/libctru/lib\libctru.a(fs.o)
                0x0000000000113218                FSUSER_CloseArchive
 .text.FSUSER_GetSdmcArchiveResource
                0x00000000001132a4       0x74 C:/devkitPro/libctru/lib\libctru.a(fs.o)
                0x00000000001132a4                FSUSER_GetSdmcArchiveResource
 .text.FSUSER_IsSdmcWritable
                0x0000000000113318       0x64 C:/devkitPro/libctru/lib\libctru.a(fs.o)
                0x0000000000113318                FSUSER_IsSdmcWritable
 .text.FSFILE_Read
                0x000000000011337c       0x58 C:/devkitPro/libctru/lib\libctru.a(fs.o)
                0x000000000011337c                FSFILE_Read
 .text.FSFILE_Write
                0x00000000001133d4       0x60 C:/devkitPro/libctru/lib\libctru.a(fs.o)
                0x00000000001133d4                FSFILE_Write
 .text.FSFILE_GetSize
                0x0000000000113434       0x3c C:/devkitPro/libctru/lib\libctru.a(fs.o)
                0x0000000000113434                FSFILE_GetSize
 .text.FSFILE_SetSize
                0x0000000000113470       0x28 C:/devkitPro/libctru/lib\libctru.a(fs.o)
                0x0000000000113470                FSFILE_SetSize
 .text.FSFILE_Close
                0x0000000000113498       0x3c C:/devkitPro/libctru/lib\libctru.a(fs.o)
                0x0000000000113498                FSFILE_Close
 .text.FSFILE_Flush
                0x00000000001134d4       0x24 C:/devkitPro/libctru/lib\libctru.a(fs.o)
                0x00000000001134d4                FSFILE_Flush
 .text.FSDIR_Read
                0x00000000001134f8       0x50 C:/devkitPro/libctru/lib\libctru.a(fs.o)
                0x00000000001134f8                FSDIR_Read
 .text.FSDIR_Close
                0x0000000000113548       0x3c C:/devkitPro/libctru/lib\libctru.a(fs.o)
                0x0000000000113548                FSDIR_Close
 .text.buffer_read
                0x0000000000113584       0xc4 C:/devkitPro/libctru/lib\libctru.a(decompress.o)
 .text.iov_read
                0x0000000000113648       0xd0 C:/devkitPro/libctru/lib\libctru.a(decompress.o)
 .text.iov_memmove
                0x0000000000113718      0x138 C:/devkitPro/libctru/lib\libctru.a(decompress.o)
 .text.decompress_rle
                0x0000000000113850      0x1dc C:/devkitPro/libctru/lib\libctru.a(decompress.o)
 .text.decompress_lzss
                0x0000000000113a2c      0x244 C:/devkitPro/libctru/lib\libctru.a(decompress.o)
 .text.decompress_lz11
                0x0000000000113c70      0x424 C:/devkitPro/libctru/lib\libctru.a(decompress.o)
 .text.decompress_huff
                0x0000000000114094      0x2d8 C:/devkitPro/libctru/lib\libctru.a(decompress.o)
 .text.decompressCallback_Stdio
                0x000000000011436c       0x10 C:/devkitPro/libctru/lib\libctru.a(decompress.o)
                0x000000000011436c                decompressCallback_Stdio
 .text.decompressHeader
                0x000000000011437c       0xdc C:/devkitPro/libctru/lib\libctru.a(decompress.o)
                0x000000000011437c                decompressHeader
 .text.decompressV
                0x0000000000114458      0x240 C:/devkitPro/libctru/lib\libctru.a(decompress.o)
                0x0000000000114458                decompressV
 .text.rbtree_init
                0x0000000000114698       0x10 C:/devkitPro/libctru/lib\libctru.a(rbtree_init.o)
                0x0000000000114698                rbtree_init
 .text.do_insert
                0x00000000001146a8      0x1b4 C:/devkitPro/libctru/lib\libctru.a(rbtree_insert.o)
 .text.rbtree_insert
                0x000000000011485c        0x8 C:/devkitPro/libctru/lib\libctru.a(rbtree_insert.o)
                0x000000000011485c                rbtree_insert
 .text.rbtree_rotate
                0x0000000000114864       0x90 C:/devkitPro/libctru/lib\libctru.a(rbtree_rotate.o)
                0x0000000000114864                rbtree_rotate
 .text.rbtree_remove
                0x00000000001148f4      0x318 C:/devkitPro/libctru/lib\libctru.a(rbtree_remove.o)
                0x00000000001148f4                rbtree_remove
 .text.rbtree_find
                0x0000000000114c0c       0x74 C:/devkitPro/libctru/lib\libctru.a(rbtree_find.o)
                0x0000000000114c0c                rbtree_find
 .text.utf16_to_utf8
                0x0000000000114c80       0xe8 C:/devkitPro/libctru/lib\libctru.a(utf16_to_utf8.o)
                0x0000000000114c80                utf16_to_utf8
 .text.decode_utf16
                0x0000000000114d68       0x64 C:/devkitPro/libctru/lib\libctru.a(decode_utf16.o)
                0x0000000000114d68                decode_utf16
 .text.decode_utf8
                0x0000000000114dcc      0x13c C:/devkitPro/libctru/lib\libctru.a(decode_utf8.o)
                0x0000000000114dcc                decode_utf8
 .text.utf8_to_utf16
                0x0000000000114f08       0xc0 C:/devkitPro/libctru/lib\libctru.a(utf8_to_utf16.o)
                0x0000000000114f08                utf8_to_utf16
 .text.__system_allocateHeaps
                0x0000000000114fc8      0x1e0 C:/devkitPro/libctru/lib\libctru.a(allocateHeaps.o)
                0x0000000000114fc8                __system_allocateHeaps
 .text.__libctru_init
                0x00000000001151a8       0x38 C:/devkitPro/libctru/lib\libctru.a(ctru_init.o)
                0x00000000001151a8                __libctru_init
 .text.__system_initArgv
                0x00000000001151e0      0x170 C:/devkitPro/libctru/lib\libctru.a(initArgv.o)
                0x00000000001151e0                __system_initArgv
 .text.svcControlMemory
                0x0000000000115350       0x20 C:/devkitPro/libctru/lib\libctru.a(svc.o)
                0x0000000000115350                svcControlMemory
 .text.svcQueryMemory
                0x0000000000115370       0x30 C:/devkitPro/libctru/lib\libctru.a(svc.o)
                0x0000000000115370                svcQueryMemory
 .text.svcExitProcess
                0x00000000001153a0        0x8 C:/devkitPro/libctru/lib\libctru.a(svc.o)
                0x00000000001153a0                svcExitProcess
 .text.svcCreateThread
                0x00000000001153a8       0x20 C:/devkitPro/libctru/lib\libctru.a(svc.o)
                0x00000000001153a8                svcCreateThread
 .text.svcExitThread
                0x00000000001153c8        0x8 C:/devkitPro/libctru/lib\libctru.a(svc.o)
                0x00000000001153c8                svcExitThread
 .text.svcSleepThread
                0x00000000001153d0        0x8 C:/devkitPro/libctru/lib\libctru.a(svc.o)
                0x00000000001153d0                svcSleepThread
 .text.svcReleaseMutex
                0x00000000001153d8        0x8 C:/devkitPro/libctru/lib\libctru.a(svc.o)
                0x00000000001153d8                svcReleaseMutex
 .text.svcCreateEvent
                0x00000000001153e0       0x14 C:/devkitPro/libctru/lib\libctru.a(svc.o)
                0x00000000001153e0                svcCreateEvent
 .text.svcSignalEvent
                0x00000000001153f4        0x8 C:/devkitPro/libctru/lib\libctru.a(svc.o)
                0x00000000001153f4                svcSignalEvent
 .text.svcClearEvent
                0x00000000001153fc        0x8 C:/devkitPro/libctru/lib\libctru.a(svc.o)
                0x00000000001153fc                svcClearEvent
 .text.svcMapMemoryBlock
                0x0000000000115404        0x8 C:/devkitPro/libctru/lib\libctru.a(svc.o)
                0x0000000000115404                svcMapMemoryBlock
 .text.svcUnmapMemoryBlock
                0x000000000011540c        0x8 C:/devkitPro/libctru/lib\libctru.a(svc.o)
                0x000000000011540c                svcUnmapMemoryBlock
 .text.svcCreateAddressArbiter
                0x0000000000115414       0x14 C:/devkitPro/libctru/lib\libctru.a(svc.o)
                0x0000000000115414                svcCreateAddressArbiter
 .text.svcArbitrateAddressNoTimeout
                0x0000000000115428        0x8 C:/devkitPro/libctru/lib\libctru.a(svc.o)
                0x0000000000115428                svcArbitrateAddressNoTimeout
 .text.svcCloseHandle
                0x0000000000115430        0x8 C:/devkitPro/libctru/lib\libctru.a(svc.o)
                0x0000000000115430                svcCloseHandle
 .text.svcWaitSynchronization
                0x0000000000115438        0x8 C:/devkitPro/libctru/lib\libctru.a(svc.o)
                0x0000000000115438                svcWaitSynchronization
 .text.svcWaitSynchronizationN
                0x0000000000115440       0x28 C:/devkitPro/libctru/lib\libctru.a(svc.o)
                0x0000000000115440                svcWaitSynchronizationN
 .text.svcDuplicateHandle
                0x0000000000115468       0x14 C:/devkitPro/libctru/lib\libctru.a(svc.o)
                0x0000000000115468                svcDuplicateHandle
 .text.svcGetSystemTick
                0x000000000011547c        0x8 C:/devkitPro/libctru/lib\libctru.a(svc.o)
                0x000000000011547c                svcGetSystemTick
 .text.svcConnectToPort
                0x0000000000115484       0x14 C:/devkitPro/libctru/lib\libctru.a(svc.o)
                0x0000000000115484                svcConnectToPort
 .text.svcSendSyncRequest
                0x0000000000115498        0x8 C:/devkitPro/libctru/lib\libctru.a(svc.o)
                0x0000000000115498                svcSendSyncRequest
 .text.svcGetResourceLimit
                0x00000000001154a0       0x14 C:/devkitPro/libctru/lib\libctru.a(svc.o)
                0x00000000001154a0                svcGetResourceLimit
 .text.svcGetResourceLimitLimitValues
                0x00000000001154b4        0x8 C:/devkitPro/libctru/lib\libctru.a(svc.o)
                0x00000000001154b4                svcGetResourceLimitLimitValues
 .text.svcGetResourceLimitCurrentValues
                0x00000000001154bc        0x8 C:/devkitPro/libctru/lib\libctru.a(svc.o)
                0x00000000001154bc                svcGetResourceLimitCurrentValues
 .text.svcBreak
                0x00000000001154c4        0x8 C:/devkitPro/libctru/lib\libctru.a(svc.o)
                0x00000000001154c4                svcBreak
 .text.initSystem
                0x00000000001154cc       0x50 C:/devkitPro/libctru/lib\libctru.a(stack_adjust.o)
                0x00000000001154cc                initSystem
 .text.__ctru_exit
                0x000000000011551c       0x18 C:/devkitPro/libctru/lib\libctru.a(stack_adjust.o)
                0x000000000011551c                __ctru_exit
 .text.__aeabi_read_tp
                0x0000000000115534        0xc C:/devkitPro/libctru/lib\libctru.a(readtp.o)
                0x0000000000115534                __aeabi_read_tp
 .text.__sync_init
                0x0000000000115540        0xc C:/devkitPro/libctru/lib\libctru.a(synchronization.o)
                0x0000000000115540                __sync_init
 .text.__sync_fini
                0x000000000011554c       0x18 C:/devkitPro/libctru/lib\libctru.a(synchronization.o)
                0x000000000011554c                __sync_fini
 .text.syncArbitrateAddress
                0x0000000000115564       0x2c C:/devkitPro/libctru/lib\libctru.a(synchronization.o)
                0x0000000000115564                syncArbitrateAddress
 .text.LightLock_Lock
                0x0000000000115590       0xb0 C:/devkitPro/libctru/lib\libctru.a(synchronization.o)
                0x0000000000115590                LightLock_Lock
 .text.LightLock_Unlock
                0x0000000000115640       0x40 C:/devkitPro/libctru/lib\libctru.a(synchronization.o)
                0x0000000000115640                LightLock_Unlock
 .text.RecursiveLock_Init
                0x0000000000115680       0x24 C:/devkitPro/libctru/lib\libctru.a(synchronization.o)
                0x0000000000115680                RecursiveLock_Init
 .text.RecursiveLock_Lock
                0x00000000001156a4       0x30 C:/devkitPro/libctru/lib\libctru.a(synchronization.o)
                0x00000000001156a4                RecursiveLock_Lock
 .text.RecursiveLock_Unlock
                0x00000000001156d4       0x54 C:/devkitPro/libctru/lib\libctru.a(synchronization.o)
                0x00000000001156d4                RecursiveLock_Unlock
 .text.LightEvent_Init
                0x0000000000115728       0x40 C:/devkitPro/libctru/lib\libctru.a(synchronization.o)
                0x0000000000115728                LightEvent_Init
 .text.LightEvent_Clear
                0x0000000000115768       0xa4 C:/devkitPro/libctru/lib\libctru.a(synchronization.o)
                0x0000000000115768                LightEvent_Clear
 .text.LightEvent_Signal
                0x000000000011580c       0xc8 C:/devkitPro/libctru/lib\libctru.a(synchronization.o)
                0x000000000011580c                LightEvent_Signal
 .text.LightEvent_TryWait
                0x00000000001158d4       0x50 C:/devkitPro/libctru/lib\libctru.a(synchronization.o)
                0x00000000001158d4                LightEvent_TryWait
 .text.LightEvent_Wait
                0x0000000000115924       0xb0 C:/devkitPro/libctru/lib\libctru.a(synchronization.o)
                0x0000000000115924                LightEvent_Wait
 .text.envGetHandle
                0x00000000001159d4       0x84 C:/devkitPro/libctru/lib\libctru.a(env.o)
                0x00000000001159d4                envGetHandle
 .text.envDestroyHandles
                0x0000000000115a58       0x50 C:/devkitPro/libctru/lib\libctru.a(env.o)
                0x0000000000115a58                envDestroyHandles
 .text.threadCreate
                0x0000000000115aa8      0x1d0 C:/devkitPro/libctru/lib\libctru.a(thread.o)
                0x0000000000115aa8                threadCreate
 .text.threadFree
                0x0000000000115c78       0x2c C:/devkitPro/libctru/lib\libctru.a(thread.o)
                0x0000000000115c78                threadFree
 .text.threadJoin
                0x0000000000115ca4       0x24 C:/devkitPro/libctru/lib\libctru.a(thread.o)
                0x0000000000115ca4                threadJoin
 .text.threadGetCurrent
                0x0000000000115cc8       0x30 C:/devkitPro/libctru/lib\libctru.a(thread.o)
                0x0000000000115cc8                threadGetCurrent
 .text.threadExit
                0x0000000000115cf8       0x40 C:/devkitPro/libctru/lib\libctru.a(thread.o)
                0x0000000000115cf8                threadExit
 .text._thread_begin
                0x0000000000115d38       0x20 C:/devkitPro/libctru/lib\libctru.a(thread.o)
 .text.mappableFindAddressWithin
                0x0000000000115d58       0xb4 C:/devkitPro/libctru/lib\libctru.a(mappable.o)
 .text.mappableInit
                0x0000000000115e0c       0x28 C:/devkitPro/libctru/lib\libctru.a(mappable.o)
                0x0000000000115e0c                mappableInit
 .text.mappableAlloc
                0x0000000000115e34       0x80 C:/devkitPro/libctru/lib\libctru.a(mappable.o)
                0x0000000000115e34                mappableAlloc
 .text.mappableFree
                0x0000000000115eb4        0x4 C:/devkitPro/libctru/lib\libctru.a(mappable.o)
                0x0000000000115eb4                mappableFree
 .text.irrstInit
                0x0000000000115eb8      0x164 C:/devkitPro/libctru/lib\libctru.a(irrst.o)
                0x0000000000115eb8                irrstInit
 .text.irrstExit
                0x000000000011601c       0xcc C:/devkitPro/libctru/lib\libctru.a(irrst.o)
                0x000000000011601c                irrstExit
 .text.irrstScanInput
                0x00000000001160e8       0xb4 C:/devkitPro/libctru/lib\libctru.a(irrst.o)
                0x00000000001160e8                irrstScanInput
 .text.irrstKeysHeld
                0x000000000011619c       0x24 C:/devkitPro/libctru/lib\libctru.a(irrst.o)
                0x000000000011619c                irrstKeysHeld
 .text.rbtree_node_next
                0x00000000001161c0       0x5c C:/devkitPro/libctru/lib\libctru.a(rbtree_iterator.o)
                0x00000000001161c0                rbtree_node_next
 .text.encode_utf16
                0x000000000011621c       0x54 C:/devkitPro/libctru/lib\libctru.a(encode_utf16.o)
                0x000000000011621c                encode_utf16
 .text.encode_utf8
                0x0000000000116270       0xe0 C:/devkitPro/libctru/lib\libctru.a(encode_utf8.o)
                0x0000000000116270                encode_utf8
 .text.__appInit
                0x0000000000116350       0x30 C:/devkitPro/libctru/lib\libctru.a(appInit.o)
                0x0000000000116350                __appInit
 .text.__syscall_getreent
                0x0000000000116380       0x30 C:/devkitPro/libctru/lib\libctru.a(syscalls.o)
                0x0000000000116380                __syscall_getreent
 .text.__syscall_gettod_r
                0x00000000001163b0       0x64 C:/devkitPro/libctru/lib\libctru.a(syscalls.o)
                0x00000000001163b0                __syscall_gettod_r
 .text.__syscall_lock_acquire
                0x0000000000116414        0x4 C:/devkitPro/libctru/lib\libctru.a(syscalls.o)
                0x0000000000116414                __syscall_lock_acquire
 .text.__syscall_lock_release
                0x0000000000116418        0x4 C:/devkitPro/libctru/lib\libctru.a(syscalls.o)
                0x0000000000116418                __syscall_lock_release
 .text.__syscall_lock_init_recursive
                0x000000000011641c        0x4 C:/devkitPro/libctru/lib\libctru.a(syscalls.o)
                0x000000000011641c                __syscall_lock_init_recursive
 .text.__syscall_lock_acquire_recursive
                0x0000000000116420        0x4 C:/devkitPro/libctru/lib\libctru.a(syscalls.o)
                0x0000000000116420                __syscall_lock_acquire_recursive
 .text.__syscall_lock_release_recursive
                0x0000000000116424        0x4 C:/devkitPro/libctru/lib\libctru.a(syscalls.o)
                0x0000000000116424                __syscall_lock_release_recursive
 .text.__syscall_exit
                0x0000000000116428        0x4 C:/devkitPro/libctru/lib\libctru.a(syscalls.o)
                0x0000000000116428                __syscall_exit
 .text.initThreadVars
                0x000000000011642c       0x50 C:/devkitPro/libctru/lib\libctru.a(syscalls.o)
                0x000000000011642c                initThreadVars
 .text.__system_initSyscalls
                0x000000000011647c       0x80 C:/devkitPro/libctru/lib\libctru.a(syscalls.o)
                0x000000000011647c                __system_initSyscalls
 .text.__appExit
                0x00000000001164fc       0x30 C:/devkitPro/libctru/lib\libctru.a(appExit.o)
                0x00000000001164fc                __appExit
 .text.__libctru_exit
                0x000000000011652c       0x90 C:/devkitPro/libctru/lib\libctru.a(ctru_exit.o)
                0x000000000011652c                __libctru_exit
 .text.archive_link
                0x00000000001165bc       0x14 C:/devkitPro/libctru/lib\libctru.a(archive_dev.o)
 .text.archive_dirreset
                0x00000000001165d0       0x14 C:/devkitPro/libctru/lib\libctru.a(archive_dev.o)
 .text.archive_chmod
                0x00000000001165e4       0x14 C:/devkitPro/libctru/lib\libctru.a(archive_dev.o)
 .text.error_cmp
                0x00000000001165f8       0x24 C:/devkitPro/libctru/lib\libctru.a(archive_dev.o)
 .text.archive_translate_error
                0x000000000011661c       0x50 C:/devkitPro/libctru/lib\libctru.a(archive_dev.o)
 .text.archive_seek
                0x000000000011666c       0xc8 C:/devkitPro/libctru/lib\libctru.a(archive_dev.o)
 .text._archiveInit.part.0
                0x0000000000116734       0x7c C:/devkitPro/libctru/lib\libctru.a(archive_dev.o)
 .text.archiveFindDevice.part.0
                0x00000000001167b0       0xc4 C:/devkitPro/libctru/lib\libctru.a(archive_dev.o)
 .text.archive_utf16path
                0x0000000000116874      0x25c C:/devkitPro/libctru/lib\libctru.a(archive_dev.o)
 .text._archiveUnmountDeviceStruct.part.0
                0x0000000000116ad0       0xa0 C:/devkitPro/libctru/lib\libctru.a(archive_dev.o)
 .text.archive_fchmod
                0x0000000000116b70       0x14 C:/devkitPro/libctru/lib\libctru.a(archive_dev.o)
 .text.archive_statvfs
                0x0000000000116b84       0x14 C:/devkitPro/libctru/lib\libctru.a(archive_dev.o)
 .text._archiveMountDevice
                0x0000000000116b98      0x164 C:/devkitPro/libctru/lib\libctru.a(archive_dev.o)
 .text.archive_diropen
                0x0000000000116cfc       0xe8 C:/devkitPro/libctru/lib\libctru.a(archive_dev.o)
 .text.archive_fstat
                0x0000000000116de4       0xa4 C:/devkitPro/libctru/lib\libctru.a(archive_dev.o)
 .text.archive_close
                0x0000000000116e88       0x6c C:/devkitPro/libctru/lib\libctru.a(archive_dev.o)
 .text.archive_fsync
                0x0000000000116ef4       0x6c C:/devkitPro/libctru/lib\libctru.a(archive_dev.o)
 .text.archive_dirclose
                0x0000000000116f60       0x70 C:/devkitPro/libctru/lib\libctru.a(archive_dev.o)
 .text.sdmc_statvfs
                0x0000000000116fd0       0xe8 C:/devkitPro/libctru/lib\libctru.a(archive_dev.o)
 .text.archive_chdir
                0x00000000001170b8       0xec C:/devkitPro/libctru/lib\libctru.a(archive_dev.o)
 .text.archive_ftruncate
                0x00000000001171a4       0x7c C:/devkitPro/libctru/lib\libctru.a(archive_dev.o)
 .text.archive_read
                0x0000000000117220       0xac C:/devkitPro/libctru/lib\libctru.a(archive_dev.o)
 .text.archive_unlink
                0x00000000001172cc       0xa4 C:/devkitPro/libctru/lib\libctru.a(archive_dev.o)
 .text.archive_rmdir
                0x0000000000117370       0xbc C:/devkitPro/libctru/lib\libctru.a(archive_dev.o)
 .text.archive_mkdir
                0x000000000011742c       0xdc C:/devkitPro/libctru/lib\libctru.a(archive_dev.o)
 .text.archive_stat
                0x0000000000117508      0x19c C:/devkitPro/libctru/lib\libctru.a(archive_dev.o)
 .text.archive_dirnext
                0x00000000001176a4      0x15c C:/devkitPro/libctru/lib\libctru.a(archive_dev.o)
 .text.archive_write
                0x0000000000117800       0xec C:/devkitPro/libctru/lib\libctru.a(archive_dev.o)
 .text.archive_open
                0x00000000001178ec      0x1d4 C:/devkitPro/libctru/lib\libctru.a(archive_dev.o)
 .text.archive_rename
                0x0000000000117ac0      0x278 C:/devkitPro/libctru/lib\libctru.a(archive_dev.o)
 .text.archiveMountSdmc
                0x0000000000117d38      0x19c C:/devkitPro/libctru/lib\libctru.a(archive_dev.o)
                0x0000000000117d38                archiveMountSdmc
 .text.archiveUnmountAll
                0x0000000000117ed4       0x54 C:/devkitPro/libctru/lib\libctru.a(archive_dev.o)
                0x0000000000117ed4                archiveUnmountAll
 .text.cosf     0x0000000000117f28      0x22c c:/devkitpro/devkitarm/bin/../lib/gcc/arm-none-eabi/12.2.0/../../../../arm-none-eabi/lib/armv6k/fpu\libm.a(lib_a-cosf.o)
                0x0000000000117f28                cosf
 .text.with_errnof
                0x0000000000118154       0x24 c:/devkitpro/devkitarm/bin/../lib/gcc/arm-none-eabi/12.2.0/../../../../arm-none-eabi/lib/armv6k/fpu\libm.a(lib_a-math_errf.o)
 .text.__math_invalidf
                0x0000000000118178       0x1c c:/devkitpro/devkitarm/bin/../lib/gcc/arm-none-eabi/12.2.0/../../../../arm-none-eabi/lib/armv6k/fpu\libm.a(lib_a-math_errf.o)
                0x0000000000118178                __math_invalidf
 *fill*         0x0000000000118194        0x4 
 .text.cos      0x0000000000118198       0xc0 c:/devkitpro/devkitarm/bin/../lib/gcc/arm-none-eabi/12.2.0/../../../../arm-none-eabi/lib/armv6k/fpu\libm.a(lib_a-s_cos.o)
                0x0000000000118198                cos
 .text.ceilf    0x0000000000118258       0xb8 c:/devkitpro/devkitarm/bin/../lib/gcc/arm-none-eabi/12.2.0/../../../../arm-none-eabi/lib/armv6k/fpu\libm.a(lib_a-sf_ceil.o)
                0x0000000000118258                ceilf
 .text.sinf     0x0000000000118310      0x24c c:/devkitpro/devkitarm/bin/../lib/gcc/arm-none-eabi/12.2.0/../../../../arm-none-eabi/lib/armv6k/fpu\libm.a(lib_a-sinf.o)
                0x0000000000118310                sinf
 *fill*         0x000000000011855c        0x4 
 .text.sin      0x0000000000118560       0xc8 c:/devkitpro/devkitarm/bin/../lib/gcc/arm-none-eabi/12.2.0/../../../../arm-none-eabi/lib/armv6k/fpu\libm.a(lib_a-s_sin.o)
                0x0000000000118560                sin
 .text.sqrt     0x0000000000118628       0x58 c:/devkitpro/devkitarm/bin/../lib/gcc/arm-none-eabi/12.2.0/../../../../arm-none-eabi/lib/armv6k/fpu\libm.a(lib_a-w_sqrt.o)
                0x0000000000118628                sqrt
 .text.__ieee754_rem_pio2
                0x0000000000118680      0x308 c:/devkitpro/devkitarm/bin/../lib/gcc/arm-none-eabi/12.2.0/../../../../arm-none-eabi/lib/armv6k/fpu\libm.a(lib_a-e_rem_pio2.o)
                0x0000000000118680                __ieee754_rem_pio2
 .text.__ieee754_sqrt
                0x0000000000118988        0x8 c:/devkitpro/devkitarm/bin/../lib/gcc/arm-none-eabi/12.2.0/../../../../arm-none-eabi/lib/armv6k/fpu\libm.a(lib_a-e_sqrt.o)
                0x0000000000118988                __ieee754_sqrt
 .text.__kernel_cos
                0x0000000000118990      0x158 c:/devkitpro/devkitarm/bin/../lib/gcc/arm-none-eabi/12.2.0/../../../../arm-none-eabi/lib/armv6k/fpu\libm.a(lib_a-k_cos.o)
                0x0000000000118990                __kernel_cos
 .text.__kernel_rem_pio2
                0x0000000000118ae8      0x8c0 c:/devkitpro/devkitarm/bin/../lib/gcc/arm-none-eabi/12.2.0/../../../../arm-none-eabi/lib/armv6k/fpu\libm.a(lib_a-k_rem_pio2.o)
                0x0000000000118ae8                __kernel_rem_pio2
 .text.__kernel_sin
                0x00000000001193a8       0xc0 c:/devkitpro/devkitarm/bin/../lib/gcc/arm-none-eabi/12.2.0/../../../../arm-none-eabi/lib/armv6k/fpu\libm.a(lib_a-k_sin.o)
                0x00000000001193a8                __kernel_sin
 .text.fabs     0x0000000000119468       0x14 c:/devkitpro/devkitarm/bin/../lib/gcc/arm-none-eabi/12.2.0/../../../../arm-none-eabi/lib/armv6k/fpu\libm.a(lib_a-s_fabs.o)
                0x0000000000119468                fabs
 *fill*         0x000000000011947c        0x4 
 .text.floor    0x0000000000119480      0x144 c:/devkitpro/devkitarm/bin/../lib/gcc/arm-none-eabi/12.2.0/../../../../arm-none-eabi/lib/armv6k/fpu\libm.a(lib_a-s_floor.o)
                0x0000000000119480                floor
 *fill*         0x00000000001195c4        0x4 
 .text.scalbn   0x00000000001195c8      0x140 c:/devkitpro/devkitarm/bin/../lib/gcc/arm-none-eabi/12.2.0/../../../../arm-none-eabi/lib/armv6k/fpu\libm.a(lib_a-s_scalbn.o)
                0x00000000001195c8                scalbn
 .text.__udivmoddi4
                0x0000000000119708      0x120 c:/devkitpro/devkitarm/bin/../lib/gcc/arm-none-eabi/12.2.0/armv6k/fpu\libgcc.a(_udivmoddi4.o)
                0x0000000000119708                __udivmoddi4
 .text.bsearch  0x0000000000119828       0x78 c:/devkitpro/devkitarm/bin/../lib/gcc/arm-none-eabi/12.2.0/../../../../arm-none-eabi/lib/armv6k/fpu\libg.a(lib_a-bsearch.o)
                0x0000000000119828                bsearch
 .text.calloc   0x00000000001198a0       0x20 c:/devkitpro/devkitarm/bin/../lib/gcc/arm-none-eabi/12.2.0/../../../../arm-none-eabi/lib/armv6k/fpu\libg.a(lib_a-calloc.o)
                0x00000000001198a0                calloc
 .text._calloc_r
                0x00000000001198c0       0xc0 c:/devkitpro/devkitarm/bin/../lib/gcc/arm-none-eabi/12.2.0/../../../../arm-none-eabi/lib/armv6k/fpu\libg.a(lib_a-callocr.o)
                0x00000000001198c0                _calloc_r
 .text.__errno  0x0000000000119980        0xc c:/devkitpro/devkitarm/bin/../lib/gcc/arm-none-eabi/12.2.0/../../../../arm-none-eabi/lib/armv6k/fpu\libg.a(lib_a-errno.o)
                0x0000000000119980                __errno
 .text.exit     0x000000000011998c       0x34 c:/devkitpro/devkitarm/bin/../lib/gcc/arm-none-eabi/12.2.0/../../../../arm-none-eabi/lib/armv6k/fpu\libg.a(lib_a-exit.o)
                0x000000000011998c                exit
 .text._fclose_r
                0x00000000001199c0      0x15c c:/devkitpro/devkitarm/bin/../lib/gcc/arm-none-eabi/12.2.0/../../../../arm-none-eabi/lib/armv6k/fpu\libg.a(lib_a-fclose.o)
                0x00000000001199c0                _fclose_r
 .text.fclose   0x0000000000119b1c       0x18 c:/devkitpro/devkitarm/bin/../lib/gcc/arm-none-eabi/12.2.0/../../../../arm-none-eabi/lib/armv6k/fpu\libg.a(lib_a-fclose.o)
                0x0000000000119b1c                fclose
 .text.__sflush_r
                0x0000000000119b34      0x234 c:/devkitpro/devkitarm/bin/../lib/gcc/arm-none-eabi/12.2.0/../../../../arm-none-eabi/lib/armv6k/fpu\libg.a(lib_a-fflush.o)
                0x0000000000119b34                __sflush_r
 .text._fflush_r
                0x0000000000119d68       0x94 c:/devkitpro/devkitarm/bin/../lib/gcc/arm-none-eabi/12.2.0/../../../../arm-none-eabi/lib/armv6k/fpu\libg.a(lib_a-fflush.o)
                0x0000000000119d68                _fflush_r
 .text.fflush   0x0000000000119dfc       0x38 c:/devkitpro/devkitarm/bin/../lib/gcc/arm-none-eabi/12.2.0/../../../../arm-none-eabi/lib/armv6k/fpu\libg.a(lib_a-fflush.o)
                0x0000000000119dfc                fflush
 .text._cleanup_r
                0x0000000000119e34        0xc c:/devkitpro/devkitarm/bin/../lib/gcc/arm-none-eabi/12.2.0/../../../../arm-none-eabi/lib/armv6k/fpu\libg.a(lib_a-findfp.o)
                0x0000000000119e34                _cleanup_r
 .text.__sinit  0x0000000000119e40      0x184 c:/devkitpro/devkitarm/bin/../lib/gcc/arm-none-eabi/12.2.0/../../../../arm-none-eabi/lib/armv6k/fpu\libg.a(lib_a-findfp.o)
                0x0000000000119e40                __sinit
 .text.__sfp    0x0000000000119fc4      0x134 c:/devkitpro/devkitarm/bin/../lib/gcc/arm-none-eabi/12.2.0/../../../../arm-none-eabi/lib/armv6k/fpu\libg.a(lib_a-findfp.o)
                0x0000000000119fc4                __sfp
 .text.__sfp_lock_acquire
                0x000000000011a0f8        0xc c:/devkitpro/devkitarm/bin/../lib/gcc/arm-none-eabi/12.2.0/../../../../arm-none-eabi/lib/armv6k/fpu\libg.a(lib_a-findfp.o)
                0x000000000011a0f8                __sfp_lock_acquire
 .text.__sfp_lock_release
                0x000000000011a104        0xc c:/devkitpro/devkitarm/bin/../lib/gcc/arm-none-eabi/12.2.0/../../../../arm-none-eabi/lib/armv6k/fpu\libg.a(lib_a-findfp.o)
                0x000000000011a104                __sfp_lock_release
 .text.__libc_fini_array
                0x000000000011a110       0x3c c:/devkitpro/devkitarm/bin/../lib/gcc/arm-none-eabi/12.2.0/../../../../arm-none-eabi/lib/armv6k/fpu\libg.a(lib_a-fini.o)
                0x000000000011a110                __libc_fini_array
 .text._fopen_r
                0x000000000011a14c      0x134 c:/devkitpro/devkitarm/bin/../lib/gcc/arm-none-eabi/12.2.0/../../../../arm-none-eabi/lib/armv6k/fpu\libg.a(lib_a-fopen.o)
                0x000000000011a14c                _fopen_r
 .text.fopen    0x000000000011a280       0x20 c:/devkitpro/devkitarm/bin/../lib/gcc/arm-none-eabi/12.2.0/../../../../arm-none-eabi/lib/armv6k/fpu\libg.a(lib_a-fopen.o)
                0x000000000011a280                fopen
 .text._fread_r
                0x000000000011a2a0      0x2d0 c:/devkitpro/devkitarm/bin/../lib/gcc/arm-none-eabi/12.2.0/../../../../arm-none-eabi/lib/armv6k/fpu\libg.a(lib_a-fread.o)
                0x000000000011a2a0                _fread_r
 .text.fread    0x000000000011a570       0x38 c:/devkitpro/devkitarm/bin/../lib/gcc/arm-none-eabi/12.2.0/../../../../arm-none-eabi/lib/armv6k/fpu\libg.a(lib_a-fread.o)
                0x000000000011a570                fread
 .text._malloc_trim_r
                0x000000000011a5a8       0xf8 c:/devkitpro/devkitarm/bin/../lib/gcc/arm-none-eabi/12.2.0/../../../../arm-none-eabi/lib/armv6k/fpu\libg.a(lib_a-freer.o)
                0x000000000011a5a8                _malloc_trim_r
 .text._free_r  0x000000000011a6a0      0x2e8 c:/devkitpro/devkitarm/bin/../lib/gcc/arm-none-eabi/12.2.0/../../../../arm-none-eabi/lib/armv6k/fpu\libg.a(lib_a-freer.o)
                0x000000000011a6a0                _free_r
 .text._fseek_r
                0x000000000011a988       0x1c c:/devkitpro/devkitarm/bin/../lib/gcc/arm-none-eabi/12.2.0/../../../../arm-none-eabi/lib/armv6k/fpu\libg.a(lib_a-fseek.o)
                0x000000000011a988                _fseek_r
 .text._fseeko_r
                0x000000000011a9a4      0x590 c:/devkitpro/devkitarm/bin/../lib/gcc/arm-none-eabi/12.2.0/../../../../arm-none-eabi/lib/armv6k/fpu\libg.a(lib_a-fseeko.o)
                0x000000000011a9a4                _fseeko_r
 .text._fwalk   0x000000000011af34       0x68 c:/devkitpro/devkitarm/bin/../lib/gcc/arm-none-eabi/12.2.0/../../../../arm-none-eabi/lib/armv6k/fpu\libg.a(lib_a-fwalk.o)
                0x000000000011af34                _fwalk
 .text._fwalk_reent
                0x000000000011af9c       0x70 c:/devkitpro/devkitarm/bin/../lib/gcc/arm-none-eabi/12.2.0/../../../../arm-none-eabi/lib/armv6k/fpu\libg.a(lib_a-fwalk.o)
                0x000000000011af9c                _fwalk_reent
 .text.__libc_init_array
                0x000000000011b00c       0x84 c:/devkitpro/devkitarm/bin/../lib/gcc/arm-none-eabi/12.2.0/../../../../arm-none-eabi/lib/armv6k/fpu\libg.a(lib_a-init.o)
                0x000000000011b00c                __libc_init_array
 .text.__smakebuf_r
                0x000000000011b090      0x138 c:/devkitpro/devkitarm/bin/../lib/gcc/arm-none-eabi/12.2.0/../../../../arm-none-eabi/lib/armv6k/fpu\libg.a(lib_a-makebuf.o)
                0x000000000011b090                __smakebuf_r
 .text.__swhatbuf_r
                0x000000000011b1c8       0x8c c:/devkitpro/devkitarm/bin/../lib/gcc/arm-none-eabi/12.2.0/../../../../arm-none-eabi/lib/armv6k/fpu\libg.a(lib_a-makebuf.o)
                0x000000000011b1c8                __swhatbuf_r
 .text.memalign
                0x000000000011b254       0x20 c:/devkitpro/devkitarm/bin/../lib/gcc/arm-none-eabi/12.2.0/../../../../arm-none-eabi/lib/armv6k/fpu\libg.a(lib_a-malign.o)
                0x000000000011b254                memalign
 .text._memalign_r
                0x000000000011b274      0x14c c:/devkitpro/devkitarm/bin/../lib/gcc/arm-none-eabi/12.2.0/../../../../arm-none-eabi/lib/armv6k/fpu\libg.a(lib_a-malignr.o)
                0x000000000011b274                _memalign_r
 .text.malloc   0x000000000011b3c0       0x18 c:/devkitpro/devkitarm/bin/../lib/gcc/arm-none-eabi/12.2.0/../../../../arm-none-eabi/lib/armv6k/fpu\libg.a(lib_a-malloc.o)
                0x000000000011b3c0                malloc
 .text.free     0x000000000011b3d8       0x18 c:/devkitpro/devkitarm/bin/../lib/gcc/arm-none-eabi/12.2.0/../../../../arm-none-eabi/lib/armv6k/fpu\libg.a(lib_a-malloc.o)
                0x000000000011b3d8                free
 .text._malloc_r
                0x000000000011b3f0      0x7e4 c:/devkitpro/devkitarm/bin/../lib/gcc/arm-none-eabi/12.2.0/../../../../arm-none-eabi/lib/armv6k/fpu\libg.a(lib_a-mallocr.o)
                0x000000000011b3f0                _malloc_r
 .text.memcmp   0x000000000011bbd4       0xb0 c:/devkitpro/devkitarm/bin/../lib/gcc/arm-none-eabi/12.2.0/../../../../arm-none-eabi/lib/armv6k/fpu\libg.a(lib_a-memcmp.o)
                0x000000000011bbd4                memcmp
 .text.memcpy   0x000000000011bc84      0x118 c:/devkitpro/devkitarm/bin/../lib/gcc/arm-none-eabi/12.2.0/../../../../arm-none-eabi/lib/armv6k/fpu\libg.a(lib_a-memcpy-stub.o)
                0x000000000011bc84                memcpy
 .text.memset   0x000000000011bd9c       0xf4 c:/devkitpro/devkitarm/bin/../lib/gcc/arm-none-eabi/12.2.0/../../../../arm-none-eabi/lib/armv6k/fpu\libg.a(lib_a-memset.o)
                0x000000000011bd9c                memset
 .text.__malloc_lock
                0x000000000011be90        0xc c:/devkitpro/devkitarm/bin/../lib/gcc/arm-none-eabi/12.2.0/../../../../arm-none-eabi/lib/armv6k/fpu\libg.a(lib_a-mlock.o)
                0x000000000011be90                __malloc_lock
 .text.__malloc_unlock
                0x000000000011be9c        0xc c:/devkitpro/devkitarm/bin/../lib/gcc/arm-none-eabi/12.2.0/../../../../arm-none-eabi/lib/armv6k/fpu\libg.a(lib_a-mlock.o)
                0x000000000011be9c                __malloc_unlock
 .text.qsort    0x000000000011bea8      0xa04 c:/devkitpro/devkitarm/bin/../lib/gcc/arm-none-eabi/12.2.0/../../../../arm-none-eabi/lib/armv6k/fpu\libg.a(lib_a-qsort.o)
                0x000000000011bea8                qsort
 .text.rand     0x000000000011c8ac       0x44 c:/devkitpro/devkitarm/bin/../lib/gcc/arm-none-eabi/12.2.0/../../../../arm-none-eabi/lib/armv6k/fpu\libg.a(lib_a-rand.o)
                0x000000000011c8ac                rand
 .text._realloc_r
                0x000000000011c8f0      0x4a0 c:/devkitpro/devkitarm/bin/../lib/gcc/arm-none-eabi/12.2.0/../../../../arm-none-eabi/lib/armv6k/fpu\libg.a(lib_a-reallocr.o)
                0x000000000011c8f0                _realloc_r
 .text.lflush   0x000000000011cd90       0x1c c:/devkitpro/devkitarm/bin/../lib/gcc/arm-none-eabi/12.2.0/../../../../arm-none-eabi/lib/armv6k/fpu\libg.a(lib_a-refill.o)
 .text.__srefill_r
                0x000000000011cdac      0x198 c:/devkitpro/devkitarm/bin/../lib/gcc/arm-none-eabi/12.2.0/../../../../arm-none-eabi/lib/armv6k/fpu\libg.a(lib_a-refill.o)
                0x000000000011cdac                __srefill_r
 .text.setvbuf  0x000000000011cf44      0x25c c:/devkitpro/devkitarm/bin/../lib/gcc/arm-none-eabi/12.2.0/../../../../arm-none-eabi/lib/armv6k/fpu\libg.a(lib_a-setvbuf.o)
                0x000000000011cf44                setvbuf
 .text.snprintf
                0x000000000011d1a0       0xcc c:/devkitpro/devkitarm/bin/../lib/gcc/arm-none-eabi/12.2.0/../../../../arm-none-eabi/lib/armv6k/fpu\libg.a(lib_a-snprintf.o)
                0x000000000011d1a0                snprintf
 .text.__sread  0x000000000011d26c       0x44 c:/devkitpro/devkitarm/bin/../lib/gcc/arm-none-eabi/12.2.0/../../../../arm-none-eabi/lib/armv6k/fpu\libg.a(lib_a-stdio.o)
                0x000000000011d26c                __sread
 .text.__swrite
                0x000000000011d2b0       0x68 c:/devkitpro/devkitarm/bin/../lib/gcc/arm-none-eabi/12.2.0/../../../../arm-none-eabi/lib/armv6k/fpu\libg.a(lib_a-stdio.o)
                0x000000000011d2b0                __swrite
 .text.__sseek  0x000000000011d318       0x44 c:/devkitpro/devkitarm/bin/../lib/gcc/arm-none-eabi/12.2.0/../../../../arm-none-eabi/lib/armv6k/fpu\libg.a(lib_a-stdio.o)
                0x000000000011d318                __sseek
 .text.__sclose
                0x000000000011d35c        0x8 c:/devkitpro/devkitarm/bin/../lib/gcc/arm-none-eabi/12.2.0/../../../../arm-none-eabi/lib/armv6k/fpu\libg.a(lib_a-stdio.o)
                0x000000000011d35c                __sclose
 .text.strchr   0x000000000011d364      0x130 c:/devkitpro/devkitarm/bin/../lib/gcc/arm-none-eabi/12.2.0/../../../../arm-none-eabi/lib/armv6k/fpu\libg.a(lib_a-strchr.o)
                0x000000000011d364                strchr
 .text.strlen   0x000000000011d494       0x5c c:/devkitpro/devkitarm/bin/../lib/gcc/arm-none-eabi/12.2.0/../../../../arm-none-eabi/lib/armv6k/fpu\libg.a(lib_a-strlen-stub.o)
                0x000000000011d494                strlen
 .text.strncat  0x000000000011d4f0       0xe4 c:/devkitpro/devkitarm/bin/../lib/gcc/arm-none-eabi/12.2.0/../../../../arm-none-eabi/lib/armv6k/fpu\libg.a(lib_a-strncat.o)
                0x000000000011d4f0                strncat
 .text.strncmp  0x000000000011d5d4       0xe4 c:/devkitpro/devkitarm/bin/../lib/gcc/arm-none-eabi/12.2.0/../../../../arm-none-eabi/lib/armv6k/fpu\libg.a(lib_a-strncmp.o)
                0x000000000011d5d4                strncmp
 .text.strncpy  0x000000000011d6b8       0xc4 c:/devkitpro/devkitarm/bin/../lib/gcc/arm-none-eabi/12.2.0/../../../../arm-none-eabi/lib/armv6k/fpu\libg.a(lib_a-strncpy.o)
                0x000000000011d6b8                strncpy