Archive member included to satisfy reference by file (symbol)

C:/Users/Chris/Desktop/2Q/a/devkitPro/libctru/lib\libcitro2d.a(base.o)
                              main.o (C2D_Init)
C:/Users/Chris/Desktop/2Q/a/devkitPro/libctru/lib\libcitro2d.a(spritesheet.o)
                              main.o (C2D_SpriteSheetLoad)
C:/Users/Chris/Desktop/2Q/a/devkitPro/libctru/lib\libcitro2d.a(render2d.shbin.o)
                              C:/Users/Chris/Desktop/2Q/a/devkitPro/libctru/lib\libcitro2d.a(base.o) (render2d_shbin)
C:/Users/Chris/Desktop/2Q/a/devkitPro/libctru/lib\libcitro3d.a(base.o)
                              main.o (C3D_Init)
C:/Users/Chris/Desktop/2Q/a/devkitPro/libctru/lib\libcitro3d.a(renderqueue.o)
                              C:/Users/Chris/Desktop/2Q/a/devkitPro/libctru/lib\libcitro3d.a(base.o) (C3Di_RenderQueueEnableVBlank)
C:/Users/Chris/Desktop/2Q/a/devkitPro/libctru/lib\libcitro3d.a(texture.o)
                              C:/Users/Chris/Desktop/2Q/a/devkitPro/libctru/lib\libcitro2d.a(base.o) (C3D_TexBind)
C:/Users/Chris/Desktop/2Q/a/devkitPro/libctru/lib\libcitro3d.a(tex3ds.o)
                              C:/Users/Chris/Desktop/2Q/a/devkitPro/libctru/lib\libcitro2d.a(spritesheet.o) (Tex3DS_TextureImport)
C:/Users/Chris/Desktop/2Q/a/devkitPro/libctru/lib\libcitro3d.a(framebuffer.o)
                              C:/Users/Chris/Desktop/2Q/a/devkitPro/libctru/lib\libcitro3d.a(renderqueue.o) (C3D_CalcColorBufSize)
C:/Users/Chris/Desktop/2Q/a/devkitPro/libctru/lib\libcitro3d.a(texenv.o)
                              C:/Users/Chris/Desktop/2Q/a/devkitPro/libctru/lib\libcitro2d.a(base.o) (C3D_GetTexEnv)
C:/Users/Chris/Desktop/2Q/a/devkitPro/libctru/lib\libcitro3d.a(drawElements.o)
                              C:/Users/Chris/Desktop/2Q/a/devkitPro/libctru/lib\libcitro2d.a(base.o) (C3D_DrawElements)
C:/Users/Chris/Desktop/2Q/a/devkitPro/libctru/lib\libcitro3d.a(proctex.o)
                              C:/Users/Chris/Desktop/2Q/a/devkitPro/libctru/lib\libcitro2d.a(base.o) (C3D_ProcTexInit)
C:/Users/Chris/Desktop/2Q/a/devkitPro/libctru/lib\libcitro3d.a(buffers.o)
                              C:/Users/Chris/Desktop/2Q/a/devkitPro/libctru/lib\libcitro2d.a(base.o) (BufInfo_Init)
C:/Users/Chris/Desktop/2Q/a/devkitPro/libctru/lib\libcitro3d.a(effect.o)
                              C:/Users/Chris/Desktop/2Q/a/devkitPro/libctru/lib\libcitro3d.a(base.o) (C3D_DepthMap)
C:/Users/Chris/Desktop/2Q/a/devkitPro/libctru/lib\libcitro3d.a(attribs.o)
                              C:/Users/Chris/Desktop/2Q/a/devkitPro/libctru/lib\libcitro2d.a(base.o) (AttrInfo_Init)
C:/Users/Chris/Desktop/2Q/a/devkitPro/libctru/lib\libcitro3d.a(immediate.o)
                              C:/Users/Chris/Desktop/2Q/a/devkitPro/libctru/lib\libcitro3d.a(base.o) (C3D_ImmSendAttrib)
C:/Users/Chris/Desktop/2Q/a/devkitPro/libctru/lib\libcitro3d.a(uniforms.o)
                              C:/Users/Chris/Desktop/2Q/a/devkitPro/libctru/lib\libcitro3d.a(base.o) (C3D_UpdateUniforms)
C:/Users/Chris/Desktop/2Q/a/devkitPro/libctru/lib\libcitro3d.a(mtx_ortho.o)
                              C:/Users/Chris/Desktop/2Q/a/devkitPro/libctru/lib\libcitro2d.a(base.o) (Mtx_Ortho)
C:/Users/Chris/Desktop/2Q/a/devkitPro/libctru/lib\libcitro3d.a(mtx_scale.o)
                              C:/Users/Chris/Desktop/2Q/a/devkitPro/libctru/lib\libcitro2d.a(base.o) (Mtx_Scale)
C:/Users/Chris/Desktop/2Q/a/devkitPro/libctru/lib\libcitro3d.a(mtx_multiply.o)
                              C:/Users/Chris/Desktop/2Q/a/devkitPro/libctru/lib\libcitro2d.a(base.o) (Mtx_Multiply)
C:/Users/Chris/Desktop/2Q/a/devkitPro/libctru/lib\libcitro3d.a(mtx_orthotilt.o)
                              C:/Users/Chris/Desktop/2Q/a/devkitPro/libctru/lib\libcitro2d.a(base.o) (Mtx_OrthoTilt)
C:/Users/Chris/Desktop/2Q/a/devkitPro/libctru/lib\libcitro3d.a(mtx_translate.o)
                              C:/Users/Chris/Desktop/2Q/a/devkitPro/libctru/lib\libcitro2d.a(base.o) (Mtx_Translate)
C:/Users/Chris/Desktop/2Q/a/devkitPro/libctru/lib\libcitro3d.a(mtx_rotatez.o)
                              C:/Users/Chris/Desktop/2Q/a/devkitPro/libctru/lib\libcitro2d.a(base.o) (Mtx_RotateZ)
C:/Users/Chris/Desktop/2Q/a/devkitPro/libctru/lib\libctru.a(vram.o)
                              C:/Users/Chris/Desktop/2Q/a/devkitPro/libctru/lib\libcitro3d.a(renderqueue.o) (vramAlloc)
C:/Users/Chris/Desktop/2Q/a/devkitPro/libctru/lib\libctru.a(linear.o)
                              C:/Users/Chris/Desktop/2Q/a/devkitPro/libctru/lib\libcitro2d.a(base.o) (linearAlloc)
C:/Users/Chris/Desktop/2Q/a/devkitPro/libctru/lib\libctru.a(mem_pool.o)
                              C:/Users/Chris/Desktop/2Q/a/devkitPro/libctru/lib\libctru.a(vram.o) (MemPool::Allocate(MemChunk&, unsigned long, int))
C:/Users/Chris/Desktop/2Q/a/devkitPro/libctru/lib\libctru.a(romfs_dev.o)
                              main.o (romfsMountSelf)
C:/Users/Chris/Desktop/2Q/a/devkitPro/libctru/lib\libctru.a(os.o)
[...]
Memory Configuration

Name             Origin             Length             Attributes
*default*        0x0000000000000000 0xffffffffffffffff

Linker script and memory map

                0x0000000000100000                PROVIDE (__start__ = 0x100000)
                0x0000000000100000                . = __start__

.text           0x0000000000100000    0x21e70
 *(.crt0)
 .crt0          0x0000000000100000       0x94 c:/users/chris/desktop/2q/a/devkitpro/devkitarm/bin/../lib/gcc/arm-none-eabi/12.2.0/../../../../arm-none-eabi/lib/armv6k/fpu/3dsx_crt0.o
                0x0000000000100000                _start
                0x0000000000100008                __service_ptr
                0x000000000010000c                __apt_appid
                0x0000000000100010                __heap_size
                0x0000000000100014                __linear_heap_size
                0x0000000000100018                __system_arglist
                0x000000000010001c                __system_runflags
 *(.init)
 .init          0x0000000000100094        0xc c:/users/chris/desktop/2q/a/devkitpro/devkitarm/bin/../lib/gcc/arm-none-eabi/12.2.0/armv6k/fpu/crti.o
                0x0000000000100094                _init
 .init          0x00000000001000a0        0xc c:/users/chris/desktop/2q/a/devkitpro/devkitarm/bin/../lib/gcc/arm-none-eabi/12.2.0/armv6k/fpu/crtn.o
                0x00000000001000ac                . = ALIGN (0x4)
 *(.text)
 .text          0x00000000001000ac      0x20c c:/users/chris/desktop/2q/a/devkitpro/devkitarm/bin/../lib/gcc/arm-none-eabi/12.2.0/armv6k/fpu\libgcc.a(_udivsi3.o)
                0x00000000001000ac                __aeabi_uidiv
                0x00000000001000ac                __udivsi3
                0x0000000000100298                __aeabi_uidivmod
 .text          0x00000000001002b8        0x4 c:/users/chris/desktop/2q/a/devkitpro/devkitarm/bin/../lib/gcc/arm-none-eabi/12.2.0/armv6k/fpu\libgcc.a(_dvmd_tls.o)
                0x00000000001002b8                __aeabi_idiv0
                0x00000000001002b8                __aeabi_ldiv0
 .text          0x00000000001002bc      0x3c0 c:/users/chris/desktop/2q/a/devkitpro/devkitarm/bin/../lib/gcc/arm-none-eabi/12.2.0/armv6k/fpu\libgcc.a(_arm_addsubdf3.o)
                0x00000000001002bc                __aeabi_drsub
                0x00000000001002c4                __aeabi_dsub
                0x00000000001002c4                __subdf3
                0x00000000001002c8                __aeabi_dadd
                0x00000000001002c8                __adddf3
                0x0000000000100574                __floatunsidf
                0x0000000000100574                __aeabi_ui2d
                0x0000000000100598                __floatsidf
                0x0000000000100598                __aeabi_i2d
                0x00000000001005c0                __aeabi_f2d
                0x00000000001005c0                __extendsfdf2
                0x0000000000100608                __floatundidf
                0x0000000000100608                __aeabi_ul2d
                0x000000000010061c                __floatdidf
                0x000000000010061c                __aeabi_l2d
 .text          0x000000000010067c       0xd4 c:/users/chris/desktop/2q/a/devkitpro/devkitarm/bin/../lib/gcc/arm-none-eabi/12.2.0/armv6k/fpu\libgcc.a(_aeabi_ldivmod.o)
                0x000000000010067c                __aeabi_ldivmod
 .text          0x0000000000100750       0x3c c:/users/chris/desktop/2q/a/devkitpro/devkitarm/bin/../lib/gcc/arm-none-eabi/12.2.0/armv6k/fpu\libgcc.a(_aeabi_uldivmod.o)
                0x0000000000100750                __aeabi_uldivmod
 *fill*         0x000000000010078c       0x14 
 .text          0x00000000001007a0      0x390 c:/users/chris/desktop/2q/a/devkitpro/devkitarm/bin/../lib/gcc/arm-none-eabi/12.2.0/../../../../arm-none-eabi/lib/armv6k/fpu\libg.a(lib_a-strcmp.o)
                0x00000000001007a8                strcmp
 .text          0x0000000000100b30      0x240 c:/users/chris/desktop/2q/a/devkitpro/devkitarm/bin/../lib/gcc/arm-none-eabi/12.2.0/armv6k/fpu\libgcc.a(_divsi3.o)
                0x0000000000100b30                __divsi3
                0x0000000000100b30                __aeabi_idiv
                0x0000000000100d50                __aeabi_idivmod
 *(.text.*)
 .text.__do_global_dtors_aux
                0x0000000000100d70       0x40 c:/users/chris/desktop/2q/a/devkitpro/devkitarm/bin/../lib/gcc/arm-none-eabi/12.2.0/armv6k/fpu/crtbegin.o
 .text.frame_dummy
                0x0000000000100db0       0x2c c:/users/chris/desktop/2q/a/devkitpro/devkitarm/bin/../lib/gcc/arm-none-eabi/12.2.0/armv6k/fpu/crtbegin.o
 .text.init_player
                0x0000000000100ddc      0x1c4 main.o
                0x0000000000100ddc                init_player
 .text.Init_BG  0x0000000000100fa0      0x144 main.o
                0x0000000000100fa0                Init_BG
 .text.rotacionDelFondo
                0x00000000001010e4       0x84 main.o
                0x00000000001010e4                rotacionDelFondo
 .text.shoot_bullet
                0x0000000000101168       0x90 main.o
                0x0000000000101168                shoot_bullet
 .text.shoot_bullet_2
                0x00000000001011f8       0xa8 main.o
                0x00000000001011f8                shoot_bullet_2
 .text.draw_bullets
                0x00000000001012a0       0x6c main.o
                0x00000000001012a0                draw_bullets
 .text.draw_bullets_top
                0x000000000010130c       0x68 main.o
                0x000000000010130c                draw_bullets_top
 *fill*         0x0000000000101374        0x4 
 .text.orb_movement
                0x0000000000101378      0x150 main.o
                0x0000000000101378                orb_movement
 .text.player_logic
                0x00000000001014c8      0x188 main.o
                0x00000000001014c8                player_logic
 .text.bullet_logic
                0x0000000000101650       0xe0 main.o
                0x0000000000101650                bullet_logic
 .text.startup.main
                0x0000000000101730      0x398 main.o
                0x0000000000101730                main
 .text.initialize_object
                0x0000000000101ac8      0x1c8 sprite_animation_manager.o
                0x0000000000101ac8                initialize_object
 .text.deinitialize_object
                0x0000000000101c90        0x8 sprite_animation_manager.o
                0x0000000000101c90                deinitialize_object
 .text.update_object
                0x0000000000101c98       0x90 sprite_animation_manager.o
                0x0000000000101c98                update_object
 .text.draw_sprite_animation
                0x0000000000101d28       0xcc sprite_animation_manager.o
                0x0000000000101d28                draw_sprite_animation
 .text.C2Di_FrameEndHook
                0x0000000000101df4       0x44 C:/Users/Chris/Desktop/2Q/a/devkitPro/libctru/lib\libcitro2d.a(base.o)
 .text.C2D_Init
                0x0000000000101e38      0x36c C:/Users/Chris/Desktop/2Q/a/devkitPro/libctru/lib\libcitro2d.a(base.o)
                0x0000000000101e38                C2D_Init
 .text.C2D_Fini
                0x00000000001021a4       0x4c C:/Users/Chris/Desktop/2Q/a/devkitPro/libctru/lib\libcitro2d.a(base.o)
                0x00000000001021a4                C2D_Fini
 .text.C2D_Prepare
                0x00000000001021f0       0xb8 C:/Users/Chris/Desktop/2Q/a/devkitPro/libctru/lib\libcitro2d.a(base.o)
                0x00000000001021f0                C2D_Prepare
 .text.C2D_Flush
                0x00000000001022a8       0x48 C:/Users/Chris/Desktop/2Q/a/devkitPro/libctru/lib\libcitro2d.a(base.o)
                0x00000000001022a8                C2D_Flush
 .text.C2D_SceneSize
                0x00000000001022f0      0x104 C:/Users/Chris/Desktop/2Q/a/devkitPro/libctru/lib\libcitro2d.a(base.o)
                0x00000000001022f0                C2D_SceneSize
 .text.C2D_CreateScreenTarget
                0x00000000001023f4       0x58 C:/Users/Chris/Desktop/2Q/a/devkitPro/libctru/lib\libcitro2d.a(base.o)
                0x00000000001023f4                C2D_CreateScreenTarget
 .text.C2D_TargetClear
                0x000000000010244c       0x64 C:/Users/Chris/Desktop/2Q/a/devkitPro/libctru/lib\libcitro2d.a(base.o)
                0x000000000010244c                C2D_TargetClear
 .text.C2Di_CalcQuad
                0x00000000001024b0      0x13c C:/Users/Chris/Desktop/2Q/a/devkitPro/libctru/lib\libcitro2d.a(base.o)
                0x00000000001024b0                C2Di_CalcQuad
 .text.C2Di_AppendQuad
                0x00000000001025ec       0x58 C:/Users/Chris/Desktop/2Q/a/devkitPro/libctru/lib\libcitro2d.a(base.o)
                0x00000000001025ec                C2Di_AppendQuad
 .text.C2Di_Update
                0x0000000000102644      0x550 C:/Users/Chris/Desktop/2Q/a/devkitPro/libctru/lib\libcitro2d.a(base.o)
                0x0000000000102644                C2Di_Update
 .text.C2D_DrawImage
                0x0000000000102b94      0x2b0 C:/Users/Chris/Desktop/2Q/a/devkitPro/libctru/lib\libcitro2d.a(base.o)
                0x0000000000102b94                C2D_DrawImage
 .text.C2D_SpriteSheetLoadFromHandle
                0x0000000000102e44       0x6c C:/Users/Chris/Desktop/2Q/a/devkitPro/libctru/lib\libcitro2d.a(spritesheet.o)
                0x0000000000102e44                C2D_SpriteSheetLoadFromHandle
 .text.C2D_SpriteSheetLoad
                0x0000000000102eb0       0x48 C:/Users/Chris/Desktop/2Q/a/devkitPro/libctru/lib\libcitro2d.a(spritesheet.o)
                0x0000000000102eb0                C2D_SpriteSheetLoad
 .text.C2D_SpriteSheetFree
                0x0000000000102ef8       0x28 C:/Users/Chris/Desktop/2Q/a/devkitPro/libctru/lib\libcitro2d.a(spritesheet.o)
                0x0000000000102ef8                C2D_SpriteSheetFree
 .text.C2D_SpriteSheetCount
                0x0000000000102f20        0x8 C:/Users/Chris/Desktop/2Q/a/devkitPro/libctru/lib\libcitro2d.a(spritesheet.o)
                0x0000000000102f20                C2D_SpriteSheetCount
 .text.C2D_SpriteSheetGetImage
                0x0000000000102f28       0x2c C:/Users/Chris/Desktop/2Q/a/devkitPro/libctru/lib\libcitro2d.a(spritesheet.o)
                0x0000000000102f28                C2D_SpriteSheetGetImage
 .text.C3Di_LightEnvUpdate
                0x0000000000102f54        0x4 C:/Users/Chris/Desktop/2Q/a/devkitPro/libctru/lib\libcitro3d.a(base.o)
                0x0000000000102f54                C3Di_LightEnvUpdate
 .text.C3Di_LightEnvDirty
                0x0000000000102f58        0x4 C:/Users/Chris/Desktop/2Q/a/devkitPro/libctru/lib\libcitro3d.a(base.o)
                0x0000000000102f58                C3Di_LightEnvDirty
 .text.C3Di_AptEventHook
                0x0000000000102f5c       0xb4 C:/Users/Chris/Desktop/2Q/a/devkitPro/libctru/lib\libcitro3d.a(base.o)
 .text.C3Di_GasUpdate
                0x0000000000103010        0x4 C:/Users/Chris/Desktop/2Q/a/devkitPro/libctru/lib\libcitro3d.a(base.o)
                0x0000000000103010                C3Di_GasUpdate
 .text.C3D_Init
                0x0000000000103014      0x1e0 C:/Users/Chris/Desktop/2Q/a/devkitPro/libctru/lib\libcitro3d.a(base.o)
                0x0000000000103014                C3D_Init
 .text.C3D_SetViewport
                0x00000000001031f4       0x98 C:/Users/Chris/Desktop/2Q/a/devkitPro/libctru/lib\libcitro3d.a(base.o)
                0x00000000001031f4                C3D_SetViewport
 .text.C3Di_UpdateContext
                0x000000000010328c      0x4e8 C:/Users/Chris/Desktop/2Q/a/devkitPro/libctru/lib\libcitro3d.a(base.o)
                0x000000000010328c                C3Di_UpdateContext
 .text.C3Di_SplitFrame
                0x0000000000103774       0xe0 C:/Users/Chris/Desktop/2Q/a/devkitPro/libctru/lib\libcitro3d.a(base.o)
                0x0000000000103774                C3Di_SplitFrame
 .text.C3D_GetCmdBufUsage
                0x0000000000103854       0x10 C:/Users/Chris/Desktop/2Q/a/devkitPro/libctru/lib\libcitro3d.a(base.o)
                0x0000000000103854                C3D_GetCmdBufUsage
 .text.C3D_Fini
                0x0000000000103864       0x44 C:/Users/Chris/Desktop/2Q/a/devkitPro/libctru/lib\libcitro3d.a(base.o)
                0x0000000000103864                C3D_Fini
 .text.C3D_BindProgram
                0x00000000001038a8      0x114 C:/Users/Chris/Desktop/2Q/a/devkitPro/libctru/lib\libcitro3d.a(base.o)
                0x00000000001038a8                C3D_BindProgram
 .text.onVBlank0
                0x00000000001039bc       0x4c C:/Users/Chris/Desktop/2Q/a/devkitPro/libctru/lib\libcitro3d.a(renderqueue.o)
 .text.onVBlank1
                0x0000000000103a08       0x4c C:/Users/Chris/Desktop/2Q/a/devkitPro/libctru/lib\libcitro3d.a(renderqueue.o)
 .text.C3Di_RenderTargetDestroy
                0x0000000000103a54       0x80 C:/Users/Chris/Desktop/2Q/a/devkitPro/libctru/lib\libcitro3d.a(renderqueue.o)
 .text.onQueueFinish
                0x0000000000103ad4       0xf4 C:/Users/Chris/Desktop/2Q/a/devkitPro/libctru/lib\libcitro3d.a(renderqueue.o)
 .text.C3Di_RenderQueueEnableVBlank
                0x0000000000103bc8       0x38 C:/Users/Chris/Desktop/2Q/a/devkitPro/libctru/lib\libcitro3d.a(renderqueue.o)
                0x0000000000103bc8                C3Di_RenderQueueEnableVBlank
 .text.C3Di_RenderQueueDisableVBlank
                0x0000000000103c00       0x30 C:/Users/Chris/Desktop/2Q/a/devkitPro/libctru/lib\libcitro3d.a(renderqueue.o)
                0x0000000000103c00                C3Di_RenderQueueDisableVBlank
 .text.C3Di_RenderQueueInit
                0x0000000000103c30       0x60 C:/Users/Chris/Desktop/2Q/a/devkitPro/libctru/lib\libcitro3d.a(renderqueue.o)
                0x0000000000103c30                C3Di_RenderQueueInit
 .text.C3Di_RenderQueueExit
                0x0000000000103c90       0xb0 C:/Users/Chris/Desktop/2Q/a/devkitPro/libctru/lib\libcitro3d.a(renderqueue.o)
                0x0000000000103c90                C3Di_RenderQueueExit
 .text.C3Di_RenderQueueWaitDone
                0x0000000000103d40       0x34 C:/Users/Chris/Desktop/2Q/a/devkitPro/libctru/lib\libcitro3d.a(renderqueue.o)
                0x0000000000103d40                C3Di_RenderQueueWaitDone
 .text.C3D_FrameBegin
                0x0000000000103d74       0xe4 C:/Users/Chris/Desktop/2Q/a/devkitPro/libctru/lib\libcitro3d.a(renderqueue.o)
                0x0000000000103d74                C3D_FrameBegin
 .text.C3D_FrameDrawOn
                0x0000000000103e58       0x48 C:/Users/Chris/Desktop/2Q/a/devkitPro/libctru/lib\libcitro3d.a(renderqueue.o)
                0x0000000000103e58                C3D_FrameDrawOn
 .text.C3D_FrameSplit
                0x0000000000103ea0       0x58 C:/Users/Chris/Desktop/2Q/a/devkitPro/libctru/lib\libcitro3d.a(renderqueue.o)
                0x0000000000103ea0                C3D_FrameSplit
 .text.C3D_FrameEnd
                0x0000000000103ef8      0x1d8 C:/Users/Chris/Desktop/2Q/a/devkitPro/libctru/lib\libcitro3d.a(renderqueue.o)
                0x0000000000103ef8                C3D_FrameEnd
 .text.C3D_FrameEndHook
                0x00000000001040d0       0x1c C:/Users/Chris/Desktop/2Q/a/devkitPro/libctru/lib\libcitro3d.a(renderqueue.o)
                0x00000000001040d0                C3D_FrameEndHook
 .text.C3D_GetDrawingTime
                0x00000000001040ec       0x18 C:/Users/Chris/Desktop/2Q/a/devkitPro/libctru/lib\libcitro3d.a(renderqueue.o)
                0x00000000001040ec                C3D_GetDrawingTime
 .text.C3D_GetProcessingTime
                0x0000000000104104       0x18 C:/Users/Chris/Desktop/2Q/a/devkitPro/libctru/lib\libcitro3d.a(renderqueue.o)
                0x0000000000104104                C3D_GetProcessingTime
 .text.C3D_RenderTargetCreate
                0x000000000010411c      0x184 C:/Users/Chris/Desktop/2Q/a/devkitPro/libctru/lib\libcitro3d.a(renderqueue.o)
                0x000000000010411c                C3D_RenderTargetCreate
 .text.C3D_RenderTargetSetOutput
                0x00000000001042a0       0xa8 C:/Users/Chris/Desktop/2Q/a/devkitPro/libctru/lib\libcitro3d.a(renderqueue.o)
                0x00000000001042a0                C3D_RenderTargetSetOutput
 .text.C3D_SyncTextureCopy
                0x0000000000104348       0xfc C:/Users/Chris/Desktop/2Q/a/devkitPro/libctru/lib\libcitro3d.a(renderqueue.o)
                0x0000000000104348                C3D_SyncTextureCopy
 .text.C3D_TexInitWithParams
                0x0000000000104444      0x294 C:/Users/Chris/Desktop/2Q/a/devkitPro/libctru/lib\libcitro3d.a(texture.o)
                0x0000000000104444                C3D_TexInitWithParams
 .text.C3D_TexLoadImage
                0x00000000001046d8       0xc8 C:/Users/Chris/Desktop/2Q/a/devkitPro/libctru/lib\libcitro3d.a(texture.o)
                0x00000000001046d8                C3D_TexLoadImage
 .text.C3D_TexBind
                0x00000000001047a0       0x44 C:/Users/Chris/Desktop/2Q/a/devkitPro/libctru/lib\libcitro3d.a(texture.o)
                0x00000000001047a0                C3D_TexBind
 .text.C3D_TexDelete
                0x00000000001047e4       0x74 C:/Users/Chris/Desktop/2Q/a/devkitPro/libctru/lib\libcitro3d.a(texture.o)
                0x00000000001047e4                C3D_TexDelete
 .text.C3Di_SetTex
                0x0000000000104858      0x16c C:/Users/Chris/Desktop/2Q/a/devkitPro/libctru/lib\libcitro3d.a(texture.o)
                0x0000000000104858                C3Di_SetTex
 .text.Tex3DSi_ImportCommon
                0x00000000001049c4      0x3f4 C:/Users/Chris/Desktop/2Q/a/devkitPro/libctru/lib\libcitro3d.a(tex3ds.o)
 .text.Tex3DS_TextureImportStdio
                0x0000000000104db8       0x38 C:/Users/Chris/Desktop/2Q/a/devkitPro/libctru/lib\libcitro3d.a(tex3ds.o)
                0x0000000000104db8                Tex3DS_TextureImportStdio
 .text.Tex3DS_GetNumSubTextures
                0x0000000000104df0        0x8 C:/Users/Chris/Desktop/2Q/a/devkitPro/libctru/lib\libcitro3d.a(tex3ds.o)
                0x0000000000104df0                Tex3DS_GetNumSubTextures
 .text.Tex3DS_GetSubTexture
                0x0000000000104df8       0x1c C:/Users/Chris/Desktop/2Q/a/devkitPro/libctru/lib\libcitro3d.a(tex3ds.o)
                0x0000000000104df8                Tex3DS_GetSubTexture
 .text.Tex3DS_TextureFree
                0x0000000000104e14        0x4 C:/Users/Chris/Desktop/2Q/a/devkitPro/libctru/lib\libcitro3d.a(tex3ds.o)
                0x0000000000104e14                Tex3DS_TextureFree
 .text.C3D_CalcColorBufSize
                0x0000000000104e18       0x1c C:/Users/Chris/Desktop/2Q/a/devkitPro/libctru/lib\libcitro3d.a(framebuffer.o)
                0x0000000000104e18                C3D_CalcColorBufSize
 .text.C3D_CalcDepthBufSize
                0x0000000000104e34       0x1c C:/Users/Chris/Desktop/2Q/a/devkitPro/libctru/lib\libcitro3d.a(framebuffer.o)
                0x0000000000104e34                C3D_CalcDepthBufSize
 .text.C3D_SetFrameBuf
                0x0000000000104e50       0x44 C:/Users/Chris/Desktop/2Q/a/devkitPro/libctru/lib\libcitro3d.a(framebuffer.o)
                0x0000000000104e50                C3D_SetFrameBuf
 .text.C3Di_FrameBufBind
                0x0000000000104e94      0x16c C:/Users/Chris/Desktop/2Q/a/devkitPro/libctru/lib\libcitro3d.a(framebuffer.o)
                0x0000000000104e94                C3Di_FrameBufBind
 .text.C3D_FrameBufClear
                0x0000000000105000       0xc8 C:/Users/Chris/Desktop/2Q/a/devkitPro/libctru/lib\libcitro3d.a(framebuffer.o)
                0x0000000000105000                C3D_FrameBufClear
 .text.C3D_FrameBufTransfer
                0x00000000001050c8       0x44 C:/Users/Chris/Desktop/2Q/a/devkitPro/libctru/lib\libcitro3d.a(framebuffer.o)
                0x00000000001050c8                C3D_FrameBufTransfer
 .text.C3D_GetTexEnv
                0x000000000010510c       0x34 C:/Users/Chris/Desktop/2Q/a/devkitPro/libctru/lib\libcitro3d.a(texenv.o)
                0x000000000010510c                C3D_GetTexEnv
 .text.C3Di_TexEnvBind
                0x0000000000105140       0x24 C:/Users/Chris/Desktop/2Q/a/devkitPro/libctru/lib\libcitro3d.a(texenv.o)
                0x0000000000105140                C3Di_TexEnvBind
 .text.C3D_DrawElements
                0x0000000000105164      0x218 C:/Users/Chris/Desktop/2Q/a/devkitPro/libctru/lib\libcitro3d.a(drawElements.o)
                0x0000000000105164                C3D_DrawElements
 .text.C3D_ProcTexInit
                0x000000000010537c       0x70 C:/Users/Chris/Desktop/2Q/a/devkitPro/libctru/lib\libcitro3d.a(proctex.o)
                0x000000000010537c                C3D_ProcTexInit
 .text.C3D_ProcTexBind
                0x00000000001053ec       0x54 C:/Users/Chris/Desktop/2Q/a/devkitPro/libctru/lib\libcitro3d.a(proctex.o)
                0x00000000001053ec                C3D_ProcTexBind
 .text.C3D_ProcTexLutBind
                0x0000000000105440       0x5c C:/Users/Chris/Desktop/2Q/a/devkitPro/libctru/lib\libcitro3d.a(proctex.o)
                0x0000000000105440                C3D_ProcTexLutBind
 .text.ProcTexLut_FromArray
                0x000000000010549c       0xa4 C:/Users/Chris/Desktop/2Q/a/devkitPro/libctru/lib\libcitro3d.a(proctex.o)
                0x000000000010549c                ProcTexLut_FromArray
 .text.C3Di_ProcTexUpdate
                0x0000000000105540      0x17c C:/Users/Chris/Desktop/2Q/a/devkitPro/libctru/lib\libcitro3d.a(proctex.o)
                0x0000000000105540                C3Di_ProcTexUpdate
 .text.C3Di_ProcTexDirty
                0x00000000001056bc       0x68 C:/Users/Chris/Desktop/2Q/a/devkitPro/libctru/lib\libcitro3d.a(proctex.o)
                0x00000000001056bc                C3Di_ProcTexDirty
 .text.BufInfo_Init
                0x0000000000105724       0x24 C:/Users/Chris/Desktop/2Q/a/devkitPro/libctru/lib\libcitro3d.a(buffers.o)
                0x0000000000105724                BufInfo_Init
 .text.BufInfo_Add
                0x0000000000105748       0x80 C:/Users/Chris/Desktop/2Q/a/devkitPro/libctru/lib\libcitro3d.a(buffers.o)
                0x0000000000105748                BufInfo_Add
 .text.C3D_SetBufInfo
                0x00000000001057c8       0x40 C:/Users/Chris/Desktop/2Q/a/devkitPro/libctru/lib\libcitro3d.a(buffers.o)
                0x00000000001057c8                C3D_SetBufInfo
 .text.C3Di_BufInfoBind
                0x0000000000105808       0x48 C:/Users/Chris/Desktop/2Q/a/devkitPro/libctru/lib\libcitro3d.a(buffers.o)
                0x0000000000105808                C3Di_BufInfoBind
 .text.C3D_DepthMap
                0x0000000000105850       0x40 C:/Users/Chris/Desktop/2Q/a/devkitPro/libctru/lib\libcitro3d.a(effect.o)
                0x0000000000105850                C3D_DepthMap
 .text.C3D_CullFace
                0x0000000000105890       0x1c C:/Users/Chris/Desktop/2Q/a/devkitPro/libctru/lib\libcitro3d.a(effect.o)
                0x0000000000105890                C3D_CullFace
 .text.C3D_StencilTest
                0x00000000001058ac       0x40 C:/Users/Chris/Desktop/2Q/a/devkitPro/libctru/lib\libcitro3d.a(effect.o)
                0x00000000001058ac                C3D_StencilTest
 .text.C3D_StencilOp
                0x00000000001058ec       0x24 C:/Users/Chris/Desktop/2Q/a/devkitPro/libctru/lib\libcitro3d.a(effect.o)
                0x00000000001058ec                C3D_StencilOp
 .text.C3D_BlendingColor
                0x0000000000105910       0x1c C:/Users/Chris/Desktop/2Q/a/devkitPro/libctru/lib\libcitro3d.a(effect.o)
                0x0000000000105910                C3D_BlendingColor
 .text.C3D_EarlyDepthTest
                0x000000000010592c       0x24 C:/Users/Chris/Desktop/2Q/a/devkitPro/libctru/lib\libcitro3d.a(effect.o)
                0x000000000010592c                C3D_EarlyDepthTest
 .text.C3D_DepthTest
                0x0000000000105950       0x2c C:/Users/Chris/Desktop/2Q/a/devkitPro/libctru/lib\libcitro3d.a(effect.o)
                0x0000000000105950                C3D_DepthTest
 .text.C3D_AlphaTest
                0x000000000010597c       0x2c C:/Users/Chris/Desktop/2Q/a/devkitPro/libctru/lib\libcitro3d.a(effect.o)
                0x000000000010597c                C3D_AlphaTest
 .text.C3D_AlphaBlend
                0x00000000001059a8       0x50 C:/Users/Chris/Desktop/2Q/a/devkitPro/libctru/lib\libcitro3d.a(effect.o)
                0x00000000001059a8                C3D_AlphaBlend
 .text.C3D_FragOpMode
                0x00000000001059f8       0x30 C:/Users/Chris/Desktop/2Q/a/devkitPro/libctru/lib\libcitro3d.a(effect.o)
                0x00000000001059f8                C3D_FragOpMode
 .text.C3D_FragOpShadow
                0x0000000000105a28       0x44 C:/Users/Chris/Desktop/2Q/a/devkitPro/libctru/lib\libcitro3d.a(effect.o)
                0x0000000000105a28                C3D_FragOpShadow
 .text.C3Di_EffectBind
                0x0000000000105a6c      0x1ac C:/Users/Chris/Desktop/2Q/a/devkitPro/libctru/lib\libcitro3d.a(effect.o)
                0x0000000000105a6c                C3Di_EffectBind
 .text.AttrInfo_Init
                0x0000000000105c18       0x28 C:/Users/Chris/Desktop/2Q/a/devkitPro/libctru/lib\libcitro3d.a(attribs.o)
                0x0000000000105c18                AttrInfo_Init
 .text.AttrInfo_AddLoader
                0x0000000000105c40       0x94 C:/Users/Chris/Desktop/2Q/a/devkitPro/libctru/lib\libcitro3d.a(attribs.o)
                0x0000000000105c40                AttrInfo_AddLoader
 .text.C3D_SetAttrInfo
                0x0000000000105cd4       0x54 C:/Users/Chris/Desktop/2Q/a/devkitPro/libctru/lib\libcitro3d.a(attribs.o)
                0x0000000000105cd4                C3D_SetAttrInfo
 .text.C3Di_AttrInfoBind
                0x0000000000105d28       0x80 C:/Users/Chris/Desktop/2Q/a/devkitPro/libctru/lib\libcitro3d.a(attribs.o)
                0x0000000000105d28                C3Di_AttrInfoBind
 .text.C3D_ImmSendAttrib
                0x0000000000105da8       0xa8 C:/Users/Chris/Desktop/2Q/a/devkitPro/libctru/lib\libcitro3d.a(immediate.o)
                0x0000000000105da8                C3D_ImmSendAttrib
 .text.C3D_UpdateUniforms
                0x0000000000105e50      0x280 C:/Users/Chris/Desktop/2Q/a/devkitPro/libctru/lib\libcitro3d.a(uniforms.o)
                0x0000000000105e50                C3D_UpdateUniforms
 .text.C3Di_DirtyUniforms
                0x00000000001060d0       0xc0 C:/Users/Chris/Desktop/2Q/a/devkitPro/libctru/lib\libcitro3d.a(uniforms.o)
                0x00000000001060d0                C3Di_DirtyUniforms
 .text.C3Di_LoadShaderUniforms
                0x0000000000106190       0xd8 C:/Users/Chris/Desktop/2Q/a/devkitPro/libctru/lib\libcitro3d.a(uniforms.o)
                0x0000000000106190                C3Di_LoadShaderUniforms
 .text.C3Di_ClearShaderUniforms
                0x0000000000106268       0x28 C:/Users/Chris/Desktop/2Q/a/devkitPro/libctru/lib\libcitro3d.a(uniforms.o)
                0x0000000000106268                C3Di_ClearShaderUniforms
 .text.Mtx_Ortho
                0x0000000000106290       0xcc C:/Users/Chris/Desktop/2Q/a/devkitPro/libctru/lib\libcitro3d.a(mtx_ortho.o)
                0x0000000000106290                Mtx_Ortho
 .text.Mtx_OrthoTilt
                0x000000000010635c       0xcc C:/Users/Chris/Desktop/2Q/a/devkitPro/libctru/lib\libcitro3d.a(mtx_orthotilt.o)
                0x000000000010635c                Mtx_OrthoTilt
 .text._ZL21addrMapNodeComparatorPK11rbtree_nodeS1_
                0x0000000000106428       0x24 C:/Users/Chris/Desktop/2Q/a/devkitPro/libctru/lib\libctru.a(vram.o)
 .text._ZL21addrMapNodeDestructorP11rbtree_node
                0x000000000010644c        0x4 C:/Users/Chris/Desktop/2Q/a/devkitPro/libctru/lib\libctru.a(vram.o)
 .text.vramMemAlignAt
                0x0000000000106450      0x250 C:/Users/Chris/Desktop/2Q/a/devkitPro/libctru/lib\libctru.a(vram.o)
                0x0000000000106450                vramMemAlignAt
 .text.vramAlloc
                0x00000000001066a0        0xc C:/Users/Chris/Desktop/2Q/a/devkitPro/libctru/lib\libctru.a(vram.o)
                0x00000000001066a0                vramAlloc
 .text.vramAllocAt
                0x00000000001066ac        0xc C:/Users/Chris/Desktop/2Q/a/devkitPro/libctru/lib\libctru.a(vram.o)
                0x00000000001066ac                vramAllocAt
 .text.vramFree
                0x00000000001066b8       0x90 C:/Users/Chris/Desktop/2Q/a/devkitPro/libctru/lib\libctru.a(vram.o)
                0x00000000001066b8                vramFree
 .text._ZL21addrMapNodeComparatorPK11rbtree_nodeS1_
                0x0000000000106748       0x24 C:/Users/Chris/Desktop/2Q/a/devkitPro/libctru/lib\libctru.a(linear.o)
 .text._ZL21addrMapNodeDestructorP11rbtree_node
                0x000000000010676c        0x4 C:/Users/Chris/Desktop/2Q/a/devkitPro/libctru/lib\libctru.a(linear.o)
 .text.linearMemAlign
                0x0000000000106770      0x120 C:/Users/Chris/Desktop/2Q/a/devkitPro/libctru/lib\libctru.a(linear.o)
                0x0000000000106770                linearMemAlign
 .text.linearAlloc
                0x0000000000106890        0x8 C:/Users/Chris/Desktop/2Q/a/devkitPro/libctru/lib\libctru.a(linear.o)
                0x0000000000106890                linearAlloc
 .text.linearFree
                0x0000000000106898       0x5c C:/Users/Chris/Desktop/2Q/a/devkitPro/libctru/lib\libctru.a(linear.o)
                0x0000000000106898                linearFree
 .text._ZN7MemPool13CoalesceRightEP8MemBlock
                0x00000000001068f4       0x80 C:/Users/Chris/Desktop/2Q/a/devkitPro/libctru/lib\libctru.a(mem_pool.o)
                0x00000000001068f4                MemPool::CoalesceRight(MemBlock*)
 .text._ZN7MemPool8AllocateER8MemChunkmi
                0x0000000000106974      0x16c C:/Users/Chris/Desktop/2Q/a/devkitPro/libctru/lib\libctru.a(mem_pool.o)
                0x0000000000106974                MemPool::Allocate(MemChunk&, unsigned long, int)
 .text._ZN7MemPool10DeallocateERK8MemChunk
                0x0000000000106ae0       0xfc C:/Users/Chris/Desktop/2Q/a/devkitPro/libctru/lib\libctru.a(mem_pool.o)
                0x0000000000106ae0                MemPool::Deallocate(MemChunk const&)
 .text._ZN7MemPool12GetFreeSpaceEv
                0x0000000000106bdc       0x30 C:/Users/Chris/Desktop/2Q/a/devkitPro/libctru/lib\libctru.a(mem_pool.o)
                0x0000000000106bdc                MemPool::GetFreeSpace()
 .text.romfs_close
                0x0000000000106c0c        0x8 C:/Users/Chris/Desktop/2Q/a/devkitPro/libctru/lib\libctru.a(romfs_dev.o)
 .text.romfs_seek
                0x0000000000106c14       0xc0 C:/Users/Chris/Desktop/2Q/a/devkitPro/libctru/lib\libctru.a(romfs_dev.o)
 .text.romfs_dirreset
                0x0000000000106cd4       0x24 C:/Users/Chris/Desktop/2Q/a/devkitPro/libctru/lib\libctru.a(romfs_dev.o)
 .text.fill_dir
                0x0000000000106cf8       0xc8 C:/Users/Chris/Desktop/2Q/a/devkitPro/libctru/lib\libctru.a(romfs_dev.o)
 .text.romfs_dirnext
                0x0000000000106dc0      0x28c C:/Users/Chris/Desktop/2Q/a/devkitPro/libctru/lib\libctru.a(romfs_dev.o)
 .text.romfs_free
                0x000000000010704c       0x84 C:/Users/Chris/Desktop/2Q/a/devkitPro/libctru/lib\libctru.a(romfs_dev.o)
 .text.searchForFile.constprop.0
                0x00000000001070d0       0xd4 C:/Users/Chris/Desktop/2Q/a/devkitPro/libctru/lib\libctru.a(romfs_dev.o)
 .text.searchForDir.constprop.0
                0x00000000001071a4       0xd8 C:/Users/Chris/Desktop/2Q/a/devkitPro/libctru/lib\libctru.a(romfs_dev.o)
 .text.navigateToDir.constprop.0
                0x000000000010727c      0x1c0 C:/Users/Chris/Desktop/2Q/a/devkitPro/libctru/lib\libctru.a(romfs_dev.o)
 .text.romfs_open
                0x000000000010743c      0x10c C:/Users/Chris/Desktop/2Q/a/devkitPro/libctru/lib\libctru.a(romfs_dev.o)
 .text.romfs_chdir
                0x0000000000107548       0x4c C:/Users/Chris/Desktop/2Q/a/devkitPro/libctru/lib\libctru.a(romfs_dev.o)
 .text.romfs_diropen
                0x0000000000107594       0x70 C:/Users/Chris/Desktop/2Q/a/devkitPro/libctru/lib\libctru.a(romfs_dev.o)
 .text.romfs_stat
                0x0000000000107604      0x174 C:/Users/Chris/Desktop/2Q/a/devkitPro/libctru/lib\libctru.a(romfs_dev.o)
 .text.romfs_dirclose
                0x0000000000107778        0x8 C:/Users/Chris/Desktop/2Q/a/devkitPro/libctru/lib\libctru.a(romfs_dev.o)
 .text.romfs_fstat
                0x0000000000107780       0x84 C:/Users/Chris/Desktop/2Q/a/devkitPro/libctru/lib\libctru.a(romfs_dev.o)
 .text.romfs_read
                0x0000000000107804       0xd0 C:/Users/Chris/Desktop/2Q/a/devkitPro/libctru/lib\libctru.a(romfs_dev.o)
 .text.romfsMountFromFile
                0x00000000001078d4      0x28c C:/Users/Chris/Desktop/2Q/a/devkitPro/libctru/lib\libctru.a(romfs_dev.o)
                0x00000000001078d4                romfsMountFromFile
 .text.romfsMountFromCurrentProcess
                0x0000000000107b60       0x98 C:/Users/Chris/Desktop/2Q/a/devkitPro/libctru/lib\libctru.a(romfs_dev.o)
                0x0000000000107b60                romfsMountFromCurrentProcess
 .text.romfsMountSelf
                0x0000000000107bf8      0x260 C:/Users/Chris/Desktop/2Q/a/devkitPro/libctru/lib\libctru.a(romfs_dev.o)
                0x0000000000107bf8                romfsMountSelf
 .text.romfsUnmount
                0x0000000000107e58       0xa0 C:/Users/Chris/Desktop/2Q/a/devkitPro/libctru/lib\libctru.a(romfs_dev.o)
                0x0000000000107e58                romfsUnmount
 .text.osConvertVirtToPhys
                0x0000000000107ef8       0x74 C:/Users/Chris/Desktop/2Q/a/devkitPro/libctru/lib\libctru.a(os.o)
                0x0000000000107ef8                osConvertVirtToPhys
 .text.osGetTimeRef
                0x0000000000107f6c       0x54 C:/Users/Chris/Desktop/2Q/a/devkitPro/libctru/lib\libctru.a(os.o)
                0x0000000000107f6c                osGetTimeRef
 .text.osGetTime
                0x0000000000107fc0       0xec C:/Users/Chris/Desktop/2Q/a/devkitPro/libctru/lib\libctru.a(os.o)
                0x0000000000107fc0                osGetTime
 *fill*         0x00000000001080ac        0x4 
 .text.osTickCounterRead
                0x00000000001080b0       0x38 C:/Users/Chris/Desktop/2Q/a/devkitPro/libctru/lib\libctru.a(os.o)
                0x00000000001080b0                osTickCounterRead
 .text.__ctru_speedup_config
                0x00000000001080e8       0x34 C:/Users/Chris/Desktop/2Q/a/devkitPro/libctru/lib\libctru.a(os.o)
                0x00000000001080e8                __ctru_speedup_config
 .text.gfxPresentFramebuffer
                0x000000000010811c       0xd0 C:/Users/Chris/Desktop/2Q/a/devkitPro/libctru/lib\libctru.a(gfx.o)
 .text.gfxIsWide
                0x00000000001081ec       0x1c C:/Users/Chris/Desktop/2Q/a/devkitPro/libctru/lib\libctru.a(gfx.o)
                0x00000000001081ec                gfxIsWide
 .text.gfxSetScreenFormat
                0x0000000000108208       0xec C:/Users/Chris/Desktop/2Q/a/devkitPro/libctru/lib\libctru.a(gfx.o)
                0x0000000000108208                gfxSetScreenFormat
 .text.gfxInit  0x00000000001082f4       0xe0 C:/Users/Chris/Desktop/2Q/a/devkitPro/libctru/lib\libctru.a(gfx.o)
                0x00000000001082f4                gfxInit
 .text.gfxInitDefault
                0x00000000001083d4       0x10 C:/Users/Chris/Desktop/2Q/a/devkitPro/libctru/lib\libctru.a(gfx.o)
                0x00000000001083d4                gfxInitDefault
 .text.gfxExit  0x00000000001083e4       0xb4 C:/Users/Chris/Desktop/2Q/a/devkitPro/libctru/lib\libctru.a(gfx.o)
                0x00000000001083e4                gfxExit
 .text.gfxGetFramebuffer
                0x0000000000108498       0xa0 C:/Users/Chris/Desktop/2Q/a/devkitPro/libctru/lib\libctru.a(gfx.o)
                0x0000000000108498                gfxGetFramebuffer
 .text.gfxScreenSwapBuffers
                0x0000000000108538       0x30 C:/Users/Chris/Desktop/2Q/a/devkitPro/libctru/lib\libctru.a(gfx.o)
                0x0000000000108538                gfxScreenSwapBuffers
 .text.shaderInstanceInit
                0x0000000000108568      0x1d4 C:/Users/Chris/Desktop/2Q/a/devkitPro/libctru/lib\libctru.a(shaderProgram.o)
                0x0000000000108568                shaderInstanceInit
 .text.shaderInstanceGetUniformLocation
                0x000000000010873c       0x18 C:/Users/Chris/Desktop/2Q/a/devkitPro/libctru/lib\libctru.a(shaderProgram.o)
                0x000000000010873c                shaderInstanceGetUniformLocation
 .text.shaderProgramInit
                0x0000000000108754       0x1c C:/Users/Chris/Desktop/2Q/a/devkitPro/libctru/lib\libctru.a(shaderProgram.o)
                0x0000000000108754                shaderProgramInit
 .text.shaderProgramFree
                0x0000000000108770       0x64 C:/Users/Chris/Desktop/2Q/a/devkitPro/libctru/lib\libctru.a(shaderProgram.o)
                0x0000000000108770                shaderProgramFree
 .text.shaderProgramSetVsh
                0x00000000001087d4       0x80 C:/Users/Chris/Desktop/2Q/a/devkitPro/libctru/lib\libctru.a(shaderProgram.o)
                0x00000000001087d4                shaderProgramSetVsh
 .text.shaderProgramConfigure
                0x0000000000108854      0x8e0 C:/Users/Chris/Desktop/2Q/a/devkitPro/libctru/lib\libctru.a(shaderProgram.o)
                0x0000000000108854                shaderProgramConfigure
 .text.DVLE_GenerateOutmap.part.0
                0x0000000000109134      0x1cc C:/Users/Chris/Desktop/2Q/a/devkitPro/libctru/lib\libctru.a(shbin.o)
 .text.DVLB_ParseFile
                0x0000000000109300      0x1b4 C:/Users/Chris/Desktop/2Q/a/devkitPro/libctru/lib\libctru.a(shbin.o)
                0x0000000000109300                DVLB_ParseFile
 .text.DVLB_Free
                0x00000000001094b4       0x38 C:/Users/Chris/Desktop/2Q/a/devkitPro/libctru/lib\libctru.a(shbin.o)
                0x00000000001094b4                DVLB_Free
 .text.DVLE_GetUniformRegister
                0x00000000001094ec       0x74 C:/Users/Chris/Desktop/2Q/a/devkitPro/libctru/lib\libctru.a(shbin.o)
                0x00000000001094ec                DVLE_GetUniformRegister
 .text.GX_BindQueue
                0x0000000000109560       0x10 C:/Users/Chris/Desktop/2Q/a/devkitPro/libctru/lib\libctru.a(gx.o)
                0x0000000000109560                GX_BindQueue
 .text.GX_ProcessCommandList
                0x0000000000109570       0x78 C:/Users/Chris/Desktop/2Q/a/devkitPro/libctru/lib\libctru.a(gx.o)
                0x0000000000109570                GX_ProcessCommandList
 .text.GX_MemoryFill
                0x00000000001095e8       0x74 C:/Users/Chris/Desktop/2Q/a/devkitPro/libctru/lib\libctru.a(gx.o)
                0x00000000001095e8                GX_MemoryFill
 .text.GX_DisplayTransfer
                0x000000000010965c       0x70 C:/Users/Chris/Desktop/2Q/a/devkitPro/libctru/lib\libctru.a(gx.o)
                0x000000000010965c                GX_DisplayTransfer
 .text.GX_TextureCopy
                0x00000000001096cc       0x74 C:/Users/Chris/Desktop/2Q/a/devkitPro/libctru/lib\libctru.a(gx.o)
                0x00000000001096cc                GX_TextureCopy
 .text.gxCmdQueueDoCommands.part.0
                0x0000000000109740       0x68 C:/Users/Chris/Desktop/2Q/a/devkitPro/libctru/lib\libctru.a(gxqueue.o)
 .text.gxCmdQueueInterrupt
                0x00000000001097a8       0xc8 C:/Users/Chris/Desktop/2Q/a/devkitPro/libctru/lib\libctru.a(gxqueue.o)
                0x00000000001097a8                gxCmdQueueInterrupt
 .text.gxCmdQueueClear
                0x0000000000109870       0x4c C:/Users/Chris/Desktop/2Q/a/devkitPro/libctru/lib\libctru.a(gxqueue.o)
                0x0000000000109870                gxCmdQueueClear
 .text.gxCmdQueueAdd
                0x00000000001098bc       0xf8 C:/Users/Chris/Desktop/2Q/a/devkitPro/libctru/lib\libctru.a(gxqueue.o)
                0x00000000001098bc                gxCmdQueueAdd
 .text.gxCmdQueueRun
                0x00000000001099b4       0x80 C:/Users/Chris/Desktop/2Q/a/devkitPro/libctru/lib\libctru.a(gxqueue.o)
                0x00000000001099b4                gxCmdQueueRun
 .text.gxCmdQueueStop
                0x0000000000109a34       0x60 C:/Users/Chris/Desktop/2Q/a/devkitPro/libctru/lib\libctru.a(gxqueue.o)
                0x0000000000109a34                gxCmdQueueStop
 .text.gxCmdQueueWait
                0x0000000000109a94       0x74 C:/Users/Chris/Desktop/2Q/a/devkitPro/libctru/lib\libctru.a(gxqueue.o)
                0x0000000000109a94                gxCmdQueueWait
 .text.GPUCMD_Add
                0x0000000000109b08      0x13c C:/Users/Chris/Desktop/2Q/a/devkitPro/libctru/lib\libctru.a(gpu.o)
                0x0000000000109b08                GPUCMD_Add
 .text.GPUCMD_Split
                0x0000000000109c44       0xb0 C:/Users/Chris/Desktop/2Q/a/devkitPro/libctru/lib\libctru.a(gpu.o)
                0x0000000000109c44                GPUCMD_Split
 .text.f32tof16
                0x0000000000109cf4       0x34 C:/Users/Chris/Desktop/2Q/a/devkitPro/libctru/lib\libctru.a(gpu.o)
                0x0000000000109cf4                f32tof16
 .text.f32tof24
                0x0000000000109d28       0x34 C:/Users/Chris/Desktop/2Q/a/devkitPro/libctru/lib\libctru.a(gpu.o)
                0x0000000000109d28                f32tof24
 .text.f32tof31
                0x0000000000109d5c       0x38 C:/Users/Chris/Desktop/2Q/a/devkitPro/libctru/lib\libctru.a(gpu.o)
                0x0000000000109d5c                f32tof31
 .text.gspHardwareInit
                0x0000000000109d94      0xc58 C:/Users/Chris/Desktop/2Q/a/devkitPro/libctru/lib\libctru.a(gspgpu.o)
 .text.gspInit  0x000000000010a9ec      0x248 C:/Users/Chris/Desktop/2Q/a/devkitPro/libctru/lib\libctru.a(gspgpu.o)
                0x000000000010a9ec                gspInit
 .text.gspExit  0x000000000010ac34       0xf0 C:/Users/Chris/Desktop/2Q/a/devkitPro/libctru/lib\libctru.a(gspgpu.o)
                0x000000000010ac34                gspExit
 .text.gspHasGpuRight
                0x000000000010ad24       0x10 C:/Users/Chris/Desktop/2Q/a/devkitPro/libctru/lib\libctru.a(gspgpu.o)
                0x000000000010ad24                gspHasGpuRight
 .text.gspPresentBuffer
                0x000000000010ad34       0xa0 C:/Users/Chris/Desktop/2Q/a/devkitPro/libctru/lib\libctru.a(gspgpu.o)
                0x000000000010ad34                gspPresentBuffer
 .text.gspSetEventCallback
                0x000000000010add4       0x30 C:/Users/Chris/Desktop/2Q/a/devkitPro/libctru/lib\libctru.a(gspgpu.o)
                0x000000000010add4                gspSetEventCallback
 .text.gspWaitForEvent
                0x000000000010ae04       0x44 C:/Users/Chris/Desktop/2Q/a/devkitPro/libctru/lib\libctru.a(gspgpu.o)
                0x000000000010ae04                gspWaitForEvent
 .text.gspWaitForAnyEvent
                0x000000000010ae48       0x4c C:/Users/Chris/Desktop/2Q/a/devkitPro/libctru/lib\libctru.a(gspgpu.o)
                0x000000000010ae48                gspWaitForAnyEvent
 .text.gspEventThreadMain
                0x000000000010ae94      0x158 C:/Users/Chris/Desktop/2Q/a/devkitPro/libctru/lib\libctru.a(gspgpu.o)
 .text.gspSubmitGxCommand
                0x000000000010afec      0x130 C:/Users/Chris/Desktop/2Q/a/devkitPro/libctru/lib\libctru.a(gspgpu.o)
                0x000000000010afec                gspSubmitGxCommand
 .text.GSPGPU_FlushDataCache
                0x000000000010b11c       0x50 C:/Users/Chris/Desktop/2Q/a/devkitPro/libctru/lib\libctru.a(gspgpu.o)
                0x000000000010b11c                GSPGPU_FlushDataCache
 .text.GSPGPU_SetLcdForceBlack
                0x000000000010b16c       0x34 C:/Users/Chris/Desktop/2Q/a/devkitPro/libctru/lib\libctru.a(gspgpu.o)
                0x000000000010b16c                GSPGPU_SetLcdForceBlack
 .text.GSPGPU_AcquireRight
                0x000000000010b1a0       0x68 C:/Users/Chris/Desktop/2Q/a/devkitPro/libctru/lib\libctru.a(gspgpu.o)
                0x000000000010b1a0                GSPGPU_AcquireRight
 .text.GSPGPU_ReleaseRight
                0x000000000010b208       0x48 C:/Users/Chris/Desktop/2Q/a/devkitPro/libctru/lib\libctru.a(gspgpu.o)
                0x000000000010b208                GSPGPU_ReleaseRight
 .text.GSPGPU_ImportDisplayCaptureInfo
                0x000000000010b250       0x7c C:/Users/Chris/Desktop/2Q/a/devkitPro/libctru/lib\libctru.a(gspgpu.o)
                0x000000000010b250                GSPGPU_ImportDisplayCaptureInfo
 .text.GSPGPU_SaveVramSysArea
                0x000000000010b2cc       0x2c C:/Users/Chris/Desktop/2Q/a/devkitPro/libctru/lib\libctru.a(gspgpu.o)
                0x000000000010b2cc                GSPGPU_SaveVramSysArea
 .text.GSPGPU_RestoreVramSysArea
                0x000000000010b2f8       0x2c C:/Users/Chris/Desktop/2Q/a/devkitPro/libctru/lib\libctru.a(gspgpu.o)
                0x000000000010b2f8                GSPGPU_RestoreVramSysArea
 .text.aptConvertScreenForCapture
                0x000000000010b324      0x1a4 C:/Users/Chris/Desktop/2Q/a/devkitPro/libctru/lib\libctru.a(apt.o)
 .text.aptDspSleep
                0x000000000010b4c8        0x8 C:/Users/Chris/Desktop/2Q/a/devkitPro/libctru/lib\libctru.a(apt.o)
                0x000000000010b4c8                aptDspSleep
 .text.aptDspWakeup
                0x000000000010b4d0        0x4 C:/Users/Chris/Desktop/2Q/a/devkitPro/libctru/lib\libctru.a(apt.o)
                0x000000000010b4d0                aptDspWakeup
 .text.aptDspCancel
                0x000000000010b4d4        0x4 C:/Users/Chris/Desktop/2Q/a/devkitPro/libctru/lib\libctru.a(apt.o)
                0x000000000010b4d4                aptDspCancel
 .text.aptSendCommand
                0x000000000010b4d8      0x158 C:/Users/Chris/Desktop/2Q/a/devkitPro/libctru/lib\libctru.a(apt.o)
                0x000000000010b4d8                aptSendCommand
 .text.aptExitProcess
                0x000000000010b630       0x44 C:/Users/Chris/Desktop/2Q/a/devkitPro/libctru/lib\libctru.a(apt.o)
 .text.aptExit  0x000000000010b674      0x3b0 C:/Users/Chris/Desktop/2Q/a/devkitPro/libctru/lib\libctru.a(apt.o)
                0x000000000010b674                aptExit
 .text.aptHandleSleep
                0x000000000010ba24       0xe0 C:/Users/Chris/Desktop/2Q/a/devkitPro/libctru/lib\libctru.a(apt.o)
                0x000000000010ba24                aptHandleSleep
 .text.aptHook  0x000000000010bb04       0x30 C:/Users/Chris/Desktop/2Q/a/devkitPro/libctru/lib\libctru.a(apt.o)
                0x000000000010bb04                aptHook
 .text.aptUnhook
                0x000000000010bb34       0x30 C:/Users/Chris/Desktop/2Q/a/devkitPro/libctru/lib\libctru.a(apt.o)
                0x000000000010bb34                aptUnhook
 .text.APT_SleepIfShellClosed
                0x000000000010bb64       0x84 C:/Users/Chris/Desktop/2Q/a/devkitPro/libctru/lib\libctru.a(apt.o)
                0x000000000010bb64                APT_SleepIfShellClosed
 .text.aptSetSleepAllowed
                0x000000000010bbe8       0x84 C:/Users/Chris/Desktop/2Q/a/devkitPro/libctru/lib\libctru.a(apt.o)
                0x000000000010bbe8                aptSetSleepAllowed
 .text.APT_UnlockTransition
                0x000000000010bc6c       0x84 C:/Users/Chris/Desktop/2Q/a/devkitPro/libctru/lib\libctru.a(apt.o)
                0x000000000010bc6c                APT_UnlockTransition
 .text.aptEventHandler
                0x000000000010bcf0      0x4a4 C:/Users/Chris/Desktop/2Q/a/devkitPro/libctru/lib\libctru.a(apt.o)
 .text.APT_ReceiveParameter
                0x000000000010c194       0xb0 C:/Users/Chris/Desktop/2Q/a/devkitPro/libctru/lib\libctru.a(apt.o)
                0x000000000010c194                APT_ReceiveParameter
 .text.aptReceiveParameter.constprop.0
                0x000000000010c244       0xb0 C:/Users/Chris/Desktop/2Q/a/devkitPro/libctru/lib\libctru.a(apt.o)
 *fill*         0x000000000010c2f4        0x4 
 .text.aptScreenTransfer
                0x000000000010c2f8      0x2ac C:/Users/Chris/Desktop/2Q/a/devkitPro/libctru/lib\libctru.a(apt.o)
 .text.aptWaitForWakeUp.isra.0
                0x000000000010c5a4      0x344 C:/Users/Chris/Desktop/2Q/a/devkitPro/libctru/lib\libctru.a(apt.o)
 .text.aptJumpToHomeMenu
                0x000000000010c8e8      0x100 C:/Users/Chris/Desktop/2Q/a/devkitPro/libctru/lib\libctru.a(apt.o)
                0x000000000010c8e8                aptJumpToHomeMenu
 .text.aptMainLoop
                0x000000000010c9e8       0x48 C:/Users/Chris/Desktop/2Q/a/devkitPro/libctru/lib\libctru.a(apt.o)
                0x000000000010c9e8                aptMainLoop
 .text.aptInit  0x000000000010ca30      0x22c C:/Users/Chris/Desktop/2Q/a/devkitPro/libctru/lib\libctru.a(apt.o)
                0x000000000010ca30                aptInit
 .text.APT_CheckNew3DS
                0x000000000010cc5c       0x7c C:/Users/Chris/Desktop/2Q/a/devkitPro/libctru/lib\libctru.a(apt.o)
                0x000000000010cc5c                APT_CheckNew3DS
 .text.hidShouldUseIrrst
                0x000000000010ccd8       0x24 C:/Users/Chris/Desktop/2Q/a/devkitPro/libctru/lib\libctru.a(hid.o)
                0x000000000010ccd8                hidShouldUseIrrst
 .text.hidInit  0x000000000010ccfc      0x18c C:/Users/Chris/Desktop/2Q/a/devkitPro/libctru/lib\libctru.a(hid.o)
                0x000000000010ccfc                hidInit
 .text.hidExit  0x000000000010ce88       0xe8 C:/Users/Chris/Desktop/2Q/a/devkitPro/libctru/lib\libctru.a(hid.o)
                0x000000000010ce88                hidExit
 .text.hidScanInput
                0x000000000010cf70      0x2a4 C:/Users/Chris/Desktop/2Q/a/devkitPro/libctru/lib\libctru.a(hid.o)
                0x000000000010cf70                hidScanInput
 .text.hidKeysHeld
                0x000000000010d214       0x10 C:/Users/Chris/Desktop/2Q/a/devkitPro/libctru/lib\libctru.a(hid.o)
                0x000000000010d214                hidKeysHeld
 .text.hidKeysDown
                0x000000000010d224       0x10 C:/Users/Chris/Desktop/2Q/a/devkitPro/libctru/lib\libctru.a(hid.o)
                0x000000000010d224                hidKeysDown
 .text.hidCircleRead
                0x000000000010d234       0x18 C:/Users/Chris/Desktop/2Q/a/devkitPro/libctru/lib\libctru.a(hid.o)
                0x000000000010d234                hidCircleRead
 .text.ptmSysmInit
                0x000000000010d24c       0x74 C:/Users/Chris/Desktop/2Q/a/devkitPro/libctru/lib\libctru.a(ptmsysm.o)
                0x000000000010d24c                ptmSysmInit
 .text.ptmSysmExit
                0x000000000010d2c0       0x3c C:/Users/Chris/Desktop/2Q/a/devkitPro/libctru/lib\libctru.a(ptmsysm.o)
                0x000000000010d2c0                ptmSysmExit
 .text.PTMSYSM_ConfigureNew3DSCPU
                0x000000000010d2fc       0x34 C:/Users/Chris/Desktop/2Q/a/devkitPro/libctru/lib\libctru.a(ptmsysm.o)
                0x000000000010d2fc                PTMSYSM_ConfigureNew3DSCPU
 .text.fsInit   0x000000000010d330       0xcc C:/Users/Chris/Desktop/2Q/a/devkitPro/libctru/lib\libctru.a(fs.o)
                0x000000000010d330                fsInit
 .text.fsExit   0x000000000010d3fc       0x3c C:/Users/Chris/Desktop/2Q/a/devkitPro/libctru/lib\libctru.a(fs.o)
                0x000000000010d3fc                fsExit
 .text.fsExemptFromSession
                0x000000000010d438       0x60 C:/Users/Chris/Desktop/2Q/a/devkitPro/libctru/lib\libctru.a(fs.o)
                0x000000000010d438                fsExemptFromSession
 .text.fsUnexemptFromSession
                0x000000000010d498       0x50 C:/Users/Chris/Desktop/2Q/a/devkitPro/libctru/lib\libctru.a(fs.o)
                0x000000000010d498                fsUnexemptFromSession
 .text.FSUSER_OpenFile
                0x000000000010d4e8       0xcc C:/Users/Chris/Desktop/2Q/a/devkitPro/libctru/lib\libctru.a(fs.o)
                0x000000000010d4e8                FSUSER_OpenFile
 .text.FSUSER_OpenFileDirectly
                0x000000000010d5b4       0xd4 C:/Users/Chris/Desktop/2Q/a/devkitPro/libctru/lib\libctru.a(fs.o)
                0x000000000010d5b4                FSUSER_OpenFileDirectly
 .text.FSUSER_DeleteFile
                0x000000000010d688       0xbc C:/Users/Chris/Desktop/2Q/a/devkitPro/libctru/lib\libctru.a(fs.o)
                0x000000000010d688                FSUSER_DeleteFile
 .text.FSUSER_RenameFile
                0x000000000010d744       0xf8 C:/Users/Chris/Desktop/2Q/a/devkitPro/libctru/lib\libctru.a(fs.o)
                0x000000000010d744                FSUSER_RenameFile
 .text.FSUSER_DeleteDirectory
                0x000000000010d83c       0xbc C:/Users/Chris/Desktop/2Q/a/devkitPro/libctru/lib\libctru.a(fs.o)
                0x000000000010d83c                FSUSER_DeleteDirectory
 .text.FSUSER_CreateFile
                0x000000000010d8f8       0xd4 C:/Users/Chris/Desktop/2Q/a/devkitPro/libctru/lib\libctru.a(fs.o)
                0x000000000010d8f8                FSUSER_CreateFile
 .text.FSUSER_CreateDirectory
                0x000000000010d9cc       0xc4 C:/Users/Chris/Desktop/2Q/a/devkitPro/libctru/lib\libctru.a(fs.o)
                0x000000000010d9cc                FSUSER_CreateDirectory
 .text.FSUSER_RenameDirectory
                0x000000000010da90       0xf8 C:/Users/Chris/Desktop/2Q/a/devkitPro/libctru/lib\libctru.a(fs.o)
                0x000000000010da90                FSUSER_RenameDirectory
 .text.FSUSER_OpenDirectory
                0x000000000010db88       0xb4 C:/Users/Chris/Desktop/2Q/a/devkitPro/libctru/lib\libctru.a(fs.o)
                0x000000000010db88                FSUSER_OpenDirectory
 .text.FSUSER_OpenArchive
                0x000000000010dc3c       0x98 C:/Users/Chris/Desktop/2Q/a/devkitPro/libctru/lib\libctru.a(fs.o)
                0x000000000010dc3c                FSUSER_OpenArchive
 .text.FSUSER_CloseArchive
                0x000000000010dcd4       0x8c C:/Users/Chris/Desktop/2Q/a/devkitPro/libctru/lib\libctru.a(fs.o)
                0x000000000010dcd4                FSUSER_CloseArchive
 .text.FSUSER_GetSdmcArchiveResource
                0x000000000010dd60       0x74 C:/Users/Chris/Desktop/2Q/a/devkitPro/libctru/lib\libctru.a(fs.o)
                0x000000000010dd60                FSUSER_GetSdmcArchiveResource
 .text.FSUSER_IsSdmcWritable
                0x000000000010ddd4       0x64 C:/Users/Chris/Desktop/2Q/a/devkitPro/libctru/lib\libctru.a(fs.o)
                0x000000000010ddd4                FSUSER_IsSdmcWritable
 .text.FSFILE_Read
                0x000000000010de38       0x58 C:/Users/Chris/Desktop/2Q/a/devkitPro/libctru/lib\libctru.a(fs.o)
                0x000000000010de38                FSFILE_Read
 .text.FSFILE_Write
                0x000000000010de90       0x60 C:/Users/Chris/Desktop/2Q/a/devkitPro/libctru/lib\libctru.a(fs.o)
                0x000000000010de90                FSFILE_Write
 .text.FSFILE_GetSize
                0x000000000010def0       0x3c C:/Users/Chris/Desktop/2Q/a/devkitPro/libctru/lib\libctru.a(fs.o)
                0x000000000010def0                FSFILE_GetSize
 .text.FSFILE_SetSize
                0x000000000010df2c       0x28 C:/Users/Chris/Desktop/2Q/a/devkitPro/libctru/lib\libctru.a(fs.o)
                0x000000000010df2c                FSFILE_SetSize
 .text.FSFILE_Close
                0x000000000010df54       0x3c C:/Users/Chris/Desktop/2Q/a/devkitPro/libctru/lib\libctru.a(fs.o)
                0x000000000010df54                FSFILE_Close
 .text.FSFILE_Flush
                0x000000000010df90       0x24 C:/Users/Chris/Desktop/2Q/a/devkitPro/libctru/lib\libctru.a(fs.o)
                0x000000000010df90                FSFILE_Flush
 .text.FSDIR_Read
                0x000000000010dfb4       0x50 C:/Users/Chris/Desktop/2Q/a/devkitPro/libctru/lib\libctru.a(fs.o)
                0x000000000010dfb4                FSDIR_Read
 .text.FSDIR_Close
                0x000000000010e004       0x3c C:/Users/Chris/Desktop/2Q/a/devkitPro/libctru/lib\libctru.a(fs.o)
                0x000000000010e004                FSDIR_Close
 .text.buffer_read
                0x000000000010e040       0xc4 C:/Users/Chris/Desktop/2Q/a/devkitPro/libctru/lib\libctru.a(decompress.o)
 .text.iov_read
                0x000000000010e104       0xd0 C:/Users/Chris/Desktop/2Q/a/devkitPro/libctru/lib\libctru.a(decompress.o)
 .text.iov_memmove
                0x000000000010e1d4      0x138 C:/Users/Chris/Desktop/2Q/a/devkitPro/libctru/lib\libctru.a(decompress.o)
 .text.decompress_rle
                0x000000000010e30c      0x1dc C:/Users/Chris/Desktop/2Q/a/devkitPro/libctru/lib\libctru.a(decompress.o)
 .text.decompress_lzss
                0x000000000010e4e8      0x244 C:/Users/Chris/Desktop/2Q/a/devkitPro/libctru/lib\libctru.a(decompress.o)
 .text.decompress_lz11
                0x000000000010e72c      0x424 C:/Users/Chris/Desktop/2Q/a/devkitPro/libctru/lib\libctru.a(decompress.o)
 .text.decompress_huff
                0x000000000010eb50      0x2d8 C:/Users/Chris/Desktop/2Q/a/devkitPro/libctru/lib\libctru.a(decompress.o)
 .text.decompressCallback_Stdio
                0x000000000010ee28       0x10 C:/Users/Chris/Desktop/2Q/a/devkitPro/libctru/lib\libctru.a(decompress.o)
                0x000000000010ee28                decompressCallback_Stdio
 .text.decompressHeader
                0x000000000010ee38       0xdc C:/Users/Chris/Desktop/2Q/a/devkitPro/libctru/lib\libctru.a(decompress.o)
                0x000000000010ee38                decompressHeader
 .text.decompressV
                0x000000000010ef14      0x240 C:/Users/Chris/Desktop/2Q/a/devkitPro/libctru/lib\libctru.a(decompress.o)
                0x000000000010ef14                decompressV
 .text.rbtree_init
                0x000000000010f154       0x10 C:/Users/Chris/Desktop/2Q/a/devkitPro/libctru/lib\libctru.a(rbtree_init.o)
                0x000000000010f154                rbtree_init
 .text.do_insert
                0x000000000010f164      0x1b4 C:/Users/Chris/Desktop/2Q/a/devkitPro/libctru/lib\libctru.a(rbtree_insert.o)
 .text.rbtree_insert
                0x000000000010f318        0x8 C:/Users/Chris/Desktop/2Q/a/devkitPro/libctru/lib\libctru.a(rbtree_insert.o)
                0x000000000010f318                rbtree_insert
 .text.rbtree_rotate
                0x000000000010f320       0x90 C:/Users/Chris/Desktop/2Q/a/devkitPro/libctru/lib\libctru.a(rbtree_rotate.o)
                0x000000000010f320                rbtree_rotate
 .text.rbtree_remove
                0x000000000010f3b0      0x318 C:/Users/Chris/Desktop/2Q/a/devkitPro/libctru/lib\libctru.a(rbtree_remove.o)
                0x000000000010f3b0                rbtree_remove
 .text.rbtree_find
                0x000000000010f6c8       0x74 C:/Users/Chris/Desktop/2Q/a/devkitPro/libctru/lib\libctru.a(rbtree_find.o)
                0x000000000010f6c8                rbtree_find
 .text.utf16_to_utf8
                0x000000000010f73c       0xe8 C:/Users/Chris/Desktop/2Q/a/devkitPro/libctru/lib\libctru.a(utf16_to_utf8.o)
                0x000000000010f73c                utf16_to_utf8
 .text.decode_utf16
                0x000000000010f824       0x64 C:/Users/Chris/Desktop/2Q/a/devkitPro/libctru/lib\libctru.a(decode_utf16.o)
                0x000000000010f824                decode_utf16
 .text.utf8_to_utf16
                0x000000000010f888       0xc0 C:/Users/Chris/Desktop/2Q/a/devkitPro/libctru/lib\libctru.a(utf8_to_utf16.o)
                0x000000000010f888                utf8_to_utf16
 .text.__system_allocateHeaps
                0x000000000010f948      0x1e0 C:/Users/Chris/Desktop/2Q/a/devkitPro/libctru/lib\libctru.a(allocateHeaps.o)
                0x000000000010f948                __system_allocateHeaps
 .text.__libctru_init
                0x000000000010fb28       0x38 C:/Users/Chris/Desktop/2Q/a/devkitPro/libctru/lib\libctru.a(ctru_init.o)
                0x000000000010fb28                __libctru_init
 .text.__system_initArgv
                0x000000000010fb60      0x170 C:/Users/Chris/Desktop/2Q/a/devkitPro/libctru/lib\libctru.a(initArgv.o)
                0x000000000010fb60                __system_initArgv
 .text.svcControlMemory
                0x000000000010fcd0       0x20 C:/Users/Chris/Desktop/2Q/a/devkitPro/libctru/lib\libctru.a(svc.o)
                0x000000000010fcd0                svcControlMemory
 .text.svcQueryMemory
                0x000000000010fcf0       0x30 C:/Users/Chris/Desktop/2Q/a/devkitPro/libctru/lib\libctru.a(svc.o)
                0x000000000010fcf0                svcQueryMemory
 .text.svcExitProcess
                0x000000000010fd20        0x8 C:/Users/Chris/Desktop/2Q/a/devkitPro/libctru/lib\libctru.a(svc.o)
                0x000000000010fd20                svcExitProcess
 .text.svcCreateThread
                0x000000000010fd28       0x20 C:/Users/Chris/Desktop/2Q/a/devkitPro/libctru/lib\libctru.a(svc.o)
                0x000000000010fd28                svcCreateThread
 .text.svcExitThread
                0x000000000010fd48        0x8 C:/Users/Chris/Desktop/2Q/a/devkitPro/libctru/lib\libctru.a(svc.o)
                0x000000000010fd48                svcExitThread
 .text.svcSleepThread
                0x000000000010fd50        0x8 C:/Users/Chris/Desktop/2Q/a/devkitPro/libctru/lib\libctru.a(svc.o)
                0x000000000010fd50                svcSleepThread
 .text.svcReleaseMutex
                0x000000000010fd58        0x8 C:/Users/Chris/Desktop/2Q/a/devkitPro/libctru/lib\libctru.a(svc.o)
                0x000000000010fd58                svcReleaseMutex
 .text.svcCreateEvent
                0x000000000010fd60       0x14 C:/Users/Chris/Desktop/2Q/a/devkitPro/libctru/lib\libctru.a(svc.o)
                0x000000000010fd60                svcCreateEvent
 .text.svcSignalEvent
                0x000000000010fd74        0x8 C:/Users/Chris/Desktop/2Q/a/devkitPro/libctru/lib\libctru.a(svc.o)
                0x000000000010fd74                svcSignalEvent
 .text.svcClearEvent
                0x000000000010fd7c        0x8 C:/Users/Chris/Desktop/2Q/a/devkitPro/libctru/lib\libctru.a(svc.o)
                0x000000000010fd7c                svcClearEvent
 .text.svcMapMemoryBlock
                0x000000000010fd84        0x8 C:/Users/Chris/Desktop/2Q/a/devkitPro/libctru/lib\libctru.a(svc.o)
                0x000000000010fd84                svcMapMemoryBlock
 .text.svcUnmapMemoryBlock
                0x000000000010fd8c        0x8 C:/Users/Chris/Desktop/2Q/a/devkitPro/libctru/lib\libctru.a(svc.o)
                0x000000000010fd8c                svcUnmapMemoryBlock
 .text.svcCreateAddressArbiter
                0x000000000010fd94       0x14 C:/Users/Chris/Desktop/2Q/a/devkitPro/libctru/lib\libctru.a(svc.o)
                0x000000000010fd94                svcCreateAddressArbiter
 .text.svcArbitrateAddressNoTimeout
                0x000000000010fda8        0x8 C:/Users/Chris/Desktop/2Q/a/devkitPro/libctru/lib\libctru.a(svc.o)
                0x000000000010fda8                svcArbitrateAddressNoTimeout
 .text.svcCloseHandle
                0x000000000010fdb0        0x8 C:/Users/Chris/Desktop/2Q/a/devkitPro/libctru/lib\libctru.a(svc.o)
                0x000000000010fdb0                svcCloseHandle
 .text.svcWaitSynchronization
                0x000000000010fdb8        0x8 C:/Users/Chris/Desktop/2Q/a/devkitPro/libctru/lib\libctru.a(svc.o)
                0x000000000010fdb8                svcWaitSynchronization
 .text.svcWaitSynchronizationN
                0x000000000010fdc0       0x28 C:/Users/Chris/Desktop/2Q/a/devkitPro/libctru/lib\libctru.a(svc.o)
                0x000000000010fdc0                svcWaitSynchronizationN
 .text.svcDuplicateHandle
                0x000000000010fde8       0x14 C:/Users/Chris/Desktop/2Q/a/devkitPro/libctru/lib\libctru.a(svc.o)
                0x000000000010fde8                svcDuplicateHandle
 .text.svcGetSystemTick
                0x000000000010fdfc        0x8 C:/Users/Chris/Desktop/2Q/a/devkitPro/libctru/lib\libctru.a(svc.o)
                0x000000000010fdfc                svcGetSystemTick
 .text.svcConnectToPort
                0x000000000010fe04       0x14 C:/Users/Chris/Desktop/2Q/a/devkitPro/libctru/lib\libctru.a(svc.o)
                0x000000000010fe04                svcConnectToPort
 .text.svcSendSyncRequest
                0x000000000010fe18        0x8 C:/Users/Chris/Desktop/2Q/a/devkitPro/libctru/lib\libctru.a(svc.o)
                0x000000000010fe18                svcSendSyncRequest
 .text.svcGetResourceLimit
                0x000000000010fe20       0x14 C:/Users/Chris/Desktop/2Q/a/devkitPro/libctru/lib\libctru.a(svc.o)
                0x000000000010fe20                svcGetResourceLimit
 .text.svcGetResourceLimitLimitValues
                0x000000000010fe34        0x8 C:/Users/Chris/Desktop/2Q/a/devkitPro/libctru/lib\libctru.a(svc.o)
                0x000000000010fe34                svcGetResourceLimitLimitValues
 .text.svcGetResourceLimitCurrentValues
                0x000000000010fe3c        0x8 C:/Users/Chris/Desktop/2Q/a/devkitPro/libctru/lib\libctru.a(svc.o)
                0x000000000010fe3c                svcGetResourceLimitCurrentValues
 .text.svcBreak
                0x000000000010fe44        0x8 C:/Users/Chris/Desktop/2Q/a/devkitPro/libctru/lib\libctru.a(svc.o)
                0x000000000010fe44                svcBreak
 .text.initSystem
                0x000000000010fe4c       0x50 C:/Users/Chris/Desktop/2Q/a/devkitPro/libctru/lib\libctru.a(stack_adjust.o)
                0x000000000010fe4c                initSystem
 .text.__ctru_exit
                0x000000000010fe9c       0x18 C:/Users/Chris/Desktop/2Q/a/devkitPro/libctru/lib\libctru.a(stack_adjust.o)
                0x000000000010fe9c                __ctru_exit
 .text.__aeabi_read_tp
                0x000000000010feb4        0xc C:/Users/Chris/Desktop/2Q/a/devkitPro/libctru/lib\libctru.a(readtp.o)
                0x000000000010feb4                __aeabi_read_tp
 .text.__sync_init
                0x000000000010fec0        0xc C:/Users/Chris/Desktop/2Q/a/devkitPro/libctru/lib\libctru.a(synchronization.o)
                0x000000000010fec0                __sync_init
 .text.__sync_fini
                0x000000000010fecc       0x18 C:/Users/Chris/Desktop/2Q/a/devkitPro/libctru/lib\libctru.a(synchronization.o)
                0x000000000010fecc                __sync_fini
 .text.syncArbitrateAddress
                0x000000000010fee4       0x2c C:/Users/Chris/Desktop/2Q/a/devkitPro/libctru/lib\libctru.a(synchronization.o)
                0x000000000010fee4                syncArbitrateAddress
 .text.LightLock_Lock
                0x000000000010ff10       0xb0 C:/Users/Chris/Desktop/2Q/a/devkitPro/libctru/lib\libctru.a(synchronization.o)
                0x000000000010ff10                LightLock_Lock
 .text.LightLock_Unlock
                0x000000000010ffc0       0x40 C:/Users/Chris/Desktop/2Q/a/devkitPro/libctru/lib\libctru.a(synchronization.o)
                0x000000000010ffc0                LightLock_Unlock
 .text.RecursiveLock_Init
                0x0000000000110000       0x24 C:/Users/Chris/Desktop/2Q/a/devkitPro/libctru/lib\libctru.a(synchronization.o)
                0x0000000000110000                RecursiveLock_Init
 .text.RecursiveLock_Lock
                0x0000000000110024       0x30 C:/Users/Chris/Desktop/2Q/a/devkitPro/libctru/lib\libctru.a(synchronization.o)
                0x0000000000110024                RecursiveLock_Lock
 .text.RecursiveLock_Unlock
                0x0000000000110054       0x54 C:/Users/Chris/Desktop/2Q/a/devkitPro/libctru/lib\libctru.a(synchronization.o)
                0x0000000000110054                RecursiveLock_Unlock
 .text.LightEvent_Init
                0x00000000001100a8       0x40 C:/Users/Chris/Desktop/2Q/a/devkitPro/libctru/lib\libctru.a(synchronization.o)
                0x00000000001100a8                LightEvent_Init
 .text.LightEvent_Clear
                0x00000000001100e8       0xa4 C:/Users/Chris/Desktop/2Q/a/devkitPro/libctru/lib\libctru.a(synchronization.o)
                0x00000000001100e8                LightEvent_Clear
 .text.LightEvent_Signal
                0x000000000011018c       0xc8 C:/Users/Chris/Desktop/2Q/a/devkitPro/libctru/lib\libctru.a(synchronization.o)
                0x000000000011018c                LightEvent_Signal
 .text.LightEvent_TryWait
                0x0000000000110254       0x50 C:/Users/Chris/Desktop/2Q/a/devkitPro/libctru/lib\libctru.a(synchronization.o)
                0x0000000000110254                LightEvent_TryWait
 .text.LightEvent_Wait
                0x00000000001102a4       0xb0 C:/Users/Chris/Desktop/2Q/a/devkitPro/libctru/lib\libctru.a(synchronization.o)
                0x00000000001102a4                LightEvent_Wait
 .text.envGetHandle
                0x0000000000110354       0x84 C:/Users/Chris/Desktop/2Q/a/devkitPro/libctru/lib\libctru.a(env.o)
                0x0000000000110354                envGetHandle
 .text.envDestroyHandles
                0x00000000001103d8       0x50 C:/Users/Chris/Desktop/2Q/a/devkitPro/libctru/lib\libctru.a(env.o)
                0x00000000001103d8                envDestroyHandles
 .text.srvInit  0x0000000000110428      0x130 C:/Users/Chris/Desktop/2Q/a/devkitPro/libctru/lib\libctru.a(srv.o)
                0x0000000000110428                srvInit
 .text.srvExit  0x0000000000110558       0x58 C:/Users/Chris/Desktop/2Q/a/devkitPro/libctru/lib\libctru.a(srv.o)
                0x0000000000110558                srvExit
 .text.srvEnableNotification
                0x00000000001105b0       0x60 C:/Users/Chris/Desktop/2Q/a/devkitPro/libctru/lib\libctru.a(srv.o)
                0x00000000001105b0                srvEnableNotification
 .text.srvGetServiceHandleDirect
                0x0000000000110610       0xa0 C:/Users/Chris/Desktop/2Q/a/devkitPro/libctru/lib\libctru.a(srv.o)
                0x0000000000110610                srvGetServiceHandleDirect
 .text.srvGetServiceHandle
                0x00000000001106b0       0x38 C:/Users/Chris/Desktop/2Q/a/devkitPro/libctru/lib\libctru.a(srv.o)
                0x00000000001106b0                srvGetServiceHandle
 .text.srvSubscribe
                0x00000000001106e8       0x34 C:/Users/Chris/Desktop/2Q/a/devkitPro/libctru/lib\libctru.a(srv.o)
                0x00000000001106e8                srvSubscribe
 .text.srvReceiveNotification
                0x000000000011071c       0x60 C:/Users/Chris/Desktop/2Q/a/devkitPro/libctru/lib\libctru.a(srv.o)
                0x000000000011071c                srvReceiveNotification
 .text.srvPublishToSubscriber
                0x000000000011077c       0x38 C:/Users/Chris/Desktop/2Q/a/devkitPro/libctru/lib\libctru.a(srv.o)
                0x000000000011077c                srvPublishToSubscriber
 .text.threadCreate
                0x00000000001107b4      0x1d0 C:/Users/Chris/Desktop/2Q/a/devkitPro/libctru/lib\libctru.a(thread.o)
                0x00000000001107b4                threadCreate
 .text.threadFree
                0x0000000000110984       0x2c C:/Users/Chris/Desktop/2Q/a/devkitPro/libctru/lib\libctru.a(thread.o)
                0x0000000000110984                threadFree
 .text.threadJoin
                0x00000000001109b0       0x24 C:/Users/Chris/Desktop/2Q/a/devkitPro/libctru/lib\libctru.a(thread.o)
                0x00000000001109b0                threadJoin
 .text.threadGetCurrent
                0x00000000001109d4       0x30 C:/Users/Chris/Desktop/2Q/a/devkitPro/libctru/lib\libctru.a(thread.o)
                0x00000000001109d4                threadGetCurrent
 .text.threadExit
                0x0000000000110a04       0x40 C:/Users/Chris/Desktop/2Q/a/devkitPro/libctru/lib\libctru.a(thread.o)
                0x0000000000110a04                threadExit
 .text._thread_begin
                0x0000000000110a44       0x20 C:/Users/Chris/Desktop/2Q/a/devkitPro/libctru/lib\libctru.a(thread.o)
 .text.mappableFindAddressWithin
                0x0000000000110a64       0xb4 C:/Users/Chris/Desktop/2Q/a/devkitPro/libctru/lib\libctru.a(mappable.o)
 .text.mappableInit
                0x0000000000110b18       0x28 C:/Users/Chris/Desktop/2Q/a/devkitPro/libctru/lib\libctru.a(mappable.o)
                0x0000000000110b18                mappableInit
 .text.mappableAlloc
                0x0000000000110b40       0x80 C:/Users/Chris/Desktop/2Q/a/devkitPro/libctru/lib\libctru.a(mappable.o)
                0x0000000000110b40                mappableAlloc
 .text.mappableFree
                0x0000000000110bc0        0x4 C:/Users/Chris/Desktop/2Q/a/devkitPro/libctru/lib\libctru.a(mappable.o)
                0x0000000000110bc0                mappableFree
 .text.irrstInit
                0x0000000000110bc4      0x164 C:/Users/Chris/Desktop/2Q/a/devkitPro/libctru/lib\libctru.a(irrst.o)
                0x0000000000110bc4                irrstInit
 .text.irrstExit
                0x0000000000110d28       0xcc C:/Users/Chris/Desktop/2Q/a/devkitPro/libctru/lib\libctru.a(irrst.o)
                0x0000000000110d28                irrstExit
 .text.irrstScanInput
                0x0000000000110df4       0xb4 C:/Users/Chris/Desktop/2Q/a/devkitPro/libctru/lib\libctru.a(irrst.o)
                0x0000000000110df4                irrstScanInput
 .text.irrstKeysHeld
                0x0000000000110ea8       0x24 C:/Users/Chris/Desktop/2Q/a/devkitPro/libctru/lib\libctru.a(irrst.o)
                0x0000000000110ea8                irrstKeysHeld
 .text.srvPmGetSessionHandle
                0x0000000000110ecc        0xc C:/Users/Chris/Desktop/2Q/a/devkitPro/libctru/lib\libctru.a(srvpm.o)
                0x0000000000110ecc                srvPmGetSessionHandle
 .text.rbtree_node_next
                0x0000000000110ed8       0x5c C:/Users/Chris/Desktop/2Q/a/devkitPro/libctru/lib\libctru.a(rbtree_iterator.o)
                0x0000000000110ed8                rbtree_node_next
 .text.encode_utf16
                0x0000000000110f34       0x54 C:/Users/Chris/Desktop/2Q/a/devkitPro/libctru/lib\libctru.a(encode_utf16.o)
                0x0000000000110f34                encode_utf16
 .text.encode_utf8
                0x0000000000110f88       0xe0 C:/Users/Chris/Desktop/2Q/a/devkitPro/libctru/lib\libctru.a(encode_utf8.o)
                0x0000000000110f88                encode_utf8
 .text.decode_utf8
                0x0000000000111068      0x13c C:/Users/Chris/Desktop/2Q/a/devkitPro/libctru/lib\libctru.a(decode_utf8.o)
                0x0000000000111068                decode_utf8
 .text.__appInit
                0x00000000001111a4       0x30 C:/Users/Chris/Desktop/2Q/a/devkitPro/libctru/lib\libctru.a(appInit.o)
                0x00000000001111a4                __appInit
 .text.__syscall_getreent
                0x00000000001111d4       0x30 C:/Users/Chris/Desktop/2Q/a/devkitPro/libctru/lib\libctru.a(syscalls.o)
                0x00000000001111d4                __syscall_getreent
 .text.__syscall_gettod_r
                0x0000000000111204       0x64 C:/Users/Chris/Desktop/2Q/a/devkitPro/libctru/lib\libctru.a(syscalls.o)
                0x0000000000111204                __syscall_gettod_r
 .text.__syscall_lock_acquire
                0x0000000000111268        0x4 C:/Users/Chris/Desktop/2Q/a/devkitPro/libctru/lib\libctru.a(syscalls.o)
                0x0000000000111268                __syscall_lock_acquire
 .text.__syscall_lock_release
                0x000000000011126c        0x4 C:/Users/Chris/Desktop/2Q/a/devkitPro/libctru/lib\libctru.a(syscalls.o)
                0x000000000011126c                __syscall_lock_release
 .text.__syscall_lock_init_recursive
                0x0000000000111270        0x4 C:/Users/Chris/Desktop/2Q/a/devkitPro/libctru/lib\libctru.a(syscalls.o)
                0x0000000000111270                __syscall_lock_init_recursive
 .text.__syscall_lock_acquire_recursive
                0x0000000000111274        0x4 C:/Users/Chris/Desktop/2Q/a/devkitPro/libctru/lib\libctru.a(syscalls.o)
                0x0000000000111274                __syscall_lock_acquire_recursive
 .text.__syscall_lock_release_recursive
                0x0000000000111278        0x4 C:/Users/Chris/Desktop/2Q/a/devkitPro/libctru/lib\libctru.a(syscalls.o)
                0x0000000000111278                __syscall_lock_release_recursive
 .text.__syscall_exit
                0x000000000011127c        0x4 C:/Users/Chris/Desktop/2Q/a/devkitPro/libctru/lib\libctru.a(syscalls.o)
                0x000000000011127c                __syscall_exit
 .text.initThreadVars
                0x0000000000111280       0x50 C:/Users/Chris/Desktop/2Q/a/devkitPro/libctru/lib\libctru.a(syscalls.o)
                0x0000000000111280                initThreadVars
 .text.__system_initSyscalls
                0x00000000001112d0       0x80 C:/Users/Chris/Desktop/2Q/a/devkitPro/libctru/lib\libctru.a(syscalls.o)
                0x00000000001112d0                __system_initSyscalls
 .text.__appExit
                0x0000000000111350       0x30 C:/Users/Chris/Desktop/2Q/a/devkitPro/libctru/lib\libctru.a(appExit.o)
                0x0000000000111350                __appExit
 .text.__libctru_exit
                0x0000000000111380       0x90 C:/Users/Chris/Desktop/2Q/a/devkitPro/libctru/lib\libctru.a(ctru_exit.o)
                0x0000000000111380                __libctru_exit
 .text.archive_link
                0x0000000000111410       0x14 C:/Users/Chris/Desktop/2Q/a/devkitPro/libctru/lib\libctru.a(archive_dev.o)
 .text.archive_dirreset
                0x0000000000111424       0x14 C:/Users/Chris/Desktop/2Q/a/devkitPro/libctru/lib\libctru.a(archive_dev.o)
 .text.archive_chmod
                0x0000000000111438       0x14 C:/Users/Chris/Desktop/2Q/a/devkitPro/libctru/lib\libctru.a(archive_dev.o)
 .text.error_cmp
                0x000000000011144c       0x24 C:/Users/Chris/Desktop/2Q/a/devkitPro/libctru/lib\libctru.a(archive_dev.o)
 .text.archive_translate_error
                0x0000000000111470       0x50 C:/Users/Chris/Desktop/2Q/a/devkitPro/libctru/lib\libctru.a(archive_dev.o)
 .text.archive_seek
                0x00000000001114c0       0xc8 C:/Users/Chris/Desktop/2Q/a/devkitPro/libctru/lib\libctru.a(archive_dev.o)
 .text._archiveInit.part.0
                0x0000000000111588       0x7c C:/Users/Chris/Desktop/2Q/a/devkitPro/libctru/lib\libctru.a(archive_dev.o)
 .text.archiveFindDevice.part.0
                0x0000000000111604       0xc4 C:/Users/Chris/Desktop/2Q/a/devkitPro/libctru/lib\libctru.a(archive_dev.o)
 .text.archive_utf16path
                0x00000000001116c8      0x25c C:/Users/Chris/Desktop/2Q/a/devkitPro/libctru/lib\libctru.a(archive_dev.o)
 .text._archiveUnmountDeviceStruct.part.0
                0x0000000000111924       0xa0 C:/Users/Chris/Desktop/2Q/a/devkitPro/libctru/lib\libctru.a(archive_dev.o)
 .text.archive_fchmod
                0x00000000001119c4       0x14 C:/Users/Chris/Desktop/2Q/a/devkitPro/libctru/lib\libctru.a(archive_dev.o)
 .text.archive_statvfs
                0x00000000001119d8       0x14 C:/Users/Chris/Desktop/2Q/a/devkitPro/libctru/lib\libctru.a(archive_dev.o)
 .text._archiveMountDevice
                0x00000000001119ec      0x164 C:/Users/Chris/Desktop/2Q/a/devkitPro/libctru/lib\libctru.a(archive_dev.o)
 .text.archive_diropen
                0x0000000000111b50       0xe8 C:/Users/Chris/Desktop/2Q/a/devkitPro/libctru/lib\libctru.a(archive_dev.o)
 .text.archive_fstat
                0x0000000000111c38       0xa4 C:/Users/Chris/Desktop/2Q/a/devkitPro/libctru/lib\libctru.a(archive_dev.o)
 .text.archive_close
                0x0000000000111cdc       0x6c C:/Users/Chris/Desktop/2Q/a/devkitPro/libctru/lib\libctru.a(archive_dev.o)
 .text.archive_fsync
                0x0000000000111d48       0x6c C:/Users/Chris/Desktop/2Q/a/devkitPro/libctru/lib\libctru.a(archive_dev.o)
 .text.archive_dirclose
                0x0000000000111db4       0x70 C:/Users/Chris/Desktop/2Q/a/devkitPro/libctru/lib\libctru.a(archive_dev.o)
 .text.sdmc_statvfs
                0x0000000000111e24       0xe8 C:/Users/Chris/Desktop/2Q/a/devkitPro/libctru/lib\libctru.a(archive_dev.o)
 .text.archive_chdir
                0x0000000000111f0c       0xec C:/Users/Chris/Desktop/2Q/a/devkitPro/libctru/lib\libctru.a(archive_dev.o)
 .text.archive_ftruncate
                0x0000000000111ff8       0x7c C:/Users/Chris/Desktop/2Q/a/devkitPro/libctru/lib\libctru.a(archive_dev.o)
 .text.archive_read
                0x0000000000112074       0xac C:/Users/Chris/Desktop/2Q/a/devkitPro/libctru/lib\libctru.a(archive_dev.o)
 .text.archive_unlink
                0x0000000000112120       0xa4 C:/Users/Chris/Desktop/2Q/a/devkitPro/libctru/lib\libctru.a(archive_dev.o)
 .text.archive_rmdir
                0x00000000001121c4       0xbc C:/Users/Chris/Desktop/2Q/a/devkitPro/libctru/lib\libctru.a(archive_dev.o)
 .text.archive_mkdir
                0x0000000000112280       0xdc C:/Users/Chris/Desktop/2Q/a/devkitPro/libctru/lib\libctru.a(archive_dev.o)
 .text.archive_stat
                0x000000000011235c      0x19c C:/Users/Chris/Desktop/2Q/a/devkitPro/libctru/lib\libctru.a(archive_dev.o)
 .text.archive_dirnext
                0x00000000001124f8      0x15c C:/Users/Chris/Desktop/2Q/a/devkitPro/libctru/lib\libctru.a(archive_dev.o)
 .text.archive_write
                0x0000000000112654       0xec C:/Users/Chris/Desktop/2Q/a/devkitPro/libctru/lib\libctru.a(archive_dev.o)
 .text.archive_open
                0x0000000000112740      0x1d4 C:/Users/Chris/Desktop/2Q/a/devkitPro/libctru/lib\libctru.a(archive_dev.o)
 .text.archive_rename
                0x0000000000112914      0x278 C:/Users/Chris/Desktop/2Q/a/devkitPro/libctru/lib\libctru.a(archive_dev.o)
 .text.archiveMountSdmc
                0x0000000000112b8c      0x19c C:/Users/Chris/Desktop/2Q/a/devkitPro/libctru/lib\libctru.a(archive_dev.o)
                0x0000000000112b8c                archiveMountSdmc
 .text.archiveUnmountAll
                0x0000000000112d28       0x54 C:/Users/Chris/Desktop/2Q/a/devkitPro/libctru/lib\libctru.a(archive_dev.o)
                0x0000000000112d28                archiveUnmountAll
 *fill*         0x0000000000112d7c        0x4 
 .text.cosf     0x0000000000112d80      0x22c c:/users/chris/desktop/2q/a/devkitpro/devkitarm/bin/../lib/gcc/arm-none-eabi/12.2.0/../../../../arm-none-eabi/lib/armv6k/fpu\libm.a(lib_a-cosf.o)
                0x0000000000112d80                cosf
 .text.with_errnof
                0x0000000000112fac       0x24 c:/users/chris/desktop/2q/a/devkitpro/devkitarm/bin/../lib/gcc/arm-none-eabi/12.2.0/../../../../arm-none-eabi/lib/armv6k/fpu\libm.a(lib_a-math_errf.o)
 .text.__math_invalidf
                0x0000000000112fd0       0x1c c:/users/chris/desktop/2q/a/devkitpro/devkitarm/bin/../lib/gcc/arm-none-eabi/12.2.0/../../../../arm-none-eabi/lib/armv6k/fpu\libm.a(lib_a-math_errf.o)
                0x0000000000112fd0                __math_invalidf
 *fill*         0x0000000000112fec        0x4 
 .text.cos      0x0000000000112ff0       0xc0 c:/users/chris/desktop/2q/a/devkitpro/devkitarm/bin/../lib/gcc/arm-none-eabi/12.2.0/../../../../arm-none-eabi/lib/armv6k/fpu\libm.a(lib_a-s_cos.o)
                0x0000000000112ff0                cos
 .text.sinf     0x00000000001130b0      0x24c c:/users/chris/desktop/2q/a/devkitpro/devkitarm/bin/../lib/gcc/arm-none-eabi/12.2.0/../../../../arm-none-eabi/lib/armv6k/fpu\libm.a(lib_a-sinf.o)
                0x00000000001130b0                sinf
 *fill*         0x00000000001132fc        0x4 
 .text.sin      0x0000000000113300       0xc8 c:/users/chris/desktop/2q/a/devkitpro/devkitarm/bin/../lib/gcc/arm-none-eabi/12.2.0/../../../../arm-none-eabi/lib/armv6k/fpu\libm.a(lib_a-s_sin.o)
                0x0000000000113300                sin
 .text.__ieee754_rem_pio2
                0x00000000001133c8      0x308 c:/users/chris/desktop/2q/a/devkitpro/devkitarm/bin/../lib/gcc/arm-none-eabi/12.2.0/../../../../arm-none-eabi/lib/armv6k/fpu\libm.a(lib_a-e_rem_pio2.o)
                0x00000000001133c8                __ieee754_rem_pio2
 .text.__kernel_cos
                0x00000000001136d0      0x158 c:/users/chris/desktop/2q/a/devkitpro/devkitarm/bin/../lib/gcc/arm-none-eabi/12.2.0/../../../../arm-none-eabi/lib/armv6k/fpu\libm.a(lib_a-k_cos.o)
                0x00000000001136d0                __kernel_cos
 .text.__kernel_rem_pio2
                0x0000000000113828      0x8c0 c:/users/chris/desktop/2q/a/devkitpro/devkitarm/bin/../lib/gcc/arm-none-eabi/12.2.0/../../../../arm-none-eabi/lib/armv6k/fpu\libm.a(lib_a-k_rem_pio2.o)
                0x0000000000113828                __kernel_rem_pio2
 .text.__kernel_sin
                0x00000000001140e8       0xc0 c:/users/chris/desktop/2q/a/devkitpro/devkitarm/bin/../lib/gcc/arm-none-eabi/12.2.0/../../../../arm-none-eabi/lib/armv6k/fpu\libm.a(lib_a-k_sin.o)
                0x00000000001140e8                __kernel_sin
 .text.fabs     0x00000000001141a8       0x14 c:/users/chris/desktop/2q/a/devkitpro/devkitarm/bin/../lib/gcc/arm-none-eabi/12.2.0/../../../../arm-none-eabi/lib/armv6k/fpu\libm.a(lib_a-s_fabs.o)
                0x00000000001141a8                fabs
 *fill*         0x00000000001141bc        0x4 
 .text.floor    0x00000000001141c0      0x144 c:/users/chris/desktop/2q/a/devkitpro/devkitarm/bin/../lib/gcc/arm-none-eabi/12.2.0/../../../../arm-none-eabi/lib/armv6k/fpu\libm.a(lib_a-s_floor.o)
                0x00000000001141c0                floor
 *fill*         0x0000000000114304        0x4 
 .text.scalbn   0x0000000000114308      0x140 c:/users/chris/desktop/2q/a/devkitpro/devkitarm/bin/../lib/gcc/arm-none-eabi/12.2.0/../../../../arm-none-eabi/lib/armv6k/fpu\libm.a(lib_a-s_scalbn.o)
                0x0000000000114308                scalbn
 .text.__udivmoddi4
                0x0000000000114448      0x120 c:/users/chris/desktop/2q/a/devkitpro/devkitarm/bin/../lib/gcc/arm-none-eabi/12.2.0/armv6k/fpu\libgcc.a(_udivmoddi4.o)
                0x0000000000114448                __udivmoddi4
 .text.bsearch  0x0000000000114568       0x78 c:/users/chris/desktop/2q/a/devkitpro/devkitarm/bin/../lib/gcc/arm-none-eabi/12.2.0/../../../../arm-none-eabi/lib/armv6k/fpu\libg.a(lib_a-bsearch.o)
                0x0000000000114568                bsearch
 .text.calloc   0x00000000001145e0       0x20 c:/users/chris/desktop/2q/a/devkitpro/devkitarm/bin/../lib/gcc/arm-none-eabi/12.2.0/../../../../arm-none-eabi/lib/armv6k/fpu\libg.a(lib_a-calloc.o)
                0x00000000001145e0                calloc
 .text._calloc_r
                0x0000000000114600       0xc0 c:/users/chris/desktop/2q/a/devkitpro/devkitarm/bin/../lib/gcc/arm-none-eabi/12.2.0/../../../../arm-none-eabi/lib/armv6k/fpu\libg.a(lib_a-callocr.o)
                0x0000000000114600                _calloc_r
 .text.__errno  0x00000000001146c0        0xc c:/users/chris/desktop/2q/a/devkitpro/devkitarm/bin/../lib/gcc/arm-none-eabi/12.2.0/../../../../arm-none-eabi/lib/armv6k/fpu\libg.a(lib_a-errno.o)
                0x00000000001146c0                __errno
 .text.exit     0x00000000001146cc       0x34 c:/users/chris/desktop/2q/a/devkitpro/devkitarm/bin/../lib/gcc/arm-none-eabi/12.2.0/../../../../arm-none-eabi/lib/armv6k/fpu\libg.a(lib_a-exit.o)
                0x00000000001146cc                exit
 .text._fclose_r
                0x0000000000114700      0x15c c:/users/chris/desktop/2q/a/devkitpro/devkitarm/bin/../lib/gcc/arm-none-eabi/12.2.0/../../../../arm-none-eabi/lib/armv6k/fpu\libg.a(lib_a-fclose.o)
                0x0000000000114700                _fclose_r
 .text.fclose   0x000000000011485c       0x18 c:/users/chris/desktop/2q/a/devkitpro/devkitarm/bin/../lib/gcc/arm-none-eabi/12.2.0/../../../../arm-none-eabi/lib/armv6k/fpu\libg.a(lib_a-fclose.o)
                0x000000000011485c                fclose
 .text.__sflush_r
                0x0000000000114874      0x234 c:/users/chris/desktop/2q/a/devkitpro/devkitarm/bin/../lib/gcc/arm-none-eabi/12.2.0/../../../../arm-none-eabi/lib/armv6k/fpu\libg.a(lib_a-fflush.o)
                0x0000000000114874                __sflush_r
 .text._fflush_r
                0x0000000000114aa8       0x94 c:/users/chris/desktop/2q/a/devkitpro/devkitarm/bin/../lib/gcc/arm-none-eabi/12.2.0/../../../../arm-none-eabi/lib/armv6k/fpu\libg.a(lib_a-fflush.o)
                0x0000000000114aa8                _fflush_r
 .text.fflush   0x0000000000114b3c       0x38 c:/users/chris/desktop/2q/a/devkitpro/devkitarm/bin/../lib/gcc/arm-none-eabi/12.2.0/../../../../arm-none-eabi/lib/armv6k/fpu\libg.a(lib_a-fflush.o)
                0x0000000000114b3c                fflush
 .text._cleanup_r
                0x0000000000114b74        0xc c:/users/chris/desktop/2q/a/devkitpro/devkitarm/bin/../lib/gcc/arm-none-eabi/12.2.0/../../../../arm-none-eabi/lib/armv6k/fpu\libg.a(lib_a-findfp.o)
                0x0000000000114b74                _cleanup_r
 .text.__sinit  0x0000000000114b80      0x184 c:/users/chris/desktop/2q/a/devkitpro/devkitarm/bin/../lib/gcc/arm-none-eabi/12.2.0/../../../../arm-none-eabi/lib/armv6k/fpu\libg.a(lib_a-findfp.o)
                0x0000000000114b80                __sinit
 .text.__sfp    0x0000000000114d04      0x134 c:/users/chris/desktop/2q/a/devkitpro/devkitarm/bin/../lib/gcc/arm-none-eabi/12.2.0/../../../../arm-none-eabi/lib/armv6k/fpu\libg.a(lib_a-findfp.o)
                0x0000000000114d04                __sfp
 .text.__sfp_lock_acquire
                0x0000000000114e38        0xc c:/users/chris/desktop/2q/a/devkitpro/devkitarm/bin/../lib/gcc/arm-none-eabi/12.2.0/../../../../arm-none-eabi/lib/armv6k/fpu\libg.a(lib_a-findfp.o)
                0x0000000000114e38                __sfp_lock_acquire
 .text.__sfp_lock_release
                0x0000000000114e44        0xc c:/users/chris/desktop/2q/a/devkitpro/devkitarm/bin/../lib/gcc/arm-none-eabi/12.2.0/../../../../arm-none-eabi/lib/armv6k/fpu\libg.a(lib_a-findfp.o)
                0x0000000000114e44                __sfp_lock_release
 .text.__libc_fini_array
                0x0000000000114e50       0x3c c:/users/chris/desktop/2q/a/devkitpro/devkitarm/bin/../lib/gcc/arm-none-eabi/12.2.0/../../../../arm-none-eabi/lib/armv6k/fpu\libg.a(lib_a-fini.o)
                0x0000000000114e50                __libc_fini_array
 .text._fopen_r
                0x0000000000114e8c      0x134 c:/users/chris/desktop/2q/a/devkitpro/devkitarm/bin/../lib/gcc/arm-none-eabi/12.2.0/../../../../arm-none-eabi/lib/armv6k/fpu\libg.a(lib_a-fopen.o)
                0x0000000000114e8c                _fopen_r
 .text.fopen    0x0000000000114fc0       0x20 c:/users/chris/desktop/2q/a/devkitpro/devkitarm/bin/../lib/gcc/arm-none-eabi/12.2.0/../../../../arm-none-eabi/lib/armv6k/fpu\libg.a(lib_a-fopen.o)
                0x0000000000114fc0                fopen
 .text._fread_r
                0x0000000000114fe0      0x2d0 c:/users/chris/desktop/2q/a/devkitpro/devkitarm/bin/../lib/gcc/arm-none-eabi/12.2.0/../../../../arm-none-eabi/lib/armv6k/fpu\libg.a(lib_a-fread.o)
                0x0000000000114fe0                _fread_r
 .text.fread    0x00000000001152b0       0x38 c:/users/chris/desktop/2q/a/devkitpro/devkitarm/bin/../lib/gcc/arm-none-eabi/12.2.0/../../../../arm-none-eabi/lib/armv6k/fpu\libg.a(lib_a-fread.o)
                0x00000000001152b0                fread
 .text._malloc_trim_r
                0x00000000001152e8       0xf8 c:/users/chris/desktop/2q/a/devkitpro/devkitarm/bin/../lib/gcc/arm-none-eabi/12.2.0/../../../../arm-none-eabi/lib/armv6k/fpu\libg.a(lib_a-freer.o)
                0x00000000001152e8                _malloc_trim_r
 .text._free_r  0x00000000001153e0      0x2e8 c:/users/chris/desktop/2q/a/devkitpro/devkitarm/bin/../lib/gcc/arm-none-eabi/12.2.0/../../../../arm-none-eabi/lib/armv6k/fpu\libg.a(lib_a-freer.o)
                0x00000000001153e0                _free_r
 .text._fseek_r
                0x00000000001156c8       0x1c c:/users/chris/desktop/2q/a/devkitpro/devkitarm/bin/../lib/gcc/arm-none-eabi/12.2.0/../../../../arm-none-eabi/lib/armv6k/fpu\libg.a(lib_a-fseek.o)
                0x00000000001156c8                _fseek_r
 .text._fseeko_r
                0x00000000001156e4      0x590 c:/users/chris/desktop/2q/a/devkitpro/devkitarm/bin/../lib/gcc/arm-none-eabi/12.2.0/../../../../arm-none-eabi/lib/armv6k/fpu\libg.a(lib_a-fseeko.o)
                0x00000000001156e4                _fseeko_r
 .text._fwalk   0x0000000000115c74       0x68 c:/users/chris/desktop/2q/a/devkitpro/devkitarm/bin/../lib/gcc/arm-none-eabi/12.2.0/../../../../arm-none-eabi/lib/armv6k/fpu\libg.a(lib_a-fwalk.o)
                0x0000000000115c74                _fwalk
 .text._fwalk_reent
                0x0000000000115cdc       0x70 c:/users/chris/desktop/2q/a/devkitpro/devkitarm/bin/../lib/gcc/arm-none-eabi/12.2.0/../../../../arm-none-eabi/lib/armv6k/fpu\libg.a(lib_a-fwalk.o)
                0x0000000000115cdc                _fwalk_reent
 .text.__libc_init_array
                0x0000000000115d4c       0x84 c:/users/chris/desktop/2q/a/devkitpro/devkitarm/bin/../lib/gcc/arm-none-eabi/12.2.0/../../../../arm-none-eabi/lib/armv6k/fpu\libg.a(lib_a-init.o)
                0x0000000000115d4c                __libc_init_array
 .text.__smakebuf_r
                0x0000000000115dd0      0x138 c:/users/chris/desktop/2q/a/devkitpro/devkitarm/bin/../lib/gcc/arm-none-eabi/12.2.0/../../../../arm-none-eabi/lib/armv6k/fpu\libg.a(lib_a-makebuf.o)
                0x0000000000115dd0                __smakebuf_r
 .text.__swhatbuf_r
                0x0000000000115f08       0x8c c:/users/chris/desktop/2q/a/devkitpro/devkitarm/bin/../lib/gcc/arm-none-eabi/12.2.0/../../../../arm-none-eabi/lib/armv6k/fpu\libg.a(lib_a-makebuf.o)
                0x0000000000115f08                __swhatbuf_r
 .text.memalign
                0x0000000000115f94       0x20 c:/users/chris/desktop/2q/a/devkitpro/devkitarm/bin/../lib/gcc/arm-none-eabi/12.2.0/../../../../arm-none-eabi/lib/armv6k/fpu\libg.a(lib_a-malign.o)
                0x0000000000115f94                memalign
 .text._memalign_r
                0x0000000000115fb4      0x14c c:/users/chris/desktop/2q/a/devkitpro/devkitarm/bin/../lib/gcc/arm-none-eabi/12.2.0/../../../../arm-none-eabi/lib/armv6k/fpu\libg.a(lib_a-malignr.o)
                0x0000000000115fb4                _memalign_r
 .text.malloc   0x0000000000116100       0x18 c:/users/chris/desktop/2q/a/devkitpro/devkitarm/bin/../lib/gcc/arm-none-eabi/12.2.0/../../../../arm-none-eabi/lib/armv6k/fpu\libg.a(lib_a-malloc.o)
                0x0000000000116100                malloc
 .text.free     0x0000000000116118       0x18 c:/users/chris/desktop/2q/a/devkitpro/devkitarm/bin/../lib/gcc/arm-none-eabi/12.2.0/../../../../arm-none-eabi/lib/armv6k/fpu\libg.a(lib_a-malloc.o)
                0x0000000000116118                free
 .text._malloc_r
                0x0000000000116130      0x7e4 c:/users/chris/desktop/2q/a/devkitpro/devkitarm/bin/../lib/gcc/arm-none-eabi/12.2.0/../../../../arm-none-eabi/lib/armv6k/fpu\libg.a(lib_a-mallocr.o)
                0x0000000000116130                _malloc_r